###############################################################################
#
# IAR ELF Linker V8.22.1.15669/W32 for ARM                08/Dec/2019  11:52:31
# Copyright 2007-2018 IAR Systems AB.
#
#    Output file  =  
#        C:\Users\ncer\Desktop\Rotor\EWARM\Rotor_Code\Exe\Rotor_Code.out
#    Map file     =  
#        C:\Users\ncer\Desktop\Rotor\EWARM\Rotor_Code\List\Rotor_Code.map
#    Command line =  
#        -f C:\Users\ncer\AppData\Local\Temp\EWC9C7.tmp
#        (C:\Users\ncer\Desktop\Rotor\EWARM\Rotor_Code\Obj\adc.o
#        C:\Users\ncer\Desktop\Rotor\EWARM\Rotor_Code\Obj\cmd_fun.o
#        C:\Users\ncer\Desktop\Rotor\EWARM\Rotor_Code\Obj\command.o
#        C:\Users\ncer\Desktop\Rotor\EWARM\Rotor_Code\Obj\control.o
#        C:\Users\ncer\Desktop\Rotor\EWARM\Rotor_Code\Obj\dma.o
#        C:\Users\ncer\Desktop\Rotor\EWARM\Rotor_Code\Obj\easy_angle.o
#        C:\Users\ncer\Desktop\Rotor\EWARM\Rotor_Code\Obj\gpio.o
#        C:\Users\ncer\Desktop\Rotor\EWARM\Rotor_Code\Obj\i2c.o
#        C:\Users\ncer\Desktop\Rotor\EWARM\Rotor_Code\Obj\i2c_ext.o
#        C:\Users\ncer\Desktop\Rotor\EWARM\Rotor_Code\Obj\icm20600.o
#        C:\Users\ncer\Desktop\Rotor\EWARM\Rotor_Code\Obj\main.o
#        C:\Users\ncer\Desktop\Rotor\EWARM\Rotor_Code\Obj\nrf24l01.o
#        C:\Users\ncer\Desktop\Rotor\EWARM\Rotor_Code\Obj\pid.o
#        C:\Users\ncer\Desktop\Rotor\EWARM\Rotor_Code\Obj\spi.o
#        C:\Users\ncer\Desktop\Rotor\EWARM\Rotor_Code\Obj\startup_stm32f103xb.o
#        C:\Users\ncer\Desktop\Rotor\EWARM\Rotor_Code\Obj\stm32f1xx_hal.o
#        C:\Users\ncer\Desktop\Rotor\EWARM\Rotor_Code\Obj\stm32f1xx_hal_adc.o
#        C:\Users\ncer\Desktop\Rotor\EWARM\Rotor_Code\Obj\stm32f1xx_hal_adc_ex.o
#        C:\Users\ncer\Desktop\Rotor\EWARM\Rotor_Code\Obj\stm32f1xx_hal_cortex.o
#        C:\Users\ncer\Desktop\Rotor\EWARM\Rotor_Code\Obj\stm32f1xx_hal_dma.o
#        C:\Users\ncer\Desktop\Rotor\EWARM\Rotor_Code\Obj\stm32f1xx_hal_exti.o
#        C:\Users\ncer\Desktop\Rotor\EWARM\Rotor_Code\Obj\stm32f1xx_hal_flash.o
#        C:\Users\ncer\Desktop\Rotor\EWARM\Rotor_Code\Obj\stm32f1xx_hal_flash_ex.o
#        C:\Users\ncer\Desktop\Rotor\EWARM\Rotor_Code\Obj\stm32f1xx_hal_gpio.o
#        C:\Users\ncer\Desktop\Rotor\EWARM\Rotor_Code\Obj\stm32f1xx_hal_gpio_ex.o
#        C:\Users\ncer\Desktop\Rotor\EWARM\Rotor_Code\Obj\stm32f1xx_hal_i2c.o
#        C:\Users\ncer\Desktop\Rotor\EWARM\Rotor_Code\Obj\stm32f1xx_hal_msp.o
#        C:\Users\ncer\Desktop\Rotor\EWARM\Rotor_Code\Obj\stm32f1xx_hal_pwr.o
#        C:\Users\ncer\Desktop\Rotor\EWARM\Rotor_Code\Obj\stm32f1xx_hal_rcc.o
#        C:\Users\ncer\Desktop\Rotor\EWARM\Rotor_Code\Obj\stm32f1xx_hal_rcc_ex.o
#        C:\Users\ncer\Desktop\Rotor\EWARM\Rotor_Code\Obj\stm32f1xx_hal_spi.o
#        C:\Users\ncer\Desktop\Rotor\EWARM\Rotor_Code\Obj\stm32f1xx_hal_tim.o
#        C:\Users\ncer\Desktop\Rotor\EWARM\Rotor_Code\Obj\stm32f1xx_hal_tim_ex.o
#        C:\Users\ncer\Desktop\Rotor\EWARM\Rotor_Code\Obj\stm32f1xx_hal_uart.o
#        C:\Users\ncer\Desktop\Rotor\EWARM\Rotor_Code\Obj\stm32f1xx_it.o
#        C:\Users\ncer\Desktop\Rotor\EWARM\Rotor_Code\Obj\sys.o
#        C:\Users\ncer\Desktop\Rotor\EWARM\Rotor_Code\Obj\system_stm32f1xx.o
#        C:\Users\ncer\Desktop\Rotor\EWARM\Rotor_Code\Obj\tim.o
#        C:\Users\ncer\Desktop\Rotor\EWARM\Rotor_Code\Obj\uart_ext.o
#        C:\Users\ncer\Desktop\Rotor\EWARM\Rotor_Code\Obj\usart.o --redirect
#        _Printf=_PrintfFull --redirect _Scanf=_ScanfFull -o
#        C:\Users\ncer\Desktop\Rotor\EWARM\Rotor_Code\Exe\Rotor_Code.out --map
#        C:\Users\ncer\Desktop\Rotor\EWARM\Rotor_Code\List\Rotor_Code.map
#        --config C:\Users\ncer\Desktop\Rotor\EWARM/stm32f103xb_flash.icf
#        --semihosting --entry __iar_program_start --vfe --text_out locale)
#
###############################################################################

*******************************************************************************
*** RUNTIME MODEL ATTRIBUTES
***

CppFlavor       = *
__Heap_Handler  = DLMalloc
__SystemLibrary = DLib
__dlib_version  = 6


*******************************************************************************
*** HEAP SELECTION
***

The advanced heap was selected because the application calls memory
allocation functions outside of system library functions, and there
are calls to deallocation functions in the application.


*******************************************************************************
*** PLACEMENT SUMMARY
***

"A0":  place at 0x08000000 { ro section .intvec };
"P1":  place in [from 0x08000000 to 0x0801ffff] { ro };
define block CSTACK with size = 1K, alignment = 8 { };
define block HEAP with size = 512, alignment = 8 { };
"P2":  place in [from 0x20000000 to 0x20004fff] {
          rw, block CSTACK, block HEAP };
initialize by copy { rw };

  Section            Kind        Address    Size  Object
  -------            ----        -------    ----  ------
"A0":                                       0xec
  .intvec            ro code  0x08000000    0xec  startup_stm32f103xb.o [1]
                            - 0x080000ec    0xec

"P1":                                     0x9322
  .text              ro code  0x080000ec  0x14d4  dlmalloc.o [3]
  .text              ro code  0x080015c0     0x6  abort.o [3]
  .text              ro code  0x080015c6    0x1e  xencoding_8859_1.o [3]
  .text              ro code  0x080015e4    0x2c  xgetmemchunk.o [3]
  .text              ro code  0x08001610    0x14  exit.o [6]
  .text              ro code  0x08001624   0xf96  xprintffull.o [3]
  .text              ro code  0x080025ba    0x1a  xsnprout.o [3]
  .text              ro code  0x080025d4    0xa4  xlocale_c.o [3]
  .text              ro code  0x08002678    0x16  strchr.o [5]
  .rodata            const    0x0800268e     0x2  stm32f1xx_hal_rcc.o [1]
  .text              ro code  0x08002690    0x40  xfail_s.o [3]
  .text              ro code  0x080026d0    0x36  strlen.o [5]
  .text              ro code  0x08002708    0x58  memchr.o [5]
  .text              ro code  0x08002760     0xa  xmbcurmax.o [3]
  .text              ro code  0x0800276c    0xa6  ABImemcpy.o [5]
  .text              ro code  0x08002814   0x22e  I64DivMod.o [5]
  .text              ro code  0x08002a44   0x1a2  DblMul.o [4]
  .text              ro code  0x08002be8    0x70  frexp.o [4]
  .text              ro code  0x08002c58    0x2e  DblCmpLe.o [4]
  .text              ro code  0x08002c88    0x2e  DblCmpGe.o [4]
  .text              ro code  0x08002cb8   0x13a  ldexp.o [4]
  .text              ro code  0x08002df4    0x3a  DblToS32.o [4]
  .text              ro code  0x08002e30    0x22  S32ToDbl.o [4]
  .text              ro code  0x08002e54    0xe2  DblSub.o [4]
  .text              ro code  0x08002f38   0x246  DblDiv.o [4]
  .text              ro code  0x08003180    0x28  DblToU32.o [4]
  .text              ro code  0x080031a8    0x1a  U32ToDbl.o [4]
  .text              ro code  0x080031c4     0x2  I64DivZer.o [5]
  .text              ro code  0x080031c8   0x178  DblAdd.o [4]
  .text              ro code  0x08003340   0xae6  stm32f1xx_hal_i2c.o [1]
  .text              ro code  0x08003e28    0xd8  i2c.o [1]
  .text              ro code  0x08003f00   0x708  stm32f1xx_hal_rcc.o [1]
  .text              ro code  0x08004608     0xc  stm32f1xx_hal.o [1]
  .text              ro code  0x08004614   0x190  main.o [1]
  .text              ro code  0x080047a4     0x6  ABImemclr4.o [5]
  .text              ro code  0x080047ac   0x298  stm32f1xx_hal_gpio.o [1]
  .text              ro code  0x08004a44    0x4c  stm32f1xx_hal.o [1]
  .text              ro code  0x08004a90    0x28  stm32f1xx_hal.o [1]
  .text              ro code  0x08004ab8    0xb0  gpio.o [1]
  .text              ro code  0x08004b68    0x40  dma.o [1]
  .text              ro code  0x08004ba8    0xd0  adc.o [1]
  .text              ro code  0x08004c78    0xe8  spi.o [1]
  .text              ro code  0x08004d60   0x40e  tim.o [1]
  .text              ro code  0x08005170   0x128  usart.o [1]
  .text              ro code  0x08005298   0x194  i2c_ext.o [1]
  .text              ro code  0x0800542c   0x1ac  icm20600.o [1]
  .text              ro code  0x080055d8   0x22c  control.o [1]
  .text              ro code  0x08005804   0x37c  stm32f1xx_hal_tim.o [1]
  .text              ro code  0x08005b80   0x3f8  nrf24l01.o [1]
  .text              ro code  0x08005f78    0x28  stm32f1xx_hal.o [1]
  .text              ro code  0x08005fa0   0x1ac  uart_ext.o [1]
  .text              ro code  0x0800614c   0x124  stm32f1xx_hal_rcc_ex.o [1]
  .text              ro code  0x08006270    0x32  ABImemset48.o [5]
  .text              ro code  0x080062a4   0x154  stm32f1xx_hal_cortex.o [1]
  .text              ro code  0x080063f8    0x54  stm32f1xx_hal_msp.o [1]
  .text              ro code  0x0800644c   0x2f8  stm32f1xx_hal_adc.o [1]
  .text              ro code  0x08006744   0x726  stm32f1xx_hal_spi.o [1]
  .text              ro code  0x08006e6c    0xaa  stm32f1xx_hal_tim_ex.o [1]
  .text              ro code  0x08006f18   0x3c0  stm32f1xx_hal_dma.o [1]
  .text              ro code  0x080072d8   0x980  stm32f1xx_hal_uart.o [1]
  .text              ro code  0x08007c58     0x4  heaptramp0.o [3]
  .text              ro code  0x08007c5c    0x24  FltCmpGe.o [4]
  .text              ro code  0x08007c80    0x24  FltCmpLe.o [4]
  .text              ro code  0x08007ca4    0xfc  FltDiv.o [4]
  .text              ro code  0x08007da0    0x24  S32ToFlt.o [4]
  .text              ro code  0x08007dc4    0xd8  FltMul.o [4]
  .text              ro code  0x08007e9c    0x2a  FltToS32.o [4]
  .text              ro code  0x08007ec8    0xe2  FltAdd.o [4]
  .text              ro code  0x08007fac   0x264  cmd_fun.o [1]
  .text              ro code  0x08008210    0x3c  vsnprint.o [3]
  .text              ro code  0x0800824c   0x2a4  command.o [1]
  .text              ro code  0x080084f0     0x2  stm32f1xx_hal_uart.o [1]
  .text              ro code  0x080084f2     0x2  stm32f1xx_hal_uart.o [1]
  .text              ro code  0x080084f4     0x2  stm32f1xx_hal_uart.o [1]
  .text              ro code  0x080084f6     0x2  stm32f1xx_hal_uart.o [1]
  .text              ro code  0x080084f8    0x74  FltSub.o [4]
  .text              ro code  0x0800856c    0x48  FltToDbl.o [4]
  .text              ro code  0x080085b4    0x14  isalpha.o [3]
  .text              ro code  0x080085c8    0x2c  copy_init3.o [5]
  .text              ro code  0x080085f8   0x468  strto64.o [4]
  .text              ro code  0x08008a60    0x68  DblToFlt.o [4]
  .text              ro code  0x08008ac8   0x122  iar_Stopfx.o [3]
  .text              ro code  0x08008bec   0x1c8  iar_Stoflt.o [3]
  .text              ro code  0x08008db4   0x21c  iar_Stoxflt.o [3]
  .text              ro code  0x08008fd0    0x14  isspace.o [3]
  Initializer bytes  const    0x08008fe4    0xac  <for P2-1>
  .text              ro code  0x08009090    0x68  system_stm32f1xx.o [1]
  .text              ro code  0x080090f8    0x54  stm32f1xx_it.o [1]
  .text              ro code  0x0800914c    0x18  stm32f1xx_hal.o [1]
  .text              ro code  0x08009164    0x40  zero_init3.o [5]
  .text              ro code  0x080091a4    0x28  data_init.o [5]
  .iar.init_table    const    0x080091cc    0x24  - Linker created -
  .text              ro code  0x080091f0    0x1e  cmain.o [5]
  .text              ro code  0x0800920e     0x4  low_level_init.o [3]
  .text              ro code  0x08009212     0x4  exit.o [3]
  .text              ro code  0x08009218     0xa  cexit.o [5]
  .rodata            const    0x08009224    0x18  cmd_fun.o [1]
  .rodata            const    0x0800923c    0x14  cmd_fun.o [1]
  .rodata            const    0x08009250    0x14  cmd_fun.o [1]
  .rodata            const    0x08009264    0x14  cmd_fun.o [1]
  .rodata            const    0x08009278    0x14  command.o [1]
  .rodata            const    0x0800928c    0x10  cmd_fun.o [1]
  .rodata            const    0x0800929c    0x10  cmd_fun.o [1]
  .rodata            const    0x080092ac    0x10  main.o [1]
  .rodata            const    0x080092bc    0x10  main.o [1]
  .rodata            const    0x080092cc    0x10  stm32f1xx_hal_rcc.o [1]
  .rodata            const    0x080092dc    0x10  system_stm32f1xx.o [1]
  .text              ro code  0x080092ec    0x10  startup_stm32f103xb.o [1]
  .rodata            const    0x080092fc     0xc  cmd_fun.o [1]
  .rodata            const    0x08009308     0xc  cmd_fun.o [1]
  .rodata            const    0x08009314     0xc  cmd_fun.o [1]
  .rodata            const    0x08009320     0xc  cmd_fun.o [1]
  .text              ro code  0x0800932c     0xc  cstartup_M.o [5]
  .rodata            const    0x08009338     0x8  cmd_fun.o [1]
  .rodata            const    0x08009340     0x8  control.o [1]
  .rodata            const    0x08009348     0x8  system_stm32f1xx.o [1]
  .rodata            const    0x08009350     0x8  tim.o [1]
  .rodata            const    0x08009358     0x8  tim.o [1]
  .rodata            const    0x08009360     0x8  tim.o [1]
  .rodata            const    0x08009368     0x6  xlocale_c.o [3]
  .text              ro code  0x0800936e     0x4  startup_stm32f103xb.o [1]
  .text              ro code  0x08009372     0x4  startup_stm32f103xb.o [1]
  .text              ro code  0x08009376     0x4  startup_stm32f103xb.o [1]
  .text              ro code  0x0800937a     0x4  startup_stm32f103xb.o [1]
  .text              ro code  0x0800937e     0x4  startup_stm32f103xb.o [1]
  .text              ro code  0x08009382     0x4  startup_stm32f103xb.o [1]
  .text              ro code  0x08009386     0x4  startup_stm32f103xb.o [1]
  .text              ro code  0x0800938a     0x4  startup_stm32f103xb.o [1]
  .text              ro code  0x0800938e     0x4  startup_stm32f103xb.o [1]
  .text              ro code  0x08009392     0x4  startup_stm32f103xb.o [1]
  .text              ro code  0x08009396     0x4  startup_stm32f103xb.o [1]
  .text              ro code  0x0800939a     0x4  startup_stm32f103xb.o [1]
  .text              ro code  0x0800939e     0x4  startup_stm32f103xb.o [1]
  .text              ro code  0x080093a2     0x4  startup_stm32f103xb.o [1]
  .text              ro code  0x080093a6     0x4  startup_stm32f103xb.o [1]
  .text              ro code  0x080093aa     0x4  startup_stm32f103xb.o [1]
  .text              ro code  0x080093ae     0x4  startup_stm32f103xb.o [1]
  .text              ro code  0x080093b2     0x4  startup_stm32f103xb.o [1]
  .text              ro code  0x080093b6     0x4  startup_stm32f103xb.o [1]
  .text              ro code  0x080093ba     0x4  startup_stm32f103xb.o [1]
  .text              ro code  0x080093be     0x4  startup_stm32f103xb.o [1]
  .text              ro code  0x080093c2     0x4  startup_stm32f103xb.o [1]
  .text              ro code  0x080093c6     0x4  startup_stm32f103xb.o [1]
  .text              ro code  0x080093ca     0x4  startup_stm32f103xb.o [1]
  .text              ro code  0x080093ce     0x4  startup_stm32f103xb.o [1]
  .text              ro code  0x080093d2     0x4  startup_stm32f103xb.o [1]
  .text              ro code  0x080093d6     0x4  startup_stm32f103xb.o [1]
  .text              ro code  0x080093da     0x4  startup_stm32f103xb.o [1]
  .text              ro code  0x080093de     0x4  startup_stm32f103xb.o [1]
  .text              ro code  0x080093e2     0x4  startup_stm32f103xb.o [1]
  .text              ro code  0x080093e6     0x4  startup_stm32f103xb.o [1]
  .text              ro code  0x080093ea     0x4  startup_stm32f103xb.o [1]
  .text              ro code  0x080093ee     0x4  startup_stm32f103xb.o [1]
  .text              ro code  0x080093f2     0x4  startup_stm32f103xb.o [1]
  .text              ro code  0x080093f6     0x4  startup_stm32f103xb.o [1]
  .text              ro code  0x080093fa     0x4  startup_stm32f103xb.o [1]
  .text              ro code  0x080093fe     0x4  startup_stm32f103xb.o [1]
  .text              ro code  0x08009402     0x4  startup_stm32f103xb.o [1]
  .text              ro code  0x08009406     0x4  startup_stm32f103xb.o [1]
  .text              ro code  0x0800940a     0x4  startup_stm32f103xb.o [1]
  .rodata            const    0x0800940e     0x0  zero_init3.o [5]
  .rodata            const    0x0800940e     0x0  copy_init3.o [5]
                            - 0x0800940e  0x9322

"P2", part 1 of 3:                          0xac
  P2-1                        0x20000000    0xaa  <Init block>
    .data            inited   0x20000000     0x4  control.o [1]
    .data            inited   0x20000004     0x4  control.o [1]
    .data            inited   0x20000008    0x10  nrf24l01.o [1]
    .data            inited   0x20000018     0x8  nrf24l01.o [1]
    .data            inited   0x20000020     0x4  stm32f1xx_hal.o [1]
    .data            inited   0x20000024     0x4  system_stm32f1xx.o [1]
    .data            inited   0x20000028    0x38  xlocale_c.o [3]
    .data            inited   0x20000060    0x48  xlocale_c.o [3]
    .data            inited   0x200000a8     0x1  stm32f1xx_hal.o [1]
    .data            inited   0x200000a9     0x1  uart_ext.o [1]
                            - 0x200000aa    0xaa

"P2", part 2 of 3:                         0x6f8
  .bss               zero     0x200000ac   0x1d8  dlmalloc.o [3]
  .bss               zero     0x20000284   0x194  command.o [1]
  .bss               zero     0x20000418    0x68  uart_ext.o [1]
  .bss               zero     0x20000480    0x58  spi.o [1]
  .bss               zero     0x200004d8    0x54  i2c.o [1]
  .bss               zero     0x2000052c    0x44  tim.o [1]
  .bss               zero     0x20000570    0x44  usart.o [1]
  .bss               zero     0x200005b4    0x40  tim.o [1]
  .bss               zero     0x200005f4    0x40  tim.o [1]
  .bss               zero     0x20000634    0x40  tim.o [1]
  .bss               zero     0x20000674    0x40  usart.o [1]
  .bss               zero     0x200006b4    0x30  adc.o [1]
  .bss               zero     0x200006e4    0x20  icm20600.o [1]
  .bss               zero     0x20000704    0x20  uart_ext.o [1]
  .bss               zero     0x20000724    0x18  dlmalloc.o [3]
  .bss               zero     0x2000073c    0x10  icm20600.o [1]
  .bss               zero     0x2000074c     0xc  nrf24l01.o [1]
  .bss               zero     0x20000758     0x4  control.o [1]
  .bss               zero     0x2000075c     0x4  i2c_ext.o [1]
  .bss               zero     0x20000760     0x4  i2c_ext.o [1]
  .bss               zero     0x20000764     0x4  i2c_ext.o [1]
  .bss               zero     0x20000768     0x4  i2c_ext.o [1]
  .bss               zero     0x2000076c     0x4  i2c_ext.o [1]
  .bss               zero     0x20000770     0x4  i2c_ext.o [1]
  .bss               zero     0x20000774     0x4  nrf24l01.o [1]
  .bss               zero     0x20000778     0x4  nrf24l01.o [1]
  .bss               zero     0x2000077c     0x4  nrf24l01.o [1]
  .bss               zero     0x20000780     0x4  nrf24l01.o [1]
  .bss               zero     0x20000784     0x4  nrf24l01.o [1]
  .bss               zero     0x20000788     0x4  stm32f1xx_hal.o [1]
  .bss               zero     0x2000078c     0x4  uart_ext.o [1]
  .bss               zero     0x20000790     0x4  uart_ext.o [1]
  .bss               zero     0x20000794     0x4  xgetmemchunk.o [3]
  .bss               zero     0x20000798     0x4  xfail_s.o [3]
  .bss               zero     0x2000079c     0x1  nrf24l01.o [1]
  .bss               zero     0x2000079d     0x1  nrf24l01.o [1]
  .bss               zero     0x2000079e     0x1  uart_ext.o [1]
  .bss               zero     0x2000079f     0x1  uart_ext.o [1]
  .bss               zero     0x200007a0     0x1  uart_ext.o [1]
                            - 0x200007a1   0x6f5

"P2", part 3 of 3:                         0x600
  CSTACK                      0x200007a8   0x400  <Block>
    CSTACK           uninit   0x200007a8   0x400  <Block tail>
  HEAP                        0x20000ba8   0x200  <Block>
    HEAP             uninit   0x20000ba8   0x200  <Block tail>
                            - 0x20000da8   0x600


*******************************************************************************
*** INIT TABLE
***

          Address     Size
          -------     ----
Zero (__iar_zero_init3)
    1 destination range, total size 0x6f5:
          0x200000ac  0x6f5

Copy (__iar_copy_init3)
    1 source range, total size 0xac (101% of destination):
          0x08008fe4   0xac
    1 destination range, total size 0xaa:
          0x20000000   0xaa



*******************************************************************************
*** MODULE SUMMARY
***

    Module                  ro code  ro data  rw data
    ------                  -------  -------  -------
C:\Users\ncer\Desktop\Rotor\EWARM\Rotor_Code\Obj: [1]
    adc.o                       208                48
    cmd_fun.o                   612      172
    command.o                   676       20      404
    control.o                   556       16       12
    dma.o                        64
    gpio.o                      176
    i2c.o                       216                84
    i2c_ext.o                   404                24
    icm20600.o                  428                48
    main.o                      400       32
    nrf24l01.o                1 016       24       58
    spi.o                       232                88
    startup_stm32f103xb.o       412
    stm32f1xx_hal.o             192        5        9
    stm32f1xx_hal_adc.o         760
    stm32f1xx_hal_cortex.o      340
    stm32f1xx_hal_dma.o         960
    stm32f1xx_hal_gpio.o        664
    stm32f1xx_hal_i2c.o       2 790
    stm32f1xx_hal_msp.o          84
    stm32f1xx_hal_rcc.o       1 800       18
    stm32f1xx_hal_rcc_ex.o      292
    stm32f1xx_hal_spi.o       1 830
    stm32f1xx_hal_tim.o         892
    stm32f1xx_hal_tim_ex.o      170
    stm32f1xx_hal_uart.o      2 440
    stm32f1xx_it.o               84
    system_stm32f1xx.o          104       28        4
    tim.o                     1 038       24      260
    uart_ext.o                  428        1      148
    usart.o                     296               132
    -------------------------------------------------
    Total:                   20 564      340    1 319

command line: [2]
    -------------------------------------------------
    Total:

dl7M_tlf.a: [3]
    abort.o                       6
    dlmalloc.o                5 332               496
    exit.o                        4
    heaptramp0.o                  4
    iar_Stoflt.o                456
    iar_Stopfx.o                290
    iar_Stoxflt.o               540
    isalpha.o                    20
    isspace.o                    20
    low_level_init.o              4
    vsnprint.o                   60
    xencoding_8859_1.o           30
    xfail_s.o                    64                 4
    xgetmemchunk.o               44                 4
    xlocale_c.o                 164      134      128
    xmbcurmax.o                  10
    xprintffull.o             3 990
    xsnprout.o                   26
    -------------------------------------------------
    Total:                   11 064      134      632

m7M_tl.a: [4]
    DblAdd.o                    376
    DblCmpGe.o                   46
    DblCmpLe.o                   46
    DblDiv.o                    582
    DblMul.o                    418
    DblSub.o                    226
    DblToFlt.o                  104
    DblToS32.o                   58
    DblToU32.o                   40
    FltAdd.o                    226
    FltCmpGe.o                   36
    FltCmpLe.o                   36
    FltDiv.o                    252
    FltMul.o                    216
    FltSub.o                    116
    FltToDbl.o                   72
    FltToS32.o                   42
    S32ToDbl.o                   34
    S32ToFlt.o                   36
    U32ToDbl.o                   26
    frexp.o                     112
    ldexp.o                     314
    strto64.o                 1 128
    -------------------------------------------------
    Total:                    4 542

rt7M_tl.a: [5]
    ABImemclr4.o                  6
    ABImemcpy.o                 166
    ABImemset48.o                50
    I64DivMod.o                 558
    I64DivZer.o                   2
    cexit.o                      10
    cmain.o                      30
    copy_init3.o                 44
    cstartup_M.o                 12
    data_init.o                  40
    memchr.o                     88
    strchr.o                     22
    strlen.o                     54
    zero_init3.o                 64
    -------------------------------------------------
    Total:                    1 146

shb_l.a: [6]
    exit.o                       20
    -------------------------------------------------
    Total:                       20

    Gaps                         52        2
    Linker created                        38    1 536
-----------------------------------------------------
    Grand Total:             37 388      514    3 487


*******************************************************************************
*** ENTRY LIST
***

Entry                      Address   Size  Type      Object
-----                      -------   ----  ----      ------
.iar.init_table$$Base   0x080091cc          --   Gb  - Linker created -
.iar.init_table$$Limit  0x080091f0          --   Gb  - Linker created -
?main                   0x080091f1         Code  Gb  cmain.o [5]
ADC_ConversionStop_Disable
                        0x080066f9   0x4a  Code  Gb  stm32f1xx_hal_adc.o [1]
AHBPrescTable           0x080092dc   0x10  Data  Gb  system_stm32f1xx.o [1]
APBPrescTable           0x08009348    0x8  Data  Gb  system_stm32f1xx.o [1]
BusFault_Handler        0x080090ff    0x2  Code  Gb  stm32f1xx_it.o [1]
CE_GPIO_PIN             0x20000784    0x4  Data  Gb  nrf24l01.o [1]
CE_GPIO_PORT            0x2000077c    0x4  Data  Gb  nrf24l01.o [1]
CMD                     0x20000284  0x194  Data  Gb  command.o [1]
CONFIG_VALUE            0x2000079d    0x1  Data  Gb  nrf24l01.o [1]
CSN_GPIO_PIN            0x20000780    0x4  Data  Gb  nrf24l01.o [1]
CSN_GPIO_PORT           0x20000778    0x4  Data  Gb  nrf24l01.o [1]
CSTACK$$Base            0x200007a8          --   Gb  - Linker created -
CSTACK$$Limit           0x20000ba8          --   Gb  - Linker created -
CacheMore               0x08002609   0x24  Code  Lc  xlocale_c.o [3]
Caculate_Cnt            0x08005151   0x1e  Code  Gb  tim.o [1]
DMA1_Channel4_IRQHandler
                        0x08009111    0xa  Code  Gb  stm32f1xx_it.o [1]
DMA1_Channel5_IRQHandler
                        0x0800911b    0xa  Code  Gb  stm32f1xx_it.o [1]
DMA_SetConfig           0x080072ad   0x2c  Code  Lc  stm32f1xx_hal_dma.o [1]
DebugMon_Handler        0x08009105    0x2  Code  Gb  stm32f1xx_it.o [1]
Delay_Us                0x0800535d   0x10  Code  Gb  i2c_ext.o [1]
Dtentox                 0x08008705  0x18c  Code  Lc  strto64.o [4]
ESC_Init                0x0800564d   0x2c  Code  Gb  control.o [1]
Error_Handler           0x080047a3    0x2  Code  Gb  main.o [1]
HAL_ADC_ConfigChannel   0x08006591  0x152  Code  Gb  stm32f1xx_hal_adc.o [1]
HAL_ADC_Init            0x0800644d  0x144  Code  Gb  stm32f1xx_hal_adc.o [1]
HAL_ADC_MspInit         0x08004c0f   0x5a  Code  Gb  adc.o [1]
HAL_DMA_Abort           0x0800701b   0x4e  Code  Gb  stm32f1xx_hal_dma.o [1]
HAL_DMA_Abort_IT        0x08007069   0xb4  Code  Gb  stm32f1xx_hal_dma.o [1]
HAL_DMA_IRQHandler      0x0800711d  0x16a  Code  Gb  stm32f1xx_hal_dma.o [1]
HAL_DMA_Init            0x08006f19   0x6a  Code  Gb  stm32f1xx_hal_dma.o [1]
HAL_DMA_Start_IT        0x08006f83   0x98  Code  Gb  stm32f1xx_hal_dma.o [1]
HAL_Delay               0x08005f79   0x28  Code  Wk  stm32f1xx_hal.o [1]
HAL_GPIO_Init           0x080047ad  0x226  Code  Gb  stm32f1xx_hal_gpio.o [1]
HAL_GPIO_ReadPin        0x080049d3   0x16  Code  Gb  stm32f1xx_hal_gpio.o [1]
HAL_GPIO_WritePin       0x080049e9   0x1a  Code  Gb  stm32f1xx_hal_gpio.o [1]
HAL_GetTick             0x08004609    0xc  Code  Wk  stm32f1xx_hal.o [1]
HAL_I2C_Init            0x08003341  0x1c2  Code  Gb  stm32f1xx_hal_i2c.o [1]
HAL_I2C_Master_Receive  0x0800366d  0x308  Code  Gb  stm32f1xx_hal_i2c.o [1]
HAL_I2C_Master_Transmit
                        0x08003503  0x16a  Code  Gb  stm32f1xx_hal_i2c.o [1]
HAL_I2C_MspInit         0x08003e73   0x70  Code  Gb  i2c.o [1]
HAL_IncTick             0x0800914d   0x18  Code  Wk  stm32f1xx_hal.o [1]
HAL_Init                0x08004a91   0x22  Code  Gb  stm32f1xx_hal.o [1]
HAL_InitTick            0x08004a45   0x4c  Code  Wk  stm32f1xx_hal.o [1]
HAL_MspInit             0x080063f9   0x54  Code  Gb  stm32f1xx_hal_msp.o [1]
HAL_NVIC_EnableIRQ      0x080063bd    0xe  Code  Gb  stm32f1xx_hal_cortex.o [1]
HAL_NVIC_SetPriority    0x08006393   0x2a  Code  Gb  stm32f1xx_hal_cortex.o [1]
HAL_NVIC_SetPriorityGrouping
                        0x08006387    0xc  Code  Gb  stm32f1xx_hal_cortex.o [1]
HAL_RCCEx_PeriphCLKConfig
                        0x0800614d  0x10e  Code  Gb  stm32f1xx_hal_rcc_ex.o [1]
HAL_RCC_ClockConfig     0x08004383  0x170  Code  Gb  stm32f1xx_hal_rcc.o [1]
HAL_RCC_GetHCLKFreq     0x08004565    0x6  Code  Gb  stm32f1xx_hal_rcc.o [1]
HAL_RCC_GetPCLK1Freq    0x0800456b   0x16  Code  Gb  stm32f1xx_hal_rcc.o [1]
HAL_RCC_GetPCLK2Freq    0x08004581   0x16  Code  Gb  stm32f1xx_hal_rcc.o [1]
HAL_RCC_GetSysClockFreq
                        0x080044f3   0x72  Code  Gb  stm32f1xx_hal_rcc.o [1]
HAL_RCC_OscConfig       0x08003f01  0x482  Code  Gb  stm32f1xx_hal_rcc.o [1]
HAL_SPI_Init            0x08006745   0x8a  Code  Gb  stm32f1xx_hal_spi.o [1]
HAL_SPI_MspInit         0x08004cd7   0x76  Code  Gb  spi.o [1]
HAL_SPI_Receive         0x08006979  0x170  Code  Gb  stm32f1xx_hal_spi.o [1]
HAL_SPI_Transmit        0x080067cf  0x1aa  Code  Gb  stm32f1xx_hal_spi.o [1]
HAL_SPI_TransmitReceive
                        0x08006ae9  0x23c  Code  Gb  stm32f1xx_hal_spi.o [1]
HAL_SYSTICK_Config      0x080063cb    0xc  Code  Gb  stm32f1xx_hal_cortex.o [1]
HAL_TIMEx_ConfigBreakDeadTime
                        0x08006ebb   0x5c  Code  Gb  stm32f1xx_hal_tim_ex.o [1]
HAL_TIMEx_MasterConfigSynchronization
                        0x08006e6d   0x4e  Code  Gb  stm32f1xx_hal_tim_ex.o [1]
HAL_TIM_MspPostInit     0x08005063   0xb4  Code  Gb  tim.o [1]
HAL_TIM_PWM_ConfigChannel
                        0x08005885  0x100  Code  Gb  stm32f1xx_hal_tim.o [1]
HAL_TIM_PWM_Init        0x08005805   0x38  Code  Gb  stm32f1xx_hal_tim.o [1]
HAL_TIM_PWM_MspInit     0x08004f9f   0xc4  Code  Gb  tim.o [1]
HAL_TIM_PWM_Start       0x0800583d   0x42  Code  Gb  stm32f1xx_hal_tim.o [1]
HAL_UART_DMAStop        0x08007647   0x72  Code  Gb  stm32f1xx_hal_uart.o [1]
HAL_UART_IDLECallback   0x080060db   0x3c  Code  Gb  uart_ext.o [1]
HAL_UART_IRQHandler     0x080076b9  0x14a  Code  Gb  stm32f1xx_hal_uart.o [1]
HAL_UART_Init           0x080072d9   0x76  Code  Gb  stm32f1xx_hal_uart.o [1]
HAL_UART_MspInit        0x080051b5   0xcc  Code  Gb  usart.o [1]
HAL_UART_Receive_DMA    0x08007591   0xb6  Code  Gb  stm32f1xx_hal_uart.o [1]
HAL_UART_Receive_IT     0x08007489   0x72  Code  Gb  stm32f1xx_hal_uart.o [1]
HAL_UART_RxCpltCallback
                        0x08006075   0x66  Code  Gb  uart_ext.o [1]
HAL_UART_Transmit       0x0800734f   0xe0  Code  Gb  stm32f1xx_hal_uart.o [1]
HAL_UART_Transmit_DMA   0x080074fb   0x96  Code  Gb  stm32f1xx_hal_uart.o [1]
HAL_UART_Transmit_IT    0x0800742f   0x5a  Code  Gb  stm32f1xx_hal_uart.o [1]
HEAP$$Base              0x20000ba8          --   Gb  - Linker created -
HEAP$$Limit             0x20000da8          --   Gb  - Linker created -
HardFault_Handler       0x080090fb    0x2  Code  Gb  stm32f1xx_it.o [1]
I2C_EXT_Init            0x08005299   0x22  Code  Gb  i2c_ext.o [1]
I2C_Init_Func           0x20000770    0x4  Data  Gb  i2c_ext.o [1]
I2C_IsAcknowledgeFailed
                        0x08003def   0x38  Code  Lc  stm32f1xx_hal_i2c.o [1]
I2C_MasterRequestRead   0x08003a55  0x126  Code  Lc  stm32f1xx_hal_i2c.o [1]
I2C_MasterRequestWrite  0x08003999   0xb8  Code  Lc  stm32f1xx_hal_i2c.o [1]
I2C_Read_Buffer         0x080052bb   0x4a  Code  Gb  i2c_ext.o [1]
I2C_Reset               0x0800536d   0xa8  Code  Gb  i2c_ext.o [1]
I2C_USE                 0x2000075c    0x4  Data  Gb  i2c_ext.o [1]
I2C_WaitOnBTFFlagUntilTimeout
                        0x08003d25   0x58  Code  Lc  stm32f1xx_hal_i2c.o [1]
I2C_WaitOnFlagUntilTimeout
                        0x08003b89   0x8a  Code  Lc  stm32f1xx_hal_i2c.o [1]
I2C_WaitOnMasterAddressFlagUntilTimeout
                        0x08003c13   0xba  Code  Lc  stm32f1xx_hal_i2c.o [1]
I2C_WaitOnRXNEFlagUntilTimeout
                        0x08003d7d   0x72  Code  Lc  stm32f1xx_hal_i2c.o [1]
I2C_WaitOnTXEFlagUntilTimeout
                        0x08003ccd   0x58  Code  Lc  stm32f1xx_hal_i2c.o [1]
I2C_Write_Buffer        0x08005305   0x58  Code  Gb  i2c_ext.o [1]
L_Servor_Middle         0x20000000    0x4  Data  Gb  control.o [1]
LoadInt                 0x08001813   0x7a  Code  Lc  xprintffull.o [3]
MPU9250                 0x200006e4   0x20  Data  Gb  icm20600.o [1]
MPU9250_Init            0x08005499  0x118  Code  Gb  icm20600.o [1]
MPU9250_Setting         0x2000073c   0x10  Data  Gb  icm20600.o [1]
MX_ADC1_Init            0x08004ba9   0x66  Code  Gb  adc.o [1]
MX_DMA_Init             0x08004b69   0x40  Code  Gb  dma.o [1]
MX_GPIO_Init            0x08004ab9   0xb0  Code  Gb  gpio.o [1]
MX_I2C1_Init            0x08003e29   0x4a  Code  Gb  i2c.o [1]
MX_SPI2_Init            0x08004c79   0x5e  Code  Gb  spi.o [1]
MX_TIM1_Init            0x08004d61   0xec  Code  Gb  tim.o [1]
MX_TIM2_Init            0x08004e4d   0xb2  Code  Gb  tim.o [1]
MX_TIM3_Init            0x08004eff   0xa0  Code  Gb  tim.o [1]
MX_USART1_UART_Init     0x08005171   0x44  Code  Gb  usart.o [1]
MemManage_Handler       0x080090fd    0x2  Code  Gb  stm32f1xx_it.o [1]
NMI_Handler             0x080090f9    0x2  Code  Gb  stm32f1xx_it.o [1]
NRF_Init                0x08005d69  0x102  Code  Gb  nrf24l01.o [1]
NRF_RX_Data             0x2000074c    0xc  Data  Gb  nrf24l01.o [1]
NRF_Read_Bytes          0x08005c81   0x44  Code  Gb  nrf24l01.o [1]
NRF_Read_Reg            0x08005bc7   0x46  Code  Lc  nrf24l01.o [1]
NRF_Receive             0x08005f0b   0x46  Code  Gb  nrf24l01.o [1]
NRF_Receive_Callback    0x08005785   0x3a  Code  Gb  control.o [1]
NRF_Set_GPIO            0x08005b81   0x46  Code  Lc  nrf24l01.o [1]
NRF_Set_Mode            0x08005ee3   0x28  Code  Lc  nrf24l01.o [1]
NRF_Set_Rx_Addr         0x08005e8b   0x58  Code  Gb  nrf24l01.o [1]
NRF_Set_Tx_Addr         0x08005e6b   0x20  Code  Gb  nrf24l01.o [1]
NRF_Write_Bytes         0x08005cc5   0xa4  Code  Lc  nrf24l01.o [1]
NRF_Write_Reg           0x08005c0d   0x74  Code  Lc  nrf24l01.o [1]
NVIC_EncodePriority     0x08006315   0x42  Code  Lc  stm32f1xx_hal_cortex.o [1]
PendSV_Handler          0x08009107    0x2  Code  Gb  stm32f1xx_it.o [1]
RCC_Delay               0x08004597   0x26  Code  Lc  stm32f1xx_hal_rcc.o [1]
RX_ADDRESS              0x20000008   0x10  Data  Gb  nrf24l01.o [1]
R_Servor_Middle         0x20000004    0x4  Data  Gb  control.o [1]
Region$$Table$$Base     0x080091cc          --   Gb  - Linker created -
Region$$Table$$Limit    0x080091f0          --   Gb  - Linker created -
Rx_Mode                 0x200000a9    0x1  Data  Lc  uart_ext.o [1]
SCL_GPIO_PIN            0x20000768    0x4  Data  Gb  i2c_ext.o [1]
SCL_GPIO_PORT           0x20000760    0x4  Data  Gb  i2c_ext.o [1]
SDA_GPIO_PIN            0x2000076c    0x4  Data  Gb  i2c_ext.o [1]
SDA_GPIO_PORT           0x20000764    0x4  Data  Gb  i2c_ext.o [1]
SPI_EndRxTransaction    0x08006dc5   0x7c  Code  Lc  stm32f1xx_hal_spi.o [1]
SPI_EndRxTxTransaction  0x08006e41   0x2a  Code  Lc  stm32f1xx_hal_spi.o [1]
SPI_USE                 0x20000774    0x4  Data  Gb  nrf24l01.o [1]
SPI_WaitFlagStateUntilTimeout
                        0x08006d25   0xa0  Code  Lc  stm32f1xx_hal_spi.o [1]
STATUS_VALUE            0x2000079c    0x1  Data  Gb  nrf24l01.o [1]
SVC_Handler             0x08009103    0x2  Code  Gb  stm32f1xx_it.o [1]
Servor_Width_Limit      0x20000758    0x4  Data  Gb  control.o [1]
Servors_Init            0x080055d9   0x74  Code  Gb  control.o [1]
Set_ESC                 0x0800570f   0x76  Code  Gb  control.o [1]
Set_Servor              0x08005679   0x96  Code  Gb  control.o [1]
SysTick_Config          0x08006357   0x30  Code  Lc  stm32f1xx_hal_cortex.o [1]
SysTick_Handler         0x08009109    0x8  Code  Gb  stm32f1xx_it.o [1]
SystemClock_Config      0x0800471d   0x86  Code  Gb  main.o [1]
SystemCoreClock         0x20000024    0x4  Data  Gb  system_stm32f1xx.o [1]
SystemInit              0x08009091   0x4e  Code  Gb  system_stm32f1xx.o [1]
TIM_Base_SetConfig      0x08005985   0x64  Code  Gb  stm32f1xx_hal_tim.o [1]
TIM_CCxChannelCmd       0x08005b5d   0x24  Code  Gb  stm32f1xx_hal_tim.o [1]
TIM_OC1_SetConfig       0x080059e9   0x5a  Code  Lc  stm32f1xx_hal_tim.o [1]
TIM_OC2_SetConfig       0x08005a43   0x64  Code  Gb  stm32f1xx_hal_tim.o [1]
TIM_OC3_SetConfig       0x08005aa7   0x62  Code  Lc  stm32f1xx_hal_tim.o [1]
TIM_OC4_SetConfig       0x08005b09   0x46  Code  Lc  stm32f1xx_hal_tim.o [1]
TIM_test                0x08008003  0x110  Code  Gb  cmd_fun.o [1]
TX_ADDRESS              0x20000018    0x8  Data  Gb  nrf24l01.o [1]
Tx_Mode                 0x2000079e    0x1  Data  Lc  uart_ext.o [1]
UART_Command_Analize_And_Call
                        0x08006117   0x14  Code  Gb  uart_ext.o [1]
UART_DMAAbortOnError    0x08007999   0x16  Code  Lc  stm32f1xx_hal_uart.o [1]
UART_DMAError           0x0800789d   0x58  Code  Lc  stm32f1xx_hal_uart.o [1]
UART_DMAReceiveCplt     0x08007849   0x44  Code  Lc  stm32f1xx_hal_uart.o [1]
UART_DMARxHalfCplt      0x0800788d    0xe  Code  Lc  stm32f1xx_hal_uart.o [1]
UART_DMATransmitCplt    0x08007805   0x34  Code  Lc  stm32f1xx_hal_uart.o [1]
UART_DMATxHalfCplt      0x08007839    0xe  Code  Lc  stm32f1xx_hal_uart.o [1]
UART_EndRxTransfer      0x08007977   0x20  Code  Lc  stm32f1xx_hal_uart.o [1]
UART_EndTransmit_IT     0x08007a1f   0x20  Code  Lc  stm32f1xx_hal_uart.o [1]
UART_EndTxTransfer      0x08007963   0x14  Code  Lc  stm32f1xx_hal_uart.o [1]
UART_Receive_IT         0x08007a3f   0xae  Code  Lc  stm32f1xx_hal_uart.o [1]
UART_Send               0x08006001   0x4c  Code  Lc  uart_ext.o [1]
UART_SetConfig          0x08007aed  0x164  Code  Lc  stm32f1xx_hal_uart.o [1]
UART_Start_Receive      0x08005fa1   0x42  Code  Gb  uart_ext.o [1]
UART_Transmit_IT        0x080079b1   0x6e  Code  Lc  stm32f1xx_hal_uart.o [1]
UART_WaitOnFlagUntilTimeout
                        0x080078f5   0x6e  Code  Lc  stm32f1xx_hal_uart.o [1]
USART1_IRQHandler       0x08009125   0x1c  Code  Gb  stm32f1xx_it.o [1]
UsageFault_Handler      0x08009101    0x2  Code  Gb  stm32f1xx_it.o [1]
_Encoding_8859_1_Mbrlen
                        0x080015d9    0x2  Code  Gb  xencoding_8859_1.o [3]
_Encoding_8859_1_Wctomb
                        0x080015c7   0x12  Code  Gb  xencoding_8859_1.o [3]
_GenldFull              0x08002295  0x274  Code  Lc  xprintffull.o [3]
_LdtobFull              0x08001e69  0x3fe  Code  Lc  xprintffull.o [3]
_LitobFull              0x08001d11  0x112  Code  Lc  xprintffull.o [3]
_LocaleC_isalpha        0x080025db    0xc  Code  Gb  xlocale_c.o [3]
_LocaleC_islower        0x080025d5    0x4  Code  Gb  xlocale_c.o [3]
_LocaleC_isspace        0x080025f1   0x14  Code  Gb  xlocale_c.o [3]
_LocaleC_isupper        0x080025d9    0x2  Code  Gb  xlocale_c.o [3]
_Locale_lconv           0x20000028   0x38  Data  Lc  xlocale_c.o [3]
_PrintfFull             0x08001625  0x1d6  Code  Gb  xprintffull.o [3]
_PutcharsFull           0x08002509   0x2e  Code  Lc  xprintffull.o [3]
_PutfldFull             0x0800188d  0x2d0  Code  Lc  xprintffull.o [3]
_PutstrFull             0x08001c53   0xbe  Code  Lc  xprintffull.o [3]
_PuttxtFull             0x08001b5d   0xf6  Code  Lc  xprintffull.o [3]
_SNProut                0x080025bb   0x1a  Code  Gb  xsnprout.o [3]
__NVIC_EnableIRQ        0x080062cb   0x1e  Code  Lc  stm32f1xx_hal_cortex.o [1]
__NVIC_GetPriorityGrouping
                        0x080062c1    0xa  Code  Lc  stm32f1xx_hal_cortex.o [1]
__NVIC_SetPriority      0x080062e9   0x2c  Code  Lc  stm32f1xx_hal_cortex.o [1]
__NVIC_SetPriorityGrouping
                        0x080062a5   0x1c  Code  Lc  stm32f1xx_hal_cortex.o [1]
__aeabi_cdcmple         0x08002c59         Code  Gb  DblCmpLe.o [4]
__aeabi_cdrcmple        0x08002c89         Code  Gb  DblCmpGe.o [4]
__aeabi_cfcmple         0x08007c81         Code  Gb  FltCmpLe.o [4]
__aeabi_cfrcmple        0x08007c5d         Code  Gb  FltCmpGe.o [4]
__aeabi_d2f             0x08008a61         Code  Gb  DblToFlt.o [4]
__aeabi_d2iz            0x08002df5         Code  Gb  DblToS32.o [4]
__aeabi_d2uiz           0x08003181         Code  Gb  DblToU32.o [4]
__aeabi_dadd            0x080031c9         Code  Gb  DblAdd.o [4]
__aeabi_ddiv            0x08002f39         Code  Gb  DblDiv.o [4]
__aeabi_dmul            0x08002a45         Code  Gb  DblMul.o [4]
__aeabi_dsub            0x08002e55         Code  Gb  DblSub.o [4]
__aeabi_f2d             0x0800856d         Code  Gb  FltToDbl.o [4]
__aeabi_f2iz            0x08007e9d         Code  Gb  FltToS32.o [4]
__aeabi_fadd            0x08007ec9         Code  Gb  FltAdd.o [4]
__aeabi_fdiv            0x08007ca5         Code  Gb  FltDiv.o [4]
__aeabi_fmul            0x08007dc5         Code  Gb  FltMul.o [4]
__aeabi_i2d             0x08002e31         Code  Gb  S32ToDbl.o [4]
__aeabi_i2f             0x08007da1         Code  Gb  S32ToFlt.o [4]
__aeabi_ldiv0           0x080031c5         Code  Gb  I64DivZer.o [5]
__aeabi_memclr4         0x080047a5         Code  Gb  ABImemclr4.o [5]
__aeabi_memcpy          0x0800276d         Code  Gb  ABImemcpy.o [5]
__aeabi_memcpy4         0x0800278d         Code  Gb  ABImemcpy.o [5]
__aeabi_memcpy8         0x0800278d         Code  Gb  ABImemcpy.o [5]
__aeabi_ui2d            0x080031a9         Code  Gb  U32ToDbl.o [4]
__aeabi_uldivmod        0x08002815         Code  Gb  I64DivMod.o [5]
__cmain                 0x080091f1         Code  Gb  cmain.o [5]
__data_GetMemChunk      0x080015e5   0x2c  Code  Gb  xgetmemchunk.o [3]
__data_GetMemChunk::start
                        0x20000794    0x4  Data  Lc  xgetmemchunk.o [3]
__exit                  0x08001611   0x14  Code  Gb  exit.o [6]
__iar_Fail_s            0x08002691   0x1c  Code  Gb  xfail_s.o [3]
__iar_Mbcurmax          0x08002761    0xa  Code  Gb  xmbcurmax.o [3]
__iar_Memchr            0x08002709         Code  Gb  memchr.o [5]
__iar_Memset4_word      0x08006271         Code  Gb  ABImemset48.o [5]
__iar_Memset8_word      0x08006271         Code  Gb  ABImemset48.o [5]
__iar_Sto64             0x08008891  0x154  Code  Gb  strto64.o [4]
__iar_Stoflt            0x08008bed  0x1c8  Code  Gb  iar_Stoflt.o [3]
__iar_Stopfx            0x08008ac9  0x122  Code  Gb  iar_Stopfx.o [3]
__iar_Stoxflt           0x08008db5  0x1e6  Code  Gb  iar_Stoxflt.o [3]
__iar_Stoxflt::digits   0x08008fa0   0x18  Data  Lc  iar_Stoxflt.o [3]
__iar_Stoxflt::vals     0x08008fb8   0x18  Data  Lc  iar_Stoxflt.o [3]
__iar_Strchr            0x08002679         Code  Gb  strchr.o [5]
__iar_copy_init3        0x080085c9   0x2c  Code  Gb  copy_init3.o [5]
__iar_dadd              0x08002e65         Code  Gb  DblSub.o [4]
__iar_data_init3        0x080091a5   0x28  Code  Gb  data_init.o [5]
__iar_dlfree            0x080010c7  0x4f6  Code  Gb  dlmalloc.o [3]
__iar_dlmalloc          0x08000e11  0x2b6  Code  Gb  dlmalloc.o [3]
__iar_dsub              0x080031d9         Code  Gb  DblAdd.o [4]
__iar_dsubStart         0x080031eb         Code  Gb  DblAdd.o [4]
__iar_fadd              0x080084f9         Code  Gb  FltSub.o [4]
__iar_frexp             0x08002bf5         Code  Gb  frexp.o [4]
__iar_frexp64           0x08002be9         Code  Gb  frexp.o [4]
__iar_frexpl            0x08002bf5         Code  Gb  frexp.o [4]
__iar_fsub              0x08007ed5         Code  Gb  FltAdd.o [4]
__iar_fsubStart         0x08007ee5         Code  Gb  FltAdd.o [4]
__iar_globLocale        0x20000060   0x48  Data  Lc  xlocale_c.o [3]
__iar_global_Locale     0x08002605    0x4  Code  Gb  xlocale_c.o [3]
__iar_ldexp64           0x08002cb9         Code  Gb  ldexp.o [4]
__iar_program_start     0x0800932d         Code  Gb  cstartup_M.o [5]
__iar_scalbln64         0x08002cb9         Code  Gb  ldexp.o [4]
__iar_scalbn64          0x08002cb9         Code  Gb  ldexp.o [4]
__iar_systems$$module {Abs}
                        0x00000001         Data  Gb  command line/config [2]
__iar_zero_init3        0x08009165   0x40  Code  Gb  zero_init3.o [5]
__low_level_init        0x0800920f    0x4  Code  Gb  low_level_init.o [3]
__vector_table          0x08000000         Data  Gb  startup_stm32f103xb.o [1]
_call_main              0x080091fd         Code  Gb  cmain.o [5]
_exit                   0x08009219         Code  Gb  cexit.o [5]
_gLocale_mblen          0x08002665    0x4  Code  Gb  xlocale_c.o [3]
_gLocale_mblenInt       0x0800262d   0x34  Code  Gb  xlocale_c.o [3]
_gLocale_wctomb         0x08002669    0x4  Code  Gb  xlocale_c.o [3]
_gLocale_wctombInt      0x08002661    0x4  Code  Gb  xlocale_c.o [3]
_gm_                    0x200000ac  0x1d8  Data  Lc  dlmalloc.o [3]
_main                   0x0800920b         Code  Gb  cmain.o [5]
abort                   0x080015c1    0x6  Code  Gb  abort.o [3]
add_cmd                 0x080083f1   0x36  Code  Gb  command.o [1]
add_segment             0x080004b1  0x1f2  Code  Lc  dlmalloc.o [3]
analize                 0x08008467   0x80  Code  Gb  command.o [1]
atof                    0x08008a11    0x8  Code  Gb  strto64.o [4]
buffer_rx               0x20000704   0x20  Data  Gb  uart_ext.o [1]
buffer_rx_OK            0x200007a0    0x1  Data  Gb  uart_ext.o [1]
buffer_rx_count         0x20000790    0x4  Data  Gb  uart_ext.o [1]
buffer_rx_temp          0x2000079f    0x1  Data  Gb  uart_ext.o [1]
command_init            0x08008193   0x24  Code  Gb  cmd_fun.o [1]
compare_cmd             0x08008427   0x40  Code  Gb  command.o [1]
ddiv                    0x08008673   0x7a  Code  Lc  strto64.o [4]
debug_uart              0x2000078c    0x4  Data  Lc  uart_ext.o [1]
debug_uart_init         0x08005fe3   0x1e  Code  Gb  uart_ext.o [1]
dmul                    0x080085f9   0x7a  Code  Lc  strto64.o [4]
esc_test                0x08008145   0x4e  Code  Gb  cmd_fun.o [1]
exit                    0x08009213    0x4  Code  Gb  exit.o [3]
free                    0x08007c59    0x4  Code  Gb  heaptramp0.o [3]
frexp                   0x08002be9         Code  Gb  frexp.o [4]
frexpl                  0x08002be9         Code  Gb  frexp.o [4]
get_prams               0x0800824d  0x1a4  Code  Lc  command.o [1]
hadc1                   0x200006b4   0x30  Data  Gb  adc.o [1]
hdma_tim1_ch4_trig_com  0x2000052c   0x44  Data  Gb  tim.o [1]
hdma_usart1_rx          0x20000570   0x44  Data  Gb  usart.o [1]
hi2c1                   0x200004d8   0x54  Data  Gb  i2c.o [1]
hspi2                   0x20000480   0x58  Data  Gb  spi.o [1]
htim1                   0x200005b4   0x40  Data  Gb  tim.o [1]
htim2                   0x200005f4   0x40  Data  Gb  tim.o [1]
htim3                   0x20000634   0x40  Data  Gb  tim.o [1]
huart1                  0x20000674   0x40  Data  Gb  usart.o [1]
init_mparams            0x0800010b   0x32  Code  Lc  dlmalloc.o [3]
init_top                0x0800013d   0x32  Code  Lc  dlmalloc.o [3]
isalpha                 0x080085b5   0x14  Code  Gb  isalpha.o [3]
isspace                 0x08008fd1   0x14  Code  Gb  isspace.o [3]
ldexp                   0x08002cb9         Code  Gb  ldexp.o [4]
ldexpl                  0x08002cb9         Code  Gb  ldexp.o [4]
localeconv              0x0800266d    0x4  Code  Gb  xlocale_c.o [3]
main                    0x08004615   0xd8  Code  Gb  main.o [1]
memchr                  0x08002709         Code  Gb  memchr.o [5]
mparams                 0x20000724   0x18  Data  Lc  dlmalloc.o [3]
mpu_error_deal          0x08005451   0x1a  Code  Gb  icm20600.o [1]
mpu_read_byte           0x0800546b   0x2e  Code  Lc  icm20600.o [1]
mpu_write_byte          0x0800542d   0x24  Code  Lc  icm20600.o [1]
pows                    0x08008a18   0x48  Data  Lc  strto64.o [4]
prepend_alloc           0x0800016f  0x342  Code  Lc  dlmalloc.o [3]
scalbln                 0x08002cb9         Code  Gb  ldexp.o [4]
scalblnl                0x08002cb9         Code  Gb  ldexp.o [4]
scalbn                  0x08002cb9         Code  Gb  ldexp.o [4]
scalbnl                 0x08002cb9         Code  Gb  ldexp.o [4]
scale                   0x08001e23   0x46  Code  Lc  xprintffull.o [3]
sec_hand                0x20000798    0x4  Data  Lc  xfail_s.o [3]
segment_holding         0x080000ed   0x1e  Code  Lc  dlmalloc.o [3]
servor_test             0x08008113   0x32  Code  Gb  cmd_fun.o [1]
strchr                  0x08002679         Code  Gb  strchr.o [5]
strlen                  0x080026d1         Code  Gb  strlen.o [5]
sys_alloc               0x080006a9  0x164  Code  Lc  dlmalloc.o [3]
sys_trim                0x0800080d   0x66  Code  Lc  dlmalloc.o [3]
test                    0x08007fad   0x56  Code  Lc  cmd_fun.o [1]
tmalloc_large           0x08000881  0x384  Code  Lc  dlmalloc.o [3]
tmalloc_small           0x08000c05  0x1fe  Code  Lc  dlmalloc.o [3]
uart_buffer             0x20000418   0x68  Data  Gb  uart_ext.o [1]
uprintf                 0x0800604d   0x28  Code  Gb  uart_ext.o [1]
uwTick                  0x20000788    0x4  Data  Gb  stm32f1xx_hal.o [1]
uwTickFreq              0x200000a8    0x1  Data  Gb  stm32f1xx_hal.o [1]
uwTickPrio              0x20000020    0x4  Data  Gb  stm32f1xx_hal.o [1]
vsnprintf               0x08008211   0x3c  Code  Gb  vsnprint.o [3]


[1] = C:\Users\ncer\Desktop\Rotor\EWARM\Rotor_Code\Obj
[2] = command line
[3] = dl7M_tlf.a
[4] = m7M_tl.a
[5] = rt7M_tl.a
[6] = shb_l.a

  37 388 bytes of readonly  code memory
     514 bytes of readonly  data memory
   3 487 bytes of readwrite data memory

Errors: none
Warnings: none
