###############################################################################
#
# IAR ELF Linker V8.22.1.15669/W32 for ARM                20/Oct/2019  20:00:25
# Copyright 2007-2018 IAR Systems AB.
#
#    Output file  =  
#        C:\Users\ncer\Desktop\Rotor\EWARM\Rotor_Code\Exe\Rotor_Code.out
#    Map file     =  
#        C:\Users\ncer\Desktop\Rotor\EWARM\Rotor_Code\List\Rotor_Code.map
#    Command line =  
#        -f C:\Users\ncer\AppData\Local\Temp\EWA0A3.tmp
#        (C:\Users\ncer\Desktop\Rotor\EWARM\Rotor_Code\Obj\adc.o
#        C:\Users\ncer\Desktop\Rotor\EWARM\Rotor_Code\Obj\cmd_fun.o
#        C:\Users\ncer\Desktop\Rotor\EWARM\Rotor_Code\Obj\command.o
#        C:\Users\ncer\Desktop\Rotor\EWARM\Rotor_Code\Obj\control.o
#        C:\Users\ncer\Desktop\Rotor\EWARM\Rotor_Code\Obj\dma.o
#        C:\Users\ncer\Desktop\Rotor\EWARM\Rotor_Code\Obj\easy_angle.o
#        C:\Users\ncer\Desktop\Rotor\EWARM\Rotor_Code\Obj\gpio.o
#        C:\Users\ncer\Desktop\Rotor\EWARM\Rotor_Code\Obj\i2c.o
#        C:\Users\ncer\Desktop\Rotor\EWARM\Rotor_Code\Obj\i2c_ext.o
#        C:\Users\ncer\Desktop\Rotor\EWARM\Rotor_Code\Obj\icm20600.o
#        C:\Users\ncer\Desktop\Rotor\EWARM\Rotor_Code\Obj\main.o
#        C:\Users\ncer\Desktop\Rotor\EWARM\Rotor_Code\Obj\pid.o
#        C:\Users\ncer\Desktop\Rotor\EWARM\Rotor_Code\Obj\spi.o
#        C:\Users\ncer\Desktop\Rotor\EWARM\Rotor_Code\Obj\startup_stm32f103xb.o
#        C:\Users\ncer\Desktop\Rotor\EWARM\Rotor_Code\Obj\stm32f1xx_hal.o
#        C:\Users\ncer\Desktop\Rotor\EWARM\Rotor_Code\Obj\stm32f1xx_hal_adc.o
#        C:\Users\ncer\Desktop\Rotor\EWARM\Rotor_Code\Obj\stm32f1xx_hal_adc_ex.o
#        C:\Users\ncer\Desktop\Rotor\EWARM\Rotor_Code\Obj\stm32f1xx_hal_cortex.o
#        C:\Users\ncer\Desktop\Rotor\EWARM\Rotor_Code\Obj\stm32f1xx_hal_dma.o
#        C:\Users\ncer\Desktop\Rotor\EWARM\Rotor_Code\Obj\stm32f1xx_hal_exti.o
#        C:\Users\ncer\Desktop\Rotor\EWARM\Rotor_Code\Obj\stm32f1xx_hal_flash.o
#        C:\Users\ncer\Desktop\Rotor\EWARM\Rotor_Code\Obj\stm32f1xx_hal_flash_ex.o
#        C:\Users\ncer\Desktop\Rotor\EWARM\Rotor_Code\Obj\stm32f1xx_hal_gpio.o
#        C:\Users\ncer\Desktop\Rotor\EWARM\Rotor_Code\Obj\stm32f1xx_hal_gpio_ex.o
#        C:\Users\ncer\Desktop\Rotor\EWARM\Rotor_Code\Obj\stm32f1xx_hal_i2c.o
#        C:\Users\ncer\Desktop\Rotor\EWARM\Rotor_Code\Obj\stm32f1xx_hal_msp.o
#        C:\Users\ncer\Desktop\Rotor\EWARM\Rotor_Code\Obj\stm32f1xx_hal_pwr.o
#        C:\Users\ncer\Desktop\Rotor\EWARM\Rotor_Code\Obj\stm32f1xx_hal_rcc.o
#        C:\Users\ncer\Desktop\Rotor\EWARM\Rotor_Code\Obj\stm32f1xx_hal_rcc_ex.o
#        C:\Users\ncer\Desktop\Rotor\EWARM\Rotor_Code\Obj\stm32f1xx_hal_spi.o
#        C:\Users\ncer\Desktop\Rotor\EWARM\Rotor_Code\Obj\stm32f1xx_hal_tim.o
#        C:\Users\ncer\Desktop\Rotor\EWARM\Rotor_Code\Obj\stm32f1xx_hal_tim_ex.o
#        C:\Users\ncer\Desktop\Rotor\EWARM\Rotor_Code\Obj\stm32f1xx_hal_uart.o
#        C:\Users\ncer\Desktop\Rotor\EWARM\Rotor_Code\Obj\stm32f1xx_it.o
#        C:\Users\ncer\Desktop\Rotor\EWARM\Rotor_Code\Obj\sys.o
#        C:\Users\ncer\Desktop\Rotor\EWARM\Rotor_Code\Obj\system_stm32f1xx.o
#        C:\Users\ncer\Desktop\Rotor\EWARM\Rotor_Code\Obj\tim.o
#        C:\Users\ncer\Desktop\Rotor\EWARM\Rotor_Code\Obj\uart_ext.o
#        C:\Users\ncer\Desktop\Rotor\EWARM\Rotor_Code\Obj\usart.o --redirect
#        _Printf=_PrintfFull --redirect _Scanf=_ScanfFull -o
#        C:\Users\ncer\Desktop\Rotor\EWARM\Rotor_Code\Exe\Rotor_Code.out --map
#        C:\Users\ncer\Desktop\Rotor\EWARM\Rotor_Code\List\Rotor_Code.map
#        --config C:\Users\ncer\Desktop\Rotor\EWARM/stm32f103xb_flash.icf
#        --semihosting --entry __iar_program_start --vfe --text_out locale)
#
###############################################################################

*******************************************************************************
*** RUNTIME MODEL ATTRIBUTES
***

CppFlavor       = *
__Heap_Handler  = DLMalloc
__SystemLibrary = DLib
__dlib_version  = 6


*******************************************************************************
*** HEAP SELECTION
***

The advanced heap was selected because the application calls memory
allocation functions outside of system library functions, and there
are calls to deallocation functions in the application.


*******************************************************************************
*** PLACEMENT SUMMARY
***

"A0":  place at 0x08000000 { ro section .intvec };
"P1":  place in [from 0x08000000 to 0x0801ffff] { ro };
define block CSTACK with size = 1K, alignment = 8 { };
define block HEAP with size = 512, alignment = 8 { };
"P2":  place in [from 0x20000000 to 0x20004fff] {
          rw, block CSTACK, block HEAP };
initialize by copy { rw };

  Section            Kind        Address    Size  Object
  -------            ----        -------    ----  ------
"A0":                                       0xec
  .intvec            ro code  0x08000000    0xec  startup_stm32f103xb.o [1]
                            - 0x080000ec    0xec

"P1":                                     0x96a8
  .text              ro code  0x080000ec  0x14d4  dlmalloc.o [3]
  .text              ro code  0x080015c0     0x6  abort.o [3]
  .text              ro code  0x080015c6    0x1e  xencoding_8859_1.o [3]
  .text              ro code  0x080015e4    0x2c  xgetmemchunk.o [3]
  .text              ro code  0x08001610    0x14  exit.o [6]
  .text              ro code  0x08001624   0xf96  xprintffull.o [3]
  .text              ro code  0x080025ba    0x1a  xsnprout.o [3]
  .text              ro code  0x080025d4    0xa4  xlocale_c.o [3]
  .text              ro code  0x08002678    0x16  strchr.o [5]
  .rodata            const    0x0800268e     0x2  stm32f1xx_hal_rcc.o [1]
  .text              ro code  0x08002690    0x40  xfail_s.o [3]
  .text              ro code  0x080026d0    0x36  strlen.o [5]
  .rodata            const    0x08002706     0x2  stm32f1xx_hal_rcc_ex.o [1]
  .text              ro code  0x08002708    0x58  memchr.o [5]
  .text              ro code  0x08002760     0xa  xmbcurmax.o [3]
  .text              ro code  0x0800276c    0xa6  ABImemcpy.o [5]
  .text              ro code  0x08002814   0x22e  I64DivMod.o [5]
  .text              ro code  0x08002a44   0x1a2  DblMul.o [4]
  .text              ro code  0x08002be8    0x70  frexp.o [4]
  .text              ro code  0x08002c58    0x2e  DblCmpLe.o [4]
  .text              ro code  0x08002c88    0x2e  DblCmpGe.o [4]
  .text              ro code  0x08002cb8   0x13a  ldexp.o [4]
  .text              ro code  0x08002df4    0x3a  DblToS32.o [4]
  .text              ro code  0x08002e30    0x22  S32ToDbl.o [4]
  .text              ro code  0x08002e54    0xe2  DblSub.o [4]
  .text              ro code  0x08002f38   0x246  DblDiv.o [4]
  .text              ro code  0x08003180    0x28  DblToU32.o [4]
  .text              ro code  0x080031a8    0x1a  U32ToDbl.o [4]
  .text              ro code  0x080031c4     0x2  I64DivZer.o [5]
  .text              ro code  0x080031c8   0x178  DblAdd.o [4]
  .text              ro code  0x08003340   0xae6  stm32f1xx_hal_i2c.o [1]
  .text              ro code  0x08003e28    0xd8  i2c.o [1]
  .text              ro code  0x08003f00   0x708  stm32f1xx_hal_rcc.o [1]
  .text              ro code  0x08004608     0xc  stm32f1xx_hal.o [1]
  .text              ro code  0x08004614   0x150  main.o [1]
  .text              ro code  0x08004764     0x6  ABImemclr4.o [5]
  .text              ro code  0x0800476c   0x298  stm32f1xx_hal_gpio.o [1]
  .text              ro code  0x08004a04    0x4c  stm32f1xx_hal.o [1]
  .text              ro code  0x08004a50    0x28  stm32f1xx_hal.o [1]
  .text              ro code  0x08004a78    0xb0  gpio.o [1]
  .text              ro code  0x08004b28    0x40  dma.o [1]
  .text              ro code  0x08004b68    0xd0  adc.o [1]
  .text              ro code  0x08004c38    0xe8  spi.o [1]
  .text              ro code  0x08004d20   0x40e  tim.o [1]
  .text              ro code  0x08005130   0x128  usart.o [1]
  .text              ro code  0x08005258   0x194  i2c_ext.o [1]
  .text              ro code  0x080053ec   0x288  icm20600.o [1]
  .text              ro code  0x08005674   0x5b4  control.o [1]
  .text              ro code  0x08005c28   0x37c  stm32f1xx_hal_tim.o [1]
  .text              ro code  0x08005fa4    0x28  stm32f1xx_hal.o [1]
  .text              ro code  0x08005fcc   0x22c  uart_ext.o [1]
  .text              ro code  0x080061f8   0x240  stm32f1xx_hal_rcc_ex.o [1]
  .text              ro code  0x08006438    0x32  ABImemset48.o [5]
  .text              ro code  0x0800646c   0x154  stm32f1xx_hal_cortex.o [1]
  .text              ro code  0x080065c0    0x54  stm32f1xx_hal_msp.o [1]
  .text              ro code  0x08006614   0x61c  stm32f1xx_hal_adc.o [1]
  .text              ro code  0x08006c30    0x8a  stm32f1xx_hal_spi.o [1]
  .text              ro code  0x08006cbc    0xaa  stm32f1xx_hal_tim_ex.o [1]
  .text              ro code  0x08006d68   0x3c0  stm32f1xx_hal_dma.o [1]
  .text              ro code  0x08007128   0x980  stm32f1xx_hal_uart.o [1]
  .text              ro code  0x08007aa8     0x4  heaptramp0.o [3]
  .text              ro code  0x08007aac    0x24  S32ToFlt.o [4]
  .text              ro code  0x08007ad0    0xd8  FltMul.o [4]
  .text              ro code  0x08007ba8    0xfc  FltDiv.o [4]
  .text              ro code  0x08007ca4    0x1c  U32ToFlt.o [4]
  .text              ro code  0x08007cc0    0x24  FltCmpGe.o [4]
  .text              ro code  0x08007ce4    0x24  FltCmpLe.o [4]
  .text              ro code  0x08007d08    0x2a  FltToS32.o [4]
  .text              ro code  0x08007d34    0xe2  FltAdd.o [4]
  .text              ro code  0x08007e18   0x194  easy_angle.o [1]
  .text              ro code  0x08007fac    0xa8  pid.o [1]
  .text              ro code  0x08008054    0x80  FltSub.o [4]
  .text              ro code  0x080080d4    0x74  sqrtf.o [4]
  .text              ro code  0x08008148    0xd4  atan2_32.o [4]
  .text              ro code  0x0800821c   0x248  cmd_fun.o [1]
  .text              ro code  0x08008464    0x3c  vsnprint.o [3]
  .text              ro code  0x080084a0   0x2a4  command.o [1]
  .text              ro code  0x08008744     0x2  stm32f1xx_hal_uart.o [1]
  .text              ro code  0x08008746     0x2  stm32f1xx_hal_uart.o [1]
  .text              ro code  0x08008748     0x2  stm32f1xx_hal_uart.o [1]
  .text              ro code  0x0800874a     0x2  stm32f1xx_hal_uart.o [1]
  .text              ro code  0x0800874c    0x48  FltToDbl.o [4]
  .text              ro code  0x08008794    0x98  acos32.o [4]
  .text              ro code  0x0800882c    0x68  DblToFlt.o [4]
  .text              ro code  0x08008894   0x120  iar_Atan32.o [4]
  .text              ro code  0x080089b4    0x14  isalpha.o [3]
  .rodata            const    0x080089c8    0x14  cmd_fun.o [1]
  .text              ro code  0x080089e0   0x468  strto64.o [4]
  .text              ro code  0x08008e48   0x122  iar_Stopfx.o [3]
  .text              ro code  0x08008f6c   0x1c8  iar_Stoflt.o [3]
  .text              ro code  0x08009134   0x21c  iar_Stoxflt.o [3]
  .text              ro code  0x08009350    0x14  isspace.o [3]
  .text              ro code  0x08009364    0x68  system_stm32f1xx.o [1]
  .text              ro code  0x080093cc    0x54  stm32f1xx_it.o [1]
  .text              ro code  0x08009420    0x18  stm32f1xx_hal.o [1]
  .text              ro code  0x08009438    0x40  zero_init3.o [5]
  .text              ro code  0x08009478    0x38  packbits_init_single.o [5]
  .text              ro code  0x080094b0    0x28  data_init.o [5]
  .iar.init_table    const    0x080094d8    0x20  - Linker created -
  .text              ro code  0x080094f8    0x1e  cmain.o [5]
  .text              ro code  0x08009516     0x4  low_level_init.o [3]
  .text              ro code  0x0800951a     0x4  exit.o [3]
  .text              ro code  0x08009520     0xa  cexit.o [5]
  .rodata            const    0x0800952c    0x18  cmd_fun.o [1]
  .rodata            const    0x08009544    0x14  cmd_fun.o [1]
  .rodata            const    0x08009558    0x14  cmd_fun.o [1]
  .rodata            const    0x0800956c    0x14  command.o [1]
  .rodata            const    0x08009580    0x10  cmd_fun.o [1]
  .rodata            const    0x08009590    0x10  cmd_fun.o [1]
  .rodata            const    0x080095a0    0x10  main.o [1]
  .rodata            const    0x080095b0    0x10  stm32f1xx_hal_rcc.o [1]
  .rodata            const    0x080095c0    0x10  stm32f1xx_hal_rcc_ex.o [1]
  .rodata            const    0x080095d0    0x10  system_stm32f1xx.o [1]
  .text              ro code  0x080095e0    0x10  startup_stm32f103xb.o [1]
  .rodata            const    0x080095f0     0xc  cmd_fun.o [1]
  .rodata            const    0x080095fc     0xc  cmd_fun.o [1]
  .rodata            const    0x08009608     0xc  cmd_fun.o [1]
  .rodata            const    0x08009614     0xc  cmd_fun.o [1]
  .text              ro code  0x08009620     0xc  cstartup_M.o [5]
  .rodata            const    0x0800962c     0x8  cmd_fun.o [1]
  .rodata            const    0x08009634     0x8  system_stm32f1xx.o [1]
  .rodata            const    0x0800963c     0x8  tim.o [1]
  .rodata            const    0x08009644     0x8  tim.o [1]
  .rodata            const    0x0800964c     0x8  tim.o [1]
  .rodata            const    0x08009654     0x6  xlocale_c.o [3]
  .text              ro code  0x0800965a     0x4  startup_stm32f103xb.o [1]
  .text              ro code  0x0800965e     0x4  startup_stm32f103xb.o [1]
  .text              ro code  0x08009662     0x4  startup_stm32f103xb.o [1]
  .text              ro code  0x08009666     0x4  startup_stm32f103xb.o [1]
  .text              ro code  0x0800966a     0x4  startup_stm32f103xb.o [1]
  .text              ro code  0x0800966e     0x4  startup_stm32f103xb.o [1]
  .text              ro code  0x08009672     0x4  startup_stm32f103xb.o [1]
  .text              ro code  0x08009676     0x4  startup_stm32f103xb.o [1]
  .text              ro code  0x0800967a     0x4  startup_stm32f103xb.o [1]
  .text              ro code  0x0800967e     0x4  startup_stm32f103xb.o [1]
  .text              ro code  0x08009682     0x4  startup_stm32f103xb.o [1]
  .text              ro code  0x08009686     0x4  startup_stm32f103xb.o [1]
  .text              ro code  0x0800968a     0x4  startup_stm32f103xb.o [1]
  .text              ro code  0x0800968e     0x4  startup_stm32f103xb.o [1]
  .text              ro code  0x08009692     0x4  startup_stm32f103xb.o [1]
  .text              ro code  0x08009696     0x4  startup_stm32f103xb.o [1]
  .text              ro code  0x0800969a     0x4  startup_stm32f103xb.o [1]
  .text              ro code  0x0800969e     0x4  startup_stm32f103xb.o [1]
  .text              ro code  0x080096a2     0x4  startup_stm32f103xb.o [1]
  .text              ro code  0x080096a6     0x4  startup_stm32f103xb.o [1]
  .text              ro code  0x080096aa     0x4  startup_stm32f103xb.o [1]
  .text              ro code  0x080096ae     0x4  startup_stm32f103xb.o [1]
  .text              ro code  0x080096b2     0x4  startup_stm32f103xb.o [1]
  .text              ro code  0x080096b6     0x4  startup_stm32f103xb.o [1]
  .text              ro code  0x080096ba     0x4  startup_stm32f103xb.o [1]
  .text              ro code  0x080096be     0x4  startup_stm32f103xb.o [1]
  .text              ro code  0x080096c2     0x4  startup_stm32f103xb.o [1]
  .text              ro code  0x080096c6     0x4  startup_stm32f103xb.o [1]
  .text              ro code  0x080096ca     0x4  startup_stm32f103xb.o [1]
  .text              ro code  0x080096ce     0x4  startup_stm32f103xb.o [1]
  .text              ro code  0x080096d2     0x4  startup_stm32f103xb.o [1]
  .text              ro code  0x080096d6     0x4  startup_stm32f103xb.o [1]
  .text              ro code  0x080096da     0x4  startup_stm32f103xb.o [1]
  .text              ro code  0x080096de     0x4  startup_stm32f103xb.o [1]
  .text              ro code  0x080096e2     0x4  startup_stm32f103xb.o [1]
  .text              ro code  0x080096e6     0x4  startup_stm32f103xb.o [1]
  .text              ro code  0x080096ea     0x4  startup_stm32f103xb.o [1]
  .text              ro code  0x080096ee     0x4  startup_stm32f103xb.o [1]
  .text              ro code  0x080096f2     0x4  startup_stm32f103xb.o [1]
  .text              ro code  0x080096f6     0x4  startup_stm32f103xb.o [1]
  .rodata            const    0x080096fa     0x0  zero_init3.o [5]
  .rodata            const    0x080096fa     0x0  packbits_init_single.o [5]
  Initializer bytes  const    0x080096fa    0x9a  <for P2-1>
                            - 0x08009794  0x96a8

"P2", part 1 of 3:                          0xda
  P2-1                        0x20000000    0xda  <Init block>
    .data            inited   0x20000000     0x4  control.o [1]
    .data            inited   0x20000004     0x4  control.o [1]
    .data            inited   0x20000008     0x4  control.o [1]
    .data            inited   0x2000000c    0x20  control.o [1]
    .data            inited   0x2000002c     0xc  easy_angle.o [1]
    .data            inited   0x20000038     0x4  stm32f1xx_hal.o [1]
    .data            inited   0x2000003c     0x4  system_stm32f1xx.o [1]
    .data            inited   0x20000040    0x18  uart_ext.o [1]
    .data            inited   0x20000058    0x38  xlocale_c.o [3]
    .data            inited   0x20000090    0x48  xlocale_c.o [3]
    .data            inited   0x200000d8     0x1  stm32f1xx_hal.o [1]
    .data            inited   0x200000d9     0x1  uart_ext.o [1]
                            - 0x200000da    0xda

"P2", part 2 of 3:                         0x718
  .bss               zero     0x200000dc   0x1d8  dlmalloc.o [3]
  .bss               zero     0x200002b4   0x194  command.o [1]
  .bss               zero     0x20000448    0x68  uart_ext.o [1]
  .bss               zero     0x200004b0    0x58  spi.o [1]
  .bss               zero     0x20000508    0x54  i2c.o [1]
  .bss               zero     0x2000055c    0x44  tim.o [1]
  .bss               zero     0x200005a0    0x44  usart.o [1]
  .bss               zero     0x200005e4    0x40  tim.o [1]
  .bss               zero     0x20000624    0x40  tim.o [1]
  .bss               zero     0x20000664    0x40  tim.o [1]
  .bss               zero     0x200006a4    0x40  usart.o [1]
  .bss               zero     0x200006e4    0x30  adc.o [1]
  .bss               zero     0x20000714    0x20  icm20600.o [1]
  .bss               zero     0x20000734    0x20  uart_ext.o [1]
  .bss               zero     0x20000754    0x18  dlmalloc.o [3]
  .bss               zero     0x2000076c    0x10  icm20600.o [1]
  .bss               zero     0x2000077c     0xc  control.o [1]
  .bss               zero     0x20000788     0xc  control.o [1]
  .bss               zero     0x20000794     0xc  control.o [1]
  .bss               zero     0x200007a0     0x8  control.o [1]
  .bss               zero     0x200007a8     0x8  control.o [1]
  .bss               zero     0x200007b0     0x4  control.o [1]
  .bss               zero     0x200007b4     0x4  control.o [1]
  .bss               zero     0x200007b8     0x4  control.o [1]
  .bss               zero     0x200007bc     0x4  control.o [1]
  .bss               zero     0x200007c0     0x4  control.o [1]
  .bss               zero     0x200007c4     0x4  i2c_ext.o [1]
  .bss               zero     0x200007c8     0x4  i2c_ext.o [1]
  .bss               zero     0x200007cc     0x4  i2c_ext.o [1]
  .bss               zero     0x200007d0     0x4  i2c_ext.o [1]
  .bss               zero     0x200007d4     0x4  i2c_ext.o [1]
  .bss               zero     0x200007d8     0x4  i2c_ext.o [1]
  .bss               zero     0x200007dc     0x4  stm32f1xx_hal.o [1]
  .bss               zero     0x200007e0     0x4  uart_ext.o [1]
  .bss               zero     0x200007e4     0x4  uart_ext.o [1]
  .bss               zero     0x200007e8     0x4  xgetmemchunk.o [3]
  .bss               zero     0x200007ec     0x4  xfail_s.o [3]
  .bss               zero     0x200007f0     0x1  uart_ext.o [1]
  .bss               zero     0x200007f1     0x1  uart_ext.o [1]
  .bss               zero     0x200007f2     0x1  uart_ext.o [1]
                            - 0x200007f3   0x717

"P2", part 3 of 3:                         0x600
  CSTACK                      0x200007f8   0x400  <Block>
    CSTACK           uninit   0x200007f8   0x400  <Block tail>
  HEAP                        0x20000bf8   0x200  <Block>
    HEAP             uninit   0x20000bf8   0x200  <Block tail>
                            - 0x20000df8   0x600


*******************************************************************************
*** INIT TABLE
***

          Address     Size
          -------     ----
Zero (__iar_zero_init3)
    1 destination range, total size 0x717:
          0x200000dc  0x717

Copy/packbits (__iar_packbits_init_single3)
    1 source range, total size 0x9a (70% of destination):
          0x080096fa   0x9a
    1 destination range, total size 0xda:
          0x20000000   0xda



*******************************************************************************
*** MODULE SUMMARY
***

    Module                  ro code  ro data  rw data
    ------                  -------  -------  -------
C:\Users\ncer\Desktop\Rotor\EWARM\Rotor_Code\Obj: [1]
    adc.o                       208                48
    cmd_fun.o                   584      172
    command.o                   676       20      404
    control.o                 1 460       31      116
    dma.o                        64
    easy_angle.o                404        8       12
    gpio.o                      176
    i2c.o                       216                84
    i2c_ext.o                   404                24
    icm20600.o                  648                48
    main.o                      336       16
    pid.o                       168
    spi.o                       232                88
    startup_stm32f103xb.o       412
    stm32f1xx_hal.o             192        4        9
    stm32f1xx_hal_adc.o       1 564
    stm32f1xx_hal_cortex.o      340
    stm32f1xx_hal_dma.o         960
    stm32f1xx_hal_gpio.o        664
    stm32f1xx_hal_i2c.o       2 790
    stm32f1xx_hal_msp.o          84
    stm32f1xx_hal_rcc.o       1 800       18
    stm32f1xx_hal_rcc_ex.o      576       18
    stm32f1xx_hal_spi.o         138
    stm32f1xx_hal_tim.o         892
    stm32f1xx_hal_tim_ex.o      170
    stm32f1xx_hal_uart.o      2 440
    stm32f1xx_it.o               84
    system_stm32f1xx.o          104       27        4
    tim.o                     1 038       24      260
    uart_ext.o                  556       18      172
    usart.o                     296               132
    -------------------------------------------------
    Total:                   20 676      356    1 401

command line: [2]
    -------------------------------------------------
    Total:

dl7M_tlf.a: [3]
    abort.o                       6
    dlmalloc.o                5 332               496
    exit.o                        4
    heaptramp0.o                  4
    iar_Stoflt.o                456
    iar_Stopfx.o                290
    iar_Stoxflt.o               540
    isalpha.o                    20
    isspace.o                    20
    low_level_init.o              4
    vsnprint.o                   60
    xencoding_8859_1.o           30
    xfail_s.o                    64                 4
    xgetmemchunk.o               44                 4
    xlocale_c.o                 164       96      128
    xmbcurmax.o                  10
    xprintffull.o             3 990
    xsnprout.o                   26
    -------------------------------------------------
    Total:                   11 064       96      632

m7M_tl.a: [4]
    DblAdd.o                    376
    DblCmpGe.o                   46
    DblCmpLe.o                   46
    DblDiv.o                    582
    DblMul.o                    418
    DblSub.o                    226
    DblToFlt.o                  104
    DblToS32.o                   58
    DblToU32.o                   40
    FltAdd.o                    226
    FltCmpGe.o                   36
    FltCmpLe.o                   36
    FltDiv.o                    252
    FltMul.o                    216
    FltSub.o                    128
    FltToDbl.o                   72
    FltToS32.o                   42
    S32ToDbl.o                   34
    S32ToFlt.o                   36
    U32ToDbl.o                   26
    U32ToFlt.o                   28
    acos32.o                    152
    atan2_32.o                  212
    frexp.o                     112
    iar_Atan32.o                288
    ldexp.o                     314
    sqrtf.o                     116
    strto64.o                 1 128
    -------------------------------------------------
    Total:                    5 350

rt7M_tl.a: [5]
    ABImemclr4.o                  6
    ABImemcpy.o                 166
    ABImemset48.o                50
    I64DivMod.o                 558
    I64DivZer.o                   2
    cexit.o                      10
    cmain.o                      30
    cstartup_M.o                 12
    data_init.o                  40
    memchr.o                     88
    packbits_init_single.o       56
    strchr.o                     22
    strlen.o                     54
    zero_init3.o                 64
    -------------------------------------------------
    Total:                    1 158

shb_l.a: [6]
    exit.o                       20
    -------------------------------------------------
    Total:                       20

    Gaps                         50        2
    Linker created                        32    1 536
-----------------------------------------------------
    Grand Total:             38 318      486    3 569


*******************************************************************************
*** ENTRY LIST
***

Entry                      Address   Size  Type      Object
-----                      -------   ----  ----      ------
.iar.init_table$$Base   0x080094d8          --   Gb  - Linker created -
.iar.init_table$$Limit  0x080094f8          --   Gb  - Linker created -
?main                   0x080094f9         Code  Gb  cmain.o [5]
ADC_ConversionStop_Disable
                        0x08006be5   0x4a  Code  Gb  stm32f1xx_hal_adc.o [1]
ADC_Enable              0x08006b41   0x6e  Code  Gb  stm32f1xx_hal_adc.o [1]
AHBPrescTable           0x080095d0   0x10  Data  Gb  system_stm32f1xx.o [1]
APBPrescTable           0x08009634    0x8  Data  Gb  system_stm32f1xx.o [1]
BAT_Voltage             0x200007bc    0x4  Data  Gb  control.o [1]
BusFault_Handler        0x080093d3    0x2  Code  Gb  stm32f1xx_it.o [1]
CMD                     0x200002b4  0x194  Data  Gb  command.o [1]
CSTACK$$Base            0x200007f8          --   Gb  - Linker created -
CSTACK$$Limit           0x20000bf8          --   Gb  - Linker created -
CacheMore               0x08002609   0x24  Code  Lc  xlocale_c.o [3]
Caculate_Cnt            0x08005111   0x1e  Code  Gb  tim.o [1]
Control_Caculate        0x0800599f  0x1f2  Code  Gb  control.o [1]
Control_Loop            0x080058a7   0xf8  Code  Gb  control.o [1]
Control_Loop::ac        0x200007a0    0x8  Data  Lc  control.o [1]
Control_Loop::ac_angle  0x20000788    0xc  Data  Lc  control.o [1]
Control_Loop::angle     0x20000794    0xc  Data  Lc  control.o [1]
Control_Loop::angle_speed
                        0x2000077c    0xc  Data  Lc  control.o [1]
Control_Loop::gy        0x200007a8    0x8  Data  Lc  control.o [1]
Control_Loop::loop_cnt  0x200007c0    0x4  Data  Lc  control.o [1]
DMA1_Channel4_IRQHandler
                        0x080093e5    0xa  Code  Gb  stm32f1xx_it.o [1]
DMA1_Channel5_IRQHandler
                        0x080093ef    0xa  Code  Gb  stm32f1xx_it.o [1]
DMA_SetConfig           0x080070fd   0x2c  Code  Lc  stm32f1xx_hal_dma.o [1]
DebugMon_Handler        0x080093d9    0x2  Code  Gb  stm32f1xx_it.o [1]
Delay_Us                0x0800531d   0x10  Code  Gb  i2c_ext.o [1]
Dtentox                 0x08008aed  0x18c  Code  Lc  strto64.o [4]
ESC_Init                0x08005755   0x2c  Code  Gb  control.o [1]
Error_Handler           0x08004763    0x2  Code  Gb  main.o [1]
Get_Voltage             0x08005675   0x6c  Code  Gb  control.o [1]
Gyroraw_to_Angle_Speed  0x08005505   0x30  Code  Gb  icm20600.o [1]
HAL_ADC_ConfigChannel   0x080069ef  0x152  Code  Gb  stm32f1xx_hal_adc.o [1]
HAL_ADC_GetValue        0x080069e9    0x6  Code  Gb  stm32f1xx_hal_adc.o [1]
HAL_ADC_Init            0x08006615  0x144  Code  Gb  stm32f1xx_hal_adc.o [1]
HAL_ADC_MspInit         0x08004bcf   0x5a  Code  Gb  adc.o [1]
HAL_ADC_PollForConversion
                        0x08006883  0x166  Code  Gb  stm32f1xx_hal_adc.o [1]
HAL_ADC_Start           0x08006759  0x12a  Code  Gb  stm32f1xx_hal_adc.o [1]
HAL_DMA_Abort           0x08006e6b   0x4e  Code  Gb  stm32f1xx_hal_dma.o [1]
HAL_DMA_Abort_IT        0x08006eb9   0xb4  Code  Gb  stm32f1xx_hal_dma.o [1]
HAL_DMA_IRQHandler      0x08006f6d  0x16a  Code  Gb  stm32f1xx_hal_dma.o [1]
HAL_DMA_Init            0x08006d69   0x6a  Code  Gb  stm32f1xx_hal_dma.o [1]
HAL_DMA_Start_IT        0x08006dd3   0x98  Code  Gb  stm32f1xx_hal_dma.o [1]
HAL_Delay               0x08005fa5   0x28  Code  Wk  stm32f1xx_hal.o [1]
HAL_GPIO_Init           0x0800476d  0x226  Code  Gb  stm32f1xx_hal_gpio.o [1]
HAL_GPIO_ReadPin        0x08004993   0x16  Code  Gb  stm32f1xx_hal_gpio.o [1]
HAL_GPIO_WritePin       0x080049a9   0x1a  Code  Gb  stm32f1xx_hal_gpio.o [1]
HAL_GetTick             0x08004609    0xc  Code  Wk  stm32f1xx_hal.o [1]
HAL_I2C_Init            0x08003341  0x1c2  Code  Gb  stm32f1xx_hal_i2c.o [1]
HAL_I2C_Master_Receive  0x0800366d  0x308  Code  Gb  stm32f1xx_hal_i2c.o [1]
HAL_I2C_Master_Transmit
                        0x08003503  0x16a  Code  Gb  stm32f1xx_hal_i2c.o [1]
HAL_I2C_MspInit         0x08003e73   0x70  Code  Gb  i2c.o [1]
HAL_IncTick             0x08009421   0x18  Code  Wk  stm32f1xx_hal.o [1]
HAL_Init                0x08004a51   0x22  Code  Gb  stm32f1xx_hal.o [1]
HAL_InitTick            0x08004a05   0x4c  Code  Wk  stm32f1xx_hal.o [1]
HAL_MspInit             0x080065c1   0x54  Code  Gb  stm32f1xx_hal_msp.o [1]
HAL_NVIC_EnableIRQ      0x08006585    0xe  Code  Gb  stm32f1xx_hal_cortex.o [1]
HAL_NVIC_SetPriority    0x0800655b   0x2a  Code  Gb  stm32f1xx_hal_cortex.o [1]
HAL_NVIC_SetPriorityGrouping
                        0x0800654f    0xc  Code  Gb  stm32f1xx_hal_cortex.o [1]
HAL_RCCEx_GetPeriphCLKFreq
                        0x08006307  0x104  Code  Gb  stm32f1xx_hal_rcc_ex.o [1]
HAL_RCCEx_PeriphCLKConfig
                        0x080061f9  0x10e  Code  Gb  stm32f1xx_hal_rcc_ex.o [1]
HAL_RCC_ClockConfig     0x08004383  0x170  Code  Gb  stm32f1xx_hal_rcc.o [1]
HAL_RCC_GetHCLKFreq     0x08004565    0x6  Code  Gb  stm32f1xx_hal_rcc.o [1]
HAL_RCC_GetPCLK1Freq    0x0800456b   0x16  Code  Gb  stm32f1xx_hal_rcc.o [1]
HAL_RCC_GetPCLK2Freq    0x08004581   0x16  Code  Gb  stm32f1xx_hal_rcc.o [1]
HAL_RCC_GetSysClockFreq
                        0x080044f3   0x72  Code  Gb  stm32f1xx_hal_rcc.o [1]
HAL_RCC_OscConfig       0x08003f01  0x482  Code  Gb  stm32f1xx_hal_rcc.o [1]
HAL_SPI_Init            0x08006c31   0x8a  Code  Gb  stm32f1xx_hal_spi.o [1]
HAL_SPI_MspInit         0x08004c97   0x76  Code  Gb  spi.o [1]
HAL_SYSTICK_Config      0x08006593    0xc  Code  Gb  stm32f1xx_hal_cortex.o [1]
HAL_TIMEx_ConfigBreakDeadTime
                        0x08006d0b   0x5c  Code  Gb  stm32f1xx_hal_tim_ex.o [1]
HAL_TIMEx_MasterConfigSynchronization
                        0x08006cbd   0x4e  Code  Gb  stm32f1xx_hal_tim_ex.o [1]
HAL_TIM_MspPostInit     0x08005023   0xb4  Code  Gb  tim.o [1]
HAL_TIM_PWM_ConfigChannel
                        0x08005ca9  0x100  Code  Gb  stm32f1xx_hal_tim.o [1]
HAL_TIM_PWM_Init        0x08005c29   0x38  Code  Gb  stm32f1xx_hal_tim.o [1]
HAL_TIM_PWM_MspInit     0x08004f5f   0xc4  Code  Gb  tim.o [1]
HAL_TIM_PWM_Start       0x08005c61   0x42  Code  Gb  stm32f1xx_hal_tim.o [1]
HAL_UART_DMAStop        0x08007497   0x72  Code  Gb  stm32f1xx_hal_uart.o [1]
HAL_UART_IDLECallback   0x08006173   0x3c  Code  Gb  uart_ext.o [1]
HAL_UART_IRQHandler     0x08007509  0x14a  Code  Gb  stm32f1xx_hal_uart.o [1]
HAL_UART_Init           0x08007129   0x76  Code  Gb  stm32f1xx_hal_uart.o [1]
HAL_UART_MspInit        0x08005175   0xcc  Code  Gb  usart.o [1]
HAL_UART_Receive_DMA    0x080073e1   0xb6  Code  Gb  stm32f1xx_hal_uart.o [1]
HAL_UART_Receive_IT     0x080072d9   0x72  Code  Gb  stm32f1xx_hal_uart.o [1]
HAL_UART_RxCpltCallback
                        0x0800610d   0x66  Code  Gb  uart_ext.o [1]
HAL_UART_Transmit       0x0800719f   0xe0  Code  Gb  stm32f1xx_hal_uart.o [1]
HAL_UART_Transmit_DMA   0x0800734b   0x96  Code  Gb  stm32f1xx_hal_uart.o [1]
HAL_UART_Transmit_IT    0x0800727f   0x5a  Code  Gb  stm32f1xx_hal_uart.o [1]
HEAP$$Base              0x20000bf8          --   Gb  - Linker created -
HEAP$$Limit             0x20000df8          --   Gb  - Linker created -
HardFault_Handler       0x080093cf    0x2  Code  Gb  stm32f1xx_it.o [1]
I2C_EXT_Init            0x08005259   0x22  Code  Gb  i2c_ext.o [1]
I2C_Error_Check         0x08005459   0x18  Code  Gb  icm20600.o [1]
I2C_Init_Func           0x200007d8    0x4  Data  Gb  i2c_ext.o [1]
I2C_IsAcknowledgeFailed
                        0x08003def   0x38  Code  Lc  stm32f1xx_hal_i2c.o [1]
I2C_MasterRequestRead   0x08003a55  0x126  Code  Lc  stm32f1xx_hal_i2c.o [1]
I2C_MasterRequestWrite  0x08003999   0xb8  Code  Lc  stm32f1xx_hal_i2c.o [1]
I2C_Read_Buffer         0x0800527b   0x4a  Code  Gb  i2c_ext.o [1]
I2C_Reset               0x0800532d   0xa8  Code  Gb  i2c_ext.o [1]
I2C_USE                 0x200007c4    0x4  Data  Gb  i2c_ext.o [1]
I2C_WaitOnBTFFlagUntilTimeout
                        0x08003d25   0x58  Code  Lc  stm32f1xx_hal_i2c.o [1]
I2C_WaitOnFlagUntilTimeout
                        0x08003b89   0x8a  Code  Lc  stm32f1xx_hal_i2c.o [1]
I2C_WaitOnMasterAddressFlagUntilTimeout
                        0x08003c13   0xba  Code  Lc  stm32f1xx_hal_i2c.o [1]
I2C_WaitOnRXNEFlagUntilTimeout
                        0x08003d7d   0x72  Code  Lc  stm32f1xx_hal_i2c.o [1]
I2C_WaitOnTXEFlagUntilTimeout
                        0x08003ccd   0x58  Code  Lc  stm32f1xx_hal_i2c.o [1]
I2C_Write_Buffer        0x080052c5   0x58  Code  Gb  i2c_ext.o [1]
L_Servor_Middle         0x20000004    0x4  Data  Gb  control.o [1]
LoadInt                 0x08001813   0x7a  Code  Lc  xprintffull.o [3]
MPU9250                 0x20000714   0x20  Data  Gb  icm20600.o [1]
MPU9250_Init            0x08005535  0x118  Code  Gb  icm20600.o [1]
MPU9250_Setting         0x2000076c   0x10  Data  Gb  icm20600.o [1]
MPU_Read6500            0x08005471   0x94  Code  Gb  icm20600.o [1]
MX_ADC1_Init            0x08004b69   0x66  Code  Gb  adc.o [1]
MX_DMA_Init             0x08004b29   0x40  Code  Gb  dma.o [1]
MX_GPIO_Init            0x08004a79   0xb0  Code  Gb  gpio.o [1]
MX_I2C1_Init            0x08003e29   0x4a  Code  Gb  i2c.o [1]
MX_SPI2_Init            0x08004c39   0x5e  Code  Gb  spi.o [1]
MX_TIM1_Init            0x08004d21   0xec  Code  Gb  tim.o [1]
MX_TIM2_Init            0x08004e0d   0xb2  Code  Gb  tim.o [1]
MX_TIM3_Init            0x08004ebf   0xa0  Code  Gb  tim.o [1]
MX_USART1_UART_Init     0x08005131   0x44  Code  Gb  usart.o [1]
MemManage_Handler       0x080093d1    0x2  Code  Gb  stm32f1xx_it.o [1]
NMI_Handler             0x080093cd    0x2  Code  Gb  stm32f1xx_it.o [1]
NVIC_EncodePriority     0x080064dd   0x42  Code  Lc  stm32f1xx_hal_cortex.o [1]
PID_Control             0x08007fad   0x9e  Code  Gb  pid.o [1]
PendSV_Handler          0x080093db    0x2  Code  Gb  stm32f1xx_it.o [1]
Pitch                   0x200007b4    0x4  Data  Gb  control.o [1]
RCC_Delay               0x08004597   0x26  Code  Lc  stm32f1xx_hal_rcc.o [1]
R_Servor_Middle         0x20000008    0x4  Data  Gb  control.o [1]
Region$$Table$$Base     0x080094d8          --   Gb  - Linker created -
Region$$Table$$Limit    0x080094f8          --   Gb  - Linker created -
Roll                    0x200007b8    0x4  Data  Gb  control.o [1]
Roll_PID                0x2000000c   0x20  Data  Gb  control.o [1]
Roll_Stable             0x20000000    0x4  Data  Gb  control.o [1]
Rx_Mode                 0x200000d9    0x1  Data  Lc  uart_ext.o [1]
SCL_GPIO_PIN            0x200007d0    0x4  Data  Gb  i2c_ext.o [1]
SCL_GPIO_PORT           0x200007c8    0x4  Data  Gb  i2c_ext.o [1]
SDA_GPIO_PIN            0x200007d4    0x4  Data  Gb  i2c_ext.o [1]
SDA_GPIO_PORT           0x200007cc    0x4  Data  Gb  i2c_ext.o [1]
SVC_Handler             0x080093d7    0x2  Code  Gb  stm32f1xx_it.o [1]
Servor_Width_Limit      0x200007b0    0x4  Data  Gb  control.o [1]
Servors_Init            0x080056e1   0x74  Code  Gb  control.o [1]
Set_ESC                 0x08005817   0x6e  Code  Gb  control.o [1]
Set_Servor              0x08005781   0x96  Code  Gb  control.o [1]
SysTick_Config          0x0800651f   0x30  Code  Lc  stm32f1xx_hal_cortex.o [1]
SysTick_Handler         0x080093dd    0x8  Code  Gb  stm32f1xx_it.o [1]
SystemClock_Config      0x080046dd   0x86  Code  Gb  main.o [1]
SystemCoreClock         0x2000003c    0x4  Data  Gb  system_stm32f1xx.o [1]
SystemInit              0x08009365   0x4e  Code  Gb  system_stm32f1xx.o [1]
TIM_Base_SetConfig      0x08005da9   0x64  Code  Gb  stm32f1xx_hal_tim.o [1]
TIM_CCxChannelCmd       0x08005f81   0x24  Code  Gb  stm32f1xx_hal_tim.o [1]
TIM_OC1_SetConfig       0x08005e0d   0x5a  Code  Lc  stm32f1xx_hal_tim.o [1]
TIM_OC2_SetConfig       0x08005e67   0x64  Code  Gb  stm32f1xx_hal_tim.o [1]
TIM_OC3_SetConfig       0x08005ecb   0x62  Code  Lc  stm32f1xx_hal_tim.o [1]
TIM_OC4_SetConfig       0x08005f2d   0x46  Code  Lc  stm32f1xx_hal_tim.o [1]
TIM_test                0x08008273  0x110  Code  Gb  cmd_fun.o [1]
Transform_N_to_Duty     0x08005885   0x12  Code  Gb  control.o [1]
Transform_Rad_to_Dgree  0x08005897   0x10  Code  Gb  control.o [1]
Tx_Mode                 0x200007f0    0x1  Data  Lc  uart_ext.o [1]
UART_Command_Analize_And_Call
                        0x080061af   0x14  Code  Gb  uart_ext.o [1]
UART_DMAAbortOnError    0x080077e9   0x16  Code  Lc  stm32f1xx_hal_uart.o [1]
UART_DMAError           0x080076ed   0x58  Code  Lc  stm32f1xx_hal_uart.o [1]
UART_DMAReceiveCplt     0x08007699   0x44  Code  Lc  stm32f1xx_hal_uart.o [1]
UART_DMARxHalfCplt      0x080076dd    0xe  Code  Lc  stm32f1xx_hal_uart.o [1]
UART_DMATransmitCplt    0x08007655   0x34  Code  Lc  stm32f1xx_hal_uart.o [1]
UART_DMATxHalfCplt      0x08007689    0xe  Code  Lc  stm32f1xx_hal_uart.o [1]
UART_EndRxTransfer      0x080077c7   0x20  Code  Lc  stm32f1xx_hal_uart.o [1]
UART_EndTransmit_IT     0x0800786f   0x20  Code  Lc  stm32f1xx_hal_uart.o [1]
UART_EndTxTransfer      0x080077b3   0x14  Code  Lc  stm32f1xx_hal_uart.o [1]
UART_Receive_IT         0x0800788f   0xae  Code  Lc  stm32f1xx_hal_uart.o [1]
UART_Send               0x0800602d   0x4c  Code  Lc  uart_ext.o [1]
UART_SetConfig          0x0800793d  0x164  Code  Lc  stm32f1xx_hal_uart.o [1]
UART_Start_Receive      0x08005fcd   0x42  Code  Gb  uart_ext.o [1]
UART_Transmit_IT        0x08007801   0x6e  Code  Lc  stm32f1xx_hal_uart.o [1]
UART_WaitOnFlagUntilTimeout
                        0x08007745   0x6e  Code  Lc  stm32f1xx_hal_uart.o [1]
USART1_IRQHandler       0x080093f9   0x1c  Code  Gb  stm32f1xx_it.o [1]
UsageFault_Handler      0x080093d5    0x2  Code  Gb  stm32f1xx_it.o [1]
_Encoding_8859_1_Mbrlen
                        0x080015d9    0x2  Code  Gb  xencoding_8859_1.o [3]
_Encoding_8859_1_Wctomb
                        0x080015c7   0x12  Code  Gb  xencoding_8859_1.o [3]
_GenldFull              0x08002295  0x274  Code  Lc  xprintffull.o [3]
_LdtobFull              0x08001e69  0x3fe  Code  Lc  xprintffull.o [3]
_LitobFull              0x08001d11  0x112  Code  Lc  xprintffull.o [3]
_LocaleC_isalpha        0x080025db    0xc  Code  Gb  xlocale_c.o [3]
_LocaleC_islower        0x080025d5    0x4  Code  Gb  xlocale_c.o [3]
_LocaleC_isspace        0x080025f1   0x14  Code  Gb  xlocale_c.o [3]
_LocaleC_isupper        0x080025d9    0x2  Code  Gb  xlocale_c.o [3]
_Locale_lconv           0x20000058   0x38  Data  Lc  xlocale_c.o [3]
_PrintfFull             0x08001625  0x1d6  Code  Gb  xprintffull.o [3]
_PutcharsFull           0x08002509   0x2e  Code  Lc  xprintffull.o [3]
_PutfldFull             0x0800188d  0x2d0  Code  Lc  xprintffull.o [3]
_PutstrFull             0x08001c53   0xbe  Code  Lc  xprintffull.o [3]
_PuttxtFull             0x08001b5d   0xf6  Code  Lc  xprintffull.o [3]
_SNProut                0x080025bb   0x1a  Code  Gb  xsnprout.o [3]
__NVIC_EnableIRQ        0x08006493   0x1e  Code  Lc  stm32f1xx_hal_cortex.o [1]
__NVIC_GetPriorityGrouping
                        0x08006489    0xa  Code  Lc  stm32f1xx_hal_cortex.o [1]
__NVIC_SetPriority      0x080064b1   0x2c  Code  Lc  stm32f1xx_hal_cortex.o [1]
__NVIC_SetPriorityGrouping
                        0x0800646d   0x1c  Code  Lc  stm32f1xx_hal_cortex.o [1]
__aeabi_cdcmple         0x08002c59         Code  Gb  DblCmpLe.o [4]
__aeabi_cdrcmple        0x08002c89         Code  Gb  DblCmpGe.o [4]
__aeabi_cfcmple         0x08007ce5         Code  Gb  FltCmpLe.o [4]
__aeabi_cfrcmple        0x08007cc1         Code  Gb  FltCmpGe.o [4]
__aeabi_d2f             0x0800882d         Code  Gb  DblToFlt.o [4]
__aeabi_d2iz            0x08002df5         Code  Gb  DblToS32.o [4]
__aeabi_d2uiz           0x08003181         Code  Gb  DblToU32.o [4]
__aeabi_dadd            0x080031c9         Code  Gb  DblAdd.o [4]
__aeabi_ddiv            0x08002f39         Code  Gb  DblDiv.o [4]
__aeabi_dmul            0x08002a45         Code  Gb  DblMul.o [4]
__aeabi_dsub            0x08002e55         Code  Gb  DblSub.o [4]
__aeabi_f2d             0x0800874d         Code  Gb  FltToDbl.o [4]
__aeabi_f2iz            0x08007d09         Code  Gb  FltToS32.o [4]
__aeabi_fadd            0x08007d35         Code  Gb  FltAdd.o [4]
__aeabi_fdiv            0x08007ba9         Code  Gb  FltDiv.o [4]
__aeabi_fmul            0x08007ad1         Code  Gb  FltMul.o [4]
__aeabi_fsub            0x08008055         Code  Gb  FltSub.o [4]
__aeabi_i2d             0x08002e31         Code  Gb  S32ToDbl.o [4]
__aeabi_i2f             0x08007aad         Code  Gb  S32ToFlt.o [4]
__aeabi_ldiv0           0x080031c5         Code  Gb  I64DivZer.o [5]
__aeabi_memclr4         0x08004765         Code  Gb  ABImemclr4.o [5]
__aeabi_memcpy          0x0800276d         Code  Gb  ABImemcpy.o [5]
__aeabi_memcpy4         0x0800278d         Code  Gb  ABImemcpy.o [5]
__aeabi_memcpy8         0x0800278d         Code  Gb  ABImemcpy.o [5]
__aeabi_ui2d            0x080031a9         Code  Gb  U32ToDbl.o [4]
__aeabi_ui2f            0x08007ca5         Code  Gb  U32ToFlt.o [4]
__aeabi_uldivmod        0x08002815         Code  Gb  I64DivMod.o [5]
__cmain                 0x080094f9         Code  Gb  cmain.o [5]
__data_GetMemChunk      0x080015e5   0x2c  Code  Gb  xgetmemchunk.o [3]
__data_GetMemChunk::start
                        0x200007e8    0x4  Data  Lc  xgetmemchunk.o [3]
__exit                  0x08001611   0x14  Code  Gb  exit.o [6]
__iar_Atan32            0x08008895   0xe2  Code  Gb  iar_Atan32.o [4]
__iar_Fail_s            0x08002691   0x1c  Code  Gb  xfail_s.o [3]
__iar_Mbcurmax          0x08002761    0xa  Code  Gb  xmbcurmax.o [3]
__iar_Memchr            0x08002709         Code  Gb  memchr.o [5]
__iar_Memset4_word      0x08006439         Code  Gb  ABImemset48.o [5]
__iar_Memset8_word      0x08006439         Code  Gb  ABImemset48.o [5]
__iar_Sto64             0x08008c79  0x154  Code  Gb  strto64.o [4]
__iar_Stoflt            0x08008f6d  0x1c8  Code  Gb  iar_Stoflt.o [3]
__iar_Stopfx            0x08008e49  0x122  Code  Gb  iar_Stopfx.o [3]
__iar_Stoxflt           0x08009135  0x1e6  Code  Gb  iar_Stoxflt.o [3]
__iar_Stoxflt::digits   0x08009320   0x18  Data  Lc  iar_Stoxflt.o [3]
__iar_Stoxflt::vals     0x08009338   0x18  Data  Lc  iar_Stoxflt.o [3]
__iar_Strchr            0x08002679         Code  Gb  strchr.o [5]
__iar_acos32            0x08008795   0x98  Code  Gb  acos32.o [4]
__iar_atan2_32          0x08008149   0xd4  Code  Gb  atan2_32.o [4]
__iar_dadd              0x08002e65         Code  Gb  DblSub.o [4]
__iar_data_init3        0x080094b1   0x28  Code  Gb  data_init.o [5]
__iar_dlfree            0x080010c7  0x4f6  Code  Gb  dlmalloc.o [3]
__iar_dlmalloc          0x08000e11  0x2b6  Code  Gb  dlmalloc.o [3]
__iar_dsub              0x080031d9         Code  Gb  DblAdd.o [4]
__iar_dsubStart         0x080031eb         Code  Gb  DblAdd.o [4]
__iar_fadd              0x08008061         Code  Gb  FltSub.o [4]
__iar_frexp             0x08002bf5         Code  Gb  frexp.o [4]
__iar_frexp64           0x08002be9         Code  Gb  frexp.o [4]
__iar_frexpl            0x08002bf5         Code  Gb  frexp.o [4]
__iar_fsub              0x08007d41         Code  Gb  FltAdd.o [4]
__iar_fsubStart         0x08007d51         Code  Gb  FltAdd.o [4]
__iar_globLocale        0x20000090   0x48  Data  Lc  xlocale_c.o [3]
__iar_global_Locale     0x08002605    0x4  Code  Gb  xlocale_c.o [3]
__iar_ldexp64           0x08002cb9         Code  Gb  ldexp.o [4]
__iar_packbits_init_single3
                        0x08009479   0x38  Code  Gb  packbits_init_single.o [5]
__iar_program_start     0x08009621         Code  Gb  cstartup_M.o [5]
__iar_scalbln64         0x08002cb9         Code  Gb  ldexp.o [4]
__iar_scalbn64          0x08002cb9         Code  Gb  ldexp.o [4]
__iar_sqrt32            0x080080d5         Code  Gb  sqrtf.o [4]
__iar_systems$$module {Abs}
                        0x00000001         Data  Gb  command line/config [2]
__iar_zero_init3        0x08009439   0x40  Code  Gb  zero_init3.o [5]
__low_level_init        0x08009517    0x4  Code  Gb  low_level_init.o [3]
__vector_table          0x08000000         Data  Gb  startup_stm32f103xb.o [1]
_call_main              0x08009505         Code  Gb  cmain.o [5]
_exit                   0x08009521         Code  Gb  cexit.o [5]
_gLocale_mblen          0x08002665    0x4  Code  Gb  xlocale_c.o [3]
_gLocale_mblenInt       0x0800262d   0x34  Code  Gb  xlocale_c.o [3]
_gLocale_wctomb         0x08002669    0x4  Code  Gb  xlocale_c.o [3]
_gLocale_wctombInt      0x08002661    0x4  Code  Gb  xlocale_c.o [3]
_gm_                    0x200000dc  0x1d8  Data  Lc  dlmalloc.o [3]
_main                   0x08009513         Code  Gb  cmain.o [5]
a                       0x08008994   0x20  Data  Lc  iar_Atan32.o [4]
abort                   0x080015c1    0x6  Code  Gb  abort.o [3]
acosf                   0x08008795   0x98  Code  Gb  acos32.o [4]
add_cmd                 0x08008645   0x36  Code  Gb  command.o [1]
add_segment             0x080004b1  0x1f2  Code  Lc  dlmalloc.o [3]
analize                 0x080086bb   0x80  Code  Gb  command.o [1]
atan2f                  0x08008149   0xd4  Code  Gb  atan2_32.o [4]
atof                    0x08008df9    0x8  Code  Gb  strto64.o [4]
buffer_rx               0x20000734   0x20  Data  Gb  uart_ext.o [1]
buffer_rx_OK            0x200007f2    0x1  Data  Gb  uart_ext.o [1]
buffer_rx_count         0x200007e4    0x4  Data  Gb  uart_ext.o [1]
buffer_rx_temp          0x200007f1    0x1  Data  Gb  uart_ext.o [1]
command_init            0x080083e7   0x24  Code  Gb  cmd_fun.o [1]
compare_cmd             0x0800867b   0x40  Code  Gb  command.o [1]
ddiv                    0x08008a5b   0x7a  Code  Lc  strto64.o [4]
debug_uart              0x200007e0    0x4  Data  Lc  uart_ext.o [1]
debug_uart_init         0x0800600f   0x1e  Code  Gb  uart_ext.o [1]
dmul                    0x080089e1   0x7a  Code  Lc  strto64.o [4]
esc_test                0x080083b5   0x32  Code  Gb  cmd_fun.o [1]
exit                    0x0800951b    0x4  Code  Gb  exit.o [3]
free                    0x08007aa9    0x4  Code  Gb  heaptramp0.o [3]
frexp                   0x08002be9         Code  Gb  frexp.o [4]
frexpl                  0x08002be9         Code  Gb  frexp.o [4]
get_angle               0x08007e19  0x194  Code  Gb  easy_angle.o [1]
get_prams               0x080084a1  0x1a4  Code  Lc  command.o [1]
gyro_k                  0x2000002c    0xc  Data  Gb  easy_angle.o [1]
hadc1                   0x200006e4   0x30  Data  Gb  adc.o [1]
hdma_tim1_ch4_trig_com  0x2000055c   0x44  Data  Gb  tim.o [1]
hdma_usart1_rx          0x200005a0   0x44  Data  Gb  usart.o [1]
hi2c1                   0x20000508   0x54  Data  Gb  i2c.o [1]
hspi2                   0x200004b0   0x58  Data  Gb  spi.o [1]
htim1                   0x200005e4   0x40  Data  Gb  tim.o [1]
htim2                   0x20000624   0x40  Data  Gb  tim.o [1]
htim3                   0x20000664   0x40  Data  Gb  tim.o [1]
huart1                  0x200006a4   0x40  Data  Gb  usart.o [1]
init_mparams            0x0800010b   0x32  Code  Lc  dlmalloc.o [3]
init_top                0x0800013d   0x32  Code  Lc  dlmalloc.o [3]
isalpha                 0x080089b5   0x14  Code  Gb  isalpha.o [3]
isspace                 0x08009351   0x14  Code  Gb  isspace.o [3]
ldexp                   0x08002cb9         Code  Gb  ldexp.o [4]
ldexpl                  0x08002cb9         Code  Gb  ldexp.o [4]
localeconv              0x0800266d    0x4  Code  Gb  xlocale_c.o [3]
main                    0x08004615   0xa4  Code  Gb  main.o [1]
memchr                  0x08002709         Code  Gb  memchr.o [5]
mparams                 0x20000754   0x18  Data  Lc  dlmalloc.o [3]
mpu_error_deal          0x08005411   0x1a  Code  Gb  icm20600.o [1]
mpu_read_byte           0x0800542b   0x2e  Code  Lc  icm20600.o [1]
mpu_write_byte          0x080053ed   0x24  Code  Lc  icm20600.o [1]
pows                    0x08008e00   0x48  Data  Lc  strto64.o [4]
prepend_alloc           0x0800016f  0x342  Code  Lc  dlmalloc.o [3]
s                       0x20000040   0x18  Data  Gb  uart_ext.o [1]
scalbln                 0x08002cb9         Code  Gb  ldexp.o [4]
scalblnl                0x08002cb9         Code  Gb  ldexp.o [4]
scalbn                  0x08002cb9         Code  Gb  ldexp.o [4]
scalbnl                 0x08002cb9         Code  Gb  ldexp.o [4]
scale                   0x08001e23   0x46  Code  Lc  xprintffull.o [3]
sec_hand                0x200007ec    0x4  Data  Lc  xfail_s.o [3]
segment_holding         0x080000ed   0x1e  Code  Lc  dlmalloc.o [3]
send_wave               0x08006079   0x6c  Code  Gb  uart_ext.o [1]
servor_test             0x08008383   0x32  Code  Gb  cmd_fun.o [1]
sqrtf                   0x080080d5         Code  Gb  sqrtf.o [4]
strchr                  0x08002679         Code  Gb  strchr.o [5]
strlen                  0x080026d1         Code  Gb  strlen.o [5]
sys_alloc               0x080006a9  0x164  Code  Lc  dlmalloc.o [3]
sys_trim                0x0800080d   0x66  Code  Lc  dlmalloc.o [3]
test                    0x0800821d   0x56  Code  Lc  cmd_fun.o [1]
tmalloc_large           0x08000881  0x384  Code  Lc  dlmalloc.o [3]
tmalloc_small           0x08000c05  0x1fe  Code  Lc  dlmalloc.o [3]
uart_buffer             0x20000448   0x68  Data  Gb  uart_ext.o [1]
uprintf                 0x080060e5   0x28  Code  Gb  uart_ext.o [1]
uwTick                  0x200007dc    0x4  Data  Gb  stm32f1xx_hal.o [1]
uwTickFreq              0x200000d8    0x1  Data  Gb  stm32f1xx_hal.o [1]
uwTickPrio              0x20000038    0x4  Data  Gb  stm32f1xx_hal.o [1]
vsnprintf               0x08008465   0x3c  Code  Gb  vsnprint.o [3]


[1] = C:\Users\ncer\Desktop\Rotor\EWARM\Rotor_Code\Obj
[2] = command line
[3] = dl7M_tlf.a
[4] = m7M_tl.a
[5] = rt7M_tl.a
[6] = shb_l.a

  38 318 bytes of readonly  code memory
     486 bytes of readonly  data memory
   3 569 bytes of readwrite data memory

Errors: none
Warnings: none
