###############################################################################
#
# IAR ELF Linker V8.22.1.15669/W32 for ARM                29/Sep/2019  00:00:05
# Copyright 2007-2018 IAR Systems AB.
#
#    Output file  =  
#        C:\Users\ncer\Desktop\Rotor_Code\EWARM\Rotor_Code\Exe\Rotor_Code.out
#    Map file     =  
#        C:\Users\ncer\Desktop\Rotor_Code\EWARM\Rotor_Code\List\Rotor_Code.map
#    Command line =  
#        -f C:\Users\ncer\AppData\Local\Temp\EWB1B1.tmp
#        (C:\Users\ncer\Desktop\Rotor_Code\EWARM\Rotor_Code\Obj\adc.o
#        C:\Users\ncer\Desktop\Rotor_Code\EWARM\Rotor_Code\Obj\dma.o
#        C:\Users\ncer\Desktop\Rotor_Code\EWARM\Rotor_Code\Obj\gpio.o
#        C:\Users\ncer\Desktop\Rotor_Code\EWARM\Rotor_Code\Obj\i2c.o
#        C:\Users\ncer\Desktop\Rotor_Code\EWARM\Rotor_Code\Obj\main.o
#        C:\Users\ncer\Desktop\Rotor_Code\EWARM\Rotor_Code\Obj\spi.o
#        C:\Users\ncer\Desktop\Rotor_Code\EWARM\Rotor_Code\Obj\startup_stm32f103xb.o
#        C:\Users\ncer\Desktop\Rotor_Code\EWARM\Rotor_Code\Obj\stm32f1xx_hal.o
#        C:\Users\ncer\Desktop\Rotor_Code\EWARM\Rotor_Code\Obj\stm32f1xx_hal_adc.o
#        C:\Users\ncer\Desktop\Rotor_Code\EWARM\Rotor_Code\Obj\stm32f1xx_hal_adc_ex.o
#        C:\Users\ncer\Desktop\Rotor_Code\EWARM\Rotor_Code\Obj\stm32f1xx_hal_cortex.o
#        C:\Users\ncer\Desktop\Rotor_Code\EWARM\Rotor_Code\Obj\stm32f1xx_hal_dma.o
#        C:\Users\ncer\Desktop\Rotor_Code\EWARM\Rotor_Code\Obj\stm32f1xx_hal_exti.o
#        C:\Users\ncer\Desktop\Rotor_Code\EWARM\Rotor_Code\Obj\stm32f1xx_hal_flash.o
#        C:\Users\ncer\Desktop\Rotor_Code\EWARM\Rotor_Code\Obj\stm32f1xx_hal_flash_ex.o
#        C:\Users\ncer\Desktop\Rotor_Code\EWARM\Rotor_Code\Obj\stm32f1xx_hal_gpio.o
#        C:\Users\ncer\Desktop\Rotor_Code\EWARM\Rotor_Code\Obj\stm32f1xx_hal_gpio_ex.o
#        C:\Users\ncer\Desktop\Rotor_Code\EWARM\Rotor_Code\Obj\stm32f1xx_hal_i2c.o
#        C:\Users\ncer\Desktop\Rotor_Code\EWARM\Rotor_Code\Obj\stm32f1xx_hal_msp.o
#        C:\Users\ncer\Desktop\Rotor_Code\EWARM\Rotor_Code\Obj\stm32f1xx_hal_pwr.o
#        C:\Users\ncer\Desktop\Rotor_Code\EWARM\Rotor_Code\Obj\stm32f1xx_hal_rcc.o
#        C:\Users\ncer\Desktop\Rotor_Code\EWARM\Rotor_Code\Obj\stm32f1xx_hal_rcc_ex.o
#        C:\Users\ncer\Desktop\Rotor_Code\EWARM\Rotor_Code\Obj\stm32f1xx_hal_spi.o
#        C:\Users\ncer\Desktop\Rotor_Code\EWARM\Rotor_Code\Obj\stm32f1xx_hal_tim.o
#        C:\Users\ncer\Desktop\Rotor_Code\EWARM\Rotor_Code\Obj\stm32f1xx_hal_tim_ex.o
#        C:\Users\ncer\Desktop\Rotor_Code\EWARM\Rotor_Code\Obj\stm32f1xx_hal_uart.o
#        C:\Users\ncer\Desktop\Rotor_Code\EWARM\Rotor_Code\Obj\stm32f1xx_it.o
#        C:\Users\ncer\Desktop\Rotor_Code\EWARM\Rotor_Code\Obj\system_stm32f1xx.o
#        C:\Users\ncer\Desktop\Rotor_Code\EWARM\Rotor_Code\Obj\tim.o
#        C:\Users\ncer\Desktop\Rotor_Code\EWARM\Rotor_Code\Obj\usart.o
#        --redirect _Printf=_PrintfFull --redirect _Scanf=_ScanfFull -o
#        C:\Users\ncer\Desktop\Rotor_Code\EWARM\Rotor_Code\Exe\Rotor_Code.out
#        --map
#        C:\Users\ncer\Desktop\Rotor_Code\EWARM\Rotor_Code\List\Rotor_Code.map
#        --config C:\Users\ncer\Desktop\Rotor_Code\EWARM/stm32f103xb_flash.icf
#        --semihosting --entry __iar_program_start --vfe --text_out locale)
#
###############################################################################

*******************************************************************************
*** RUNTIME MODEL ATTRIBUTES
***

CppFlavor       = *
__SystemLibrary = DLib
__dlib_version  = 6


*******************************************************************************
*** HEAP SELECTION
***

The basic heap was selected because no calls to memory allocation
functions were found in the application outside of system library
functions, and there are calls to deallocation functions in the
application.


*******************************************************************************
*** PLACEMENT SUMMARY
***

"A0":  place at 0x08000000 { ro section .intvec };
"P1":  place in [from 0x08000000 to 0x0801ffff] { ro };
define block CSTACK with size = 1K, alignment = 8 { };
define block HEAP with size = 512, alignment = 8 { };
"P2":  place in [from 0x20000000 to 0x20004fff] {
          rw, block CSTACK, block HEAP };
initialize by copy { rw };

  Section            Kind        Address    Size  Object
  -------            ----        -------    ----  ------
"A0":                                       0xec
  .intvec            ro code  0x08000000    0xec  startup_stm32f103xb.o [1]
                            - 0x080000ec    0xec

"P1":                                     0x1cf8
  .text              ro code  0x080000ec   0x4da  stm32f1xx_hal_rcc.o [1]
  .text              ro code  0x080005c8     0xc  stm32f1xx_hal.o [1]
  .text              ro code  0x080005d4    0x40  stm32f1xx_hal.o [1]
  .text              ro code  0x08000614    0xc8  stm32f1xx_hal_cortex.o [1]
  .text              ro code  0x080006dc   0x2d0  tim.o [1]
  .text              ro code  0x080009ac     0x6  ABImemclr4.o [4]
  .text              ro code  0x080009b4   0x2c0  stm32f1xx_hal_tim.o [1]
  .text              ro code  0x08000c74    0xae  main.o [1]
  .text              ro code  0x08000d24    0x92  stm32f1xx_hal_tim_ex.o [1]
  .text              ro code  0x08000db8   0x1cc  stm32f1xx_hal_dma.o [1]
  .text              ro code  0x08000f84   0x1d4  stm32f1xx_hal_gpio.o [1]
  .text              ro code  0x08001158    0x32  ABImemset48.o [4]
  .text              ro code  0x0800118c    0x24  stm32f1xx_hal.o [1]
  .text              ro code  0x080011b0    0xa4  gpio.o [1]
  .text              ro code  0x08001254    0x30  dma.o [1]
  .text              ro code  0x08001284    0xb0  adc.o [1]
  .text              ro code  0x08001334    0xb0  i2c.o [1]
  .text              ro code  0x080013e4    0xb8  spi.o [1]
  .text              ro code  0x0800149c    0xac  usart.o [1]
  .text              ro code  0x08001548    0xe8  stm32f1xx_hal_rcc_ex.o [1]
  .text              ro code  0x08001630    0x44  stm32f1xx_hal_msp.o [1]
  .text              ro code  0x08001674   0x24c  stm32f1xx_hal_adc.o [1]
  .text              ro code  0x080018c0   0x144  stm32f1xx_hal_i2c.o [1]
  .text              ro code  0x08001a04    0x80  stm32f1xx_hal_spi.o [1]
  .text              ro code  0x08001a84    0xf8  stm32f1xx_hal_uart.o [1]
  .text              ro code  0x08001b7c    0x5c  system_stm32f1xx.o [1]
  .text              ro code  0x08001bd8    0x40  zero_init3.o [4]
  .text              ro code  0x08001c18    0x2c  copy_init3.o [4]
  .text              ro code  0x08001c44    0x28  data_init.o [4]
  .iar.init_table    const    0x08001c6c    0x24  - Linker created -
  .text              ro code  0x08001c90    0x20  stm32f1xx_it.o [1]
  .text              ro code  0x08001cb0    0x10  stm32f1xx_hal.o [1]
  .text              ro code  0x08001cc0    0x1e  cmain.o [4]
  .text              ro code  0x08001cde     0x4  low_level_init.o [3]
  .text              ro code  0x08001ce2     0x4  exit.o [3]
  .text              ro code  0x08001ce8     0xa  cexit.o [4]
  .text              ro code  0x08001cf4    0x14  exit.o [5]
  .text              ro code  0x08001d08    0x10  startup_stm32f103xb.o [1]
  Initializer bytes  const    0x08001d18    0x10  <for P2-1>
  .text              ro code  0x08001d28     0xc  cstartup_M.o [4]
  .rodata            const    0x08001d34     0x8  system_stm32f1xx.o [1]
  .text              ro code  0x08001d3c     0x4  startup_stm32f103xb.o [1]
  .text              ro code  0x08001d40     0x4  startup_stm32f103xb.o [1]
  .text              ro code  0x08001d44     0x4  startup_stm32f103xb.o [1]
  .text              ro code  0x08001d48     0x4  startup_stm32f103xb.o [1]
  .text              ro code  0x08001d4c     0x4  startup_stm32f103xb.o [1]
  .text              ro code  0x08001d50     0x4  startup_stm32f103xb.o [1]
  .text              ro code  0x08001d54     0x4  startup_stm32f103xb.o [1]
  .text              ro code  0x08001d58     0x4  startup_stm32f103xb.o [1]
  .text              ro code  0x08001d5c     0x4  startup_stm32f103xb.o [1]
  .text              ro code  0x08001d60     0x4  startup_stm32f103xb.o [1]
  .text              ro code  0x08001d64     0x4  startup_stm32f103xb.o [1]
  .text              ro code  0x08001d68     0x4  startup_stm32f103xb.o [1]
  .text              ro code  0x08001d6c     0x4  startup_stm32f103xb.o [1]
  .text              ro code  0x08001d70     0x4  startup_stm32f103xb.o [1]
  .text              ro code  0x08001d74     0x4  startup_stm32f103xb.o [1]
  .text              ro code  0x08001d78     0x4  startup_stm32f103xb.o [1]
  .text              ro code  0x08001d7c     0x4  startup_stm32f103xb.o [1]
  .text              ro code  0x08001d80     0x4  startup_stm32f103xb.o [1]
  .text              ro code  0x08001d84     0x4  startup_stm32f103xb.o [1]
  .text              ro code  0x08001d88     0x4  startup_stm32f103xb.o [1]
  .text              ro code  0x08001d8c     0x4  startup_stm32f103xb.o [1]
  .text              ro code  0x08001d90     0x4  startup_stm32f103xb.o [1]
  .text              ro code  0x08001d94     0x4  startup_stm32f103xb.o [1]
  .text              ro code  0x08001d98     0x4  startup_stm32f103xb.o [1]
  .text              ro code  0x08001d9c     0x4  startup_stm32f103xb.o [1]
  .text              ro code  0x08001da0     0x4  startup_stm32f103xb.o [1]
  .text              ro code  0x08001da4     0x4  startup_stm32f103xb.o [1]
  .text              ro code  0x08001da8     0x4  startup_stm32f103xb.o [1]
  .text              ro code  0x08001dac     0x4  startup_stm32f103xb.o [1]
  .text              ro code  0x08001db0     0x4  startup_stm32f103xb.o [1]
  .text              ro code  0x08001db4     0x4  startup_stm32f103xb.o [1]
  .text              ro code  0x08001db8     0x4  startup_stm32f103xb.o [1]
  .text              ro code  0x08001dbc     0x4  startup_stm32f103xb.o [1]
  .text              ro code  0x08001dc0     0x4  startup_stm32f103xb.o [1]
  .text              ro code  0x08001dc4     0x4  startup_stm32f103xb.o [1]
  .text              ro code  0x08001dc8     0x4  startup_stm32f103xb.o [1]
  .text              ro code  0x08001dcc     0x4  startup_stm32f103xb.o [1]
  .text              ro code  0x08001dd0     0x4  startup_stm32f103xb.o [1]
  .text              ro code  0x08001dd4     0x4  startup_stm32f103xb.o [1]
  .text              ro code  0x08001dd8     0x4  startup_stm32f103xb.o [1]
  .text              ro code  0x08001ddc     0x4  startup_stm32f103xb.o [1]
  .text              ro code  0x08001de0     0x4  startup_stm32f103xb.o [1]
  .rodata            const    0x08001de4     0x0  zero_init3.o [4]
  .rodata            const    0x08001de4     0x0  copy_init3.o [4]
                            - 0x08001de4  0x1cf8

"P2", part 1 of 3:                          0x10
  P2-1                        0x20000000    0x10  <Init block>
    .data            inited   0x20000000     0xc  stm32f1xx_hal.o [1]
    .data            inited   0x2000000c     0x4  system_stm32f1xx.o [1]
                            - 0x20000010    0x10

"P2", part 2 of 3:                         0x220
  .bss               zero     0x20000010    0x58  spi.o [1]
  .bss               zero     0x20000068    0x54  i2c.o [1]
  .bss               zero     0x200000bc    0x44  tim.o [1]
  .bss               zero     0x20000100    0x40  tim.o [1]
  .bss               zero     0x20000140    0x40  tim.o [1]
  .bss               zero     0x20000180    0x40  tim.o [1]
  .bss               zero     0x200001c0    0x40  usart.o [1]
  .bss               zero     0x20000200    0x30  adc.o [1]
                            - 0x20000230   0x220

"P2", part 3 of 3:                         0x400
  CSTACK                      0x20000230   0x400  <Block>
    CSTACK           uninit   0x20000230   0x400  <Block tail>
                            - 0x20000630   0x400


*******************************************************************************
*** INIT TABLE
***

          Address     Size
          -------     ----
Zero (__iar_zero_init3)
    1 destination range, total size 0x220:
          0x20000010  0x220

Copy (__iar_copy_init3)
    1 source range, total size 0x10:
          0x08001d18   0x10
    1 destination range, total size 0x10:
          0x20000000   0x10



*******************************************************************************
*** MODULE SUMMARY
***

    Module                  ro code  ro data  rw data
    ------                  -------  -------  -------
C:\Users\ncer\Desktop\Rotor_Code\EWARM\Rotor_Code\Obj: [1]
    adc.o                       176                48
    dma.o                        48
    gpio.o                      164
    i2c.o                       176                84
    main.o                      174
    spi.o                       184                88
    startup_stm32f103xb.o       420
    stm32f1xx_hal.o             128       12       12
    stm32f1xx_hal_adc.o         588
    stm32f1xx_hal_cortex.o      200
    stm32f1xx_hal_dma.o         460
    stm32f1xx_hal_gpio.o        468
    stm32f1xx_hal_i2c.o         324
    stm32f1xx_hal_msp.o          68
    stm32f1xx_hal_rcc.o       1 242
    stm32f1xx_hal_rcc_ex.o      232
    stm32f1xx_hal_spi.o         128
    stm32f1xx_hal_tim.o         704
    stm32f1xx_hal_tim_ex.o      146
    stm32f1xx_hal_uart.o        248
    stm32f1xx_it.o               32
    system_stm32f1xx.o           92       12        4
    tim.o                       720               260
    usart.o                     172                64
    -------------------------------------------------
    Total:                    7 294       24      560

command line: [2]
    -------------------------------------------------
    Total:

dl7M_tln.a: [3]
    exit.o                        4
    low_level_init.o              4
    -------------------------------------------------
    Total:                        8

rt7M_tl.a: [4]
    ABImemclr4.o                  6
    ABImemset48.o                50
    cexit.o                      10
    cmain.o                      30
    copy_init3.o                 44
    cstartup_M.o                 12
    data_init.o                  40
    zero_init3.o                 64
    -------------------------------------------------
    Total:                      256

shb_l.a: [5]
    exit.o                       20
    -------------------------------------------------
    Total:                       20

    Gaps                         14
    Linker created                        36    1 024
-----------------------------------------------------
    Grand Total:              7 592       60    1 584


*******************************************************************************
*** ENTRY LIST
***

Entry                      Address   Size  Type      Object
-----                      -------   ----  ----      ------
.iar.init_table$$Base   0x08001c6c          --   Gb  - Linker created -
.iar.init_table$$Limit  0x08001c90          --   Gb  - Linker created -
?main                   0x08001cc1         Code  Gb  cmain.o [4]
ADC_ConversionStop_Disable
                        0x0800187d   0x44  Code  Gb  stm32f1xx_hal_adc.o [1]
AHBPrescTable           0x08001bc8   0x10  Data  Gb  system_stm32f1xx.o [1]
APBPrescTable           0x08001d34    0x8  Data  Gb  system_stm32f1xx.o [1]
BusFault_Handler        0x08001c97    0x2  Code  Gb  stm32f1xx_it.o [1]
CSTACK$$Base            0x20000230          --   Gb  - Linker created -
CSTACK$$Limit           0x20000630          --   Gb  - Linker created -
DMA1_Channel4_IRQHandler
                        0x08001ca5    0x6  Code  Gb  stm32f1xx_it.o [1]
DebugMon_Handler        0x08001c9d    0x2  Code  Gb  stm32f1xx_it.o [1]
Error_Handler           0x08000d21    0x2  Code  Gb  main.o [1]
HAL_ADC_ConfigChannel   0x08001769   0xe4  Code  Gb  stm32f1xx_hal_adc.o [1]
HAL_ADC_Init            0x08001675   0xf4  Code  Gb  stm32f1xx_hal_adc.o [1]
HAL_ADC_MspInit         0x080012d3   0x50  Code  Gb  adc.o [1]
HAL_DMA_IRQHandler      0x08000e1d  0x140  Code  Gb  stm32f1xx_hal_dma.o [1]
HAL_DMA_Init            0x08000db9   0x5c  Code  Gb  stm32f1xx_hal_dma.o [1]
HAL_GPIO_Init           0x08000f85  0x194  Code  Gb  stm32f1xx_hal_gpio.o [1]
HAL_GPIO_WritePin       0x08001119    0xc  Code  Gb  stm32f1xx_hal_gpio.o [1]
HAL_GetTick             0x080005c9    0xc  Code  Wk  stm32f1xx_hal.o [1]
HAL_I2C_Init            0x080018c1  0x110  Code  Gb  stm32f1xx_hal_i2c.o [1]
HAL_I2C_MspInit         0x08001367   0x64  Code  Gb  i2c.o [1]
HAL_IncTick             0x08001cb1   0x10  Code  Wk  stm32f1xx_hal.o [1]
HAL_Init                0x0800118d   0x20  Code  Gb  stm32f1xx_hal.o [1]
HAL_InitTick            0x080005d5   0x40  Code  Wk  stm32f1xx_hal.o [1]
HAL_MspInit             0x08001631   0x44  Code  Gb  stm32f1xx_hal_msp.o [1]
HAL_NVIC_EnableIRQ      0x08000687   0x16  Code  Gb  stm32f1xx_hal_cortex.o [1]
HAL_NVIC_SetPriority    0x0800064d   0x3a  Code  Gb  stm32f1xx_hal_cortex.o [1]
HAL_NVIC_SetPriorityGrouping
                        0x08000633   0x1a  Code  Gb  stm32f1xx_hal_cortex.o [1]
HAL_RCCEx_PeriphCLKConfig
                        0x08001549   0xda  Code  Gb  stm32f1xx_hal_rcc_ex.o [1]
HAL_RCC_ClockConfig     0x08000411   0xf6  Code  Gb  stm32f1xx_hal_rcc.o [1]
HAL_RCC_GetPCLK1Freq    0x08000561   0x10  Code  Gb  stm32f1xx_hal_rcc.o [1]
HAL_RCC_GetPCLK2Freq    0x08000571    0xe  Code  Gb  stm32f1xx_hal_rcc.o [1]
HAL_RCC_GetSysClockFreq
                        0x08000525   0x3c  Code  Gb  stm32f1xx_hal_rcc.o [1]
HAL_RCC_GetSysClockFreq::aPLLMULFactorTable
                        0x080005b4   0x10  Data  Lc  stm32f1xx_hal_rcc.o [1]
HAL_RCC_GetSysClockFreq::aPredivFactorTable
                        0x080005c4    0x2  Data  Lc  stm32f1xx_hal_rcc.o [1]
HAL_RCC_OscConfig       0x080000ed  0x31c  Code  Gb  stm32f1xx_hal_rcc.o [1]
HAL_SPI_Init            0x08001a05   0x74  Code  Gb  stm32f1xx_hal_spi.o [1]
HAL_SPI_MspInit         0x08001421   0x6c  Code  Gb  spi.o [1]
HAL_SYSTICK_Config      0x0800069d   0x28  Code  Gb  stm32f1xx_hal_cortex.o [1]
HAL_TIMEx_ConfigBreakDeadTime
                        0x08000d63   0x54  Code  Gb  stm32f1xx_hal_tim_ex.o [1]
HAL_TIMEx_MasterConfigSynchronization
                        0x08000d25   0x3e  Code  Gb  stm32f1xx_hal_tim_ex.o [1]
HAL_TIM_MspPostInit     0x080008db   0x70  Code  Gb  tim.o [1]
HAL_TIM_PWM_ConfigChannel
                        0x080009f3   0xc0  Code  Gb  stm32f1xx_hal_tim.o [1]
HAL_TIM_PWM_Init        0x080009c9   0x1a  Code  Gb  stm32f1xx_hal_tim.o [1]
HAL_TIM_PWM_MspInit     0x08000857   0x84  Code  Gb  tim.o [1]
HAL_UART_Init           0x08001a85   0x1e  Code  Gb  stm32f1xx_hal_uart.o [1]
HAL_UART_MspInit        0x080014cd   0x6c  Code  Gb  usart.o [1]
HardFault_Handler       0x08001c93    0x2  Code  Gb  stm32f1xx_it.o [1]
MX_ADC1_Init            0x08001285   0x4e  Code  Gb  adc.o [1]
MX_DMA_Init             0x08001255   0x30  Code  Gb  dma.o [1]
MX_GPIO_Init            0x080011b1   0x84  Code  Gb  gpio.o [1]
MX_I2C1_Init            0x08001335   0x32  Code  Gb  i2c.o [1]
MX_SPI2_Init            0x080013e5   0x3c  Code  Gb  spi.o [1]
MX_TIM1_Init            0x080006dd   0x8e  Code  Gb  tim.o [1]
MX_TIM2_Init            0x0800076d   0x50  Code  Gb  tim.o [1]
MX_TIM3_Init            0x080007e1   0x50  Code  Gb  tim.o [1]
MX_USART1_UART_Init     0x0800149d   0x30  Code  Gb  usart.o [1]
MemManage_Handler       0x08001c95    0x2  Code  Gb  stm32f1xx_it.o [1]
NMI_Handler             0x08001c91    0x2  Code  Gb  stm32f1xx_it.o [1]
PendSV_Handler          0x08001c9f    0x2  Code  Gb  stm32f1xx_it.o [1]
Region$$Table$$Base     0x08001c6c          --   Gb  - Linker created -
Region$$Table$$Limit    0x08001c90          --   Gb  - Linker created -
SVC_Handler             0x08001c9b    0x2  Code  Gb  stm32f1xx_it.o [1]
SysTick_Handler         0x08001ca1    0x4  Code  Gb  stm32f1xx_it.o [1]
SystemClock_Config      0x08000cb5   0x6c  Code  Gb  main.o [1]
SystemCoreClock         0x2000000c    0x4  Data  Gb  system_stm32f1xx.o [1]
SystemInit              0x08001b7d   0x3a  Code  Gb  system_stm32f1xx.o [1]
TIM_Base_SetConfig      0x08000adb   0x5e  Code  Gb  stm32f1xx_hal_tim.o [1]
TIM_OC1_SetConfig       0x08000b39   0x44  Code  Lc  stm32f1xx_hal_tim.o [1]
TIM_OC2_SetConfig       0x08000b7d   0x52  Code  Gb  stm32f1xx_hal_tim.o [1]
TIM_OC3_SetConfig       0x08000bcf   0x4a  Code  Lc  stm32f1xx_hal_tim.o [1]
TIM_OC4_SetConfig       0x08000c25   0x40  Code  Lc  stm32f1xx_hal_tim.o [1]
UART_SetConfig          0x08001afd   0x78  Code  Lc  stm32f1xx_hal_uart.o [1]
UsageFault_Handler      0x08001c99    0x2  Code  Gb  stm32f1xx_it.o [1]
__NVIC_SetPriority      0x08000615   0x1e  Code  Lc  stm32f1xx_hal_cortex.o [1]
__aeabi_memclr4         0x080009ad         Code  Gb  ABImemclr4.o [4]
__cmain                 0x08001cc1         Code  Gb  cmain.o [4]
__exit                  0x08001cf5   0x14  Code  Gb  exit.o [5]
__iar_Memset4_word      0x08001159         Code  Gb  ABImemset48.o [4]
__iar_Memset8_word      0x08001159         Code  Gb  ABImemset48.o [4]
__iar_copy_init3        0x08001c19   0x2c  Code  Gb  copy_init3.o [4]
__iar_data_init3        0x08001c45   0x28  Code  Gb  data_init.o [4]
__iar_program_start     0x08001d29         Code  Gb  cstartup_M.o [4]
__iar_systems$$module {Abs}
                        0x00000001         Data  Gb  command line/config [2]
__iar_zero_init3        0x08001bd9   0x40  Code  Gb  zero_init3.o [4]
__low_level_init        0x08001cdf    0x4  Code  Gb  low_level_init.o [3]
__vector_table          0x08000000         Data  Gb  startup_stm32f103xb.o [1]
_call_main              0x08001ccd         Code  Gb  cmain.o [4]
_exit                   0x08001ce9         Code  Gb  cexit.o [4]
_main                   0x08001cdb         Code  Gb  cmain.o [4]
exit                    0x08001ce3    0x4  Code  Gb  exit.o [3]
hadc1                   0x20000200   0x30  Data  Gb  adc.o [1]
hdma_tim1_ch4_trig_com  0x200000bc   0x44  Data  Gb  tim.o [1]
hi2c1                   0x20000068   0x54  Data  Gb  i2c.o [1]
hspi2                   0x20000010   0x58  Data  Gb  spi.o [1]
htim1                   0x20000100   0x40  Data  Gb  tim.o [1]
htim2                   0x20000140   0x40  Data  Gb  tim.o [1]
htim3                   0x20000180   0x40  Data  Gb  tim.o [1]
huart1                  0x200001c0   0x40  Data  Gb  usart.o [1]
main                    0x08000c75   0x3a  Code  Gb  main.o [1]
uwTick                  0x20000004    0x4  Data  Gb  stm32f1xx_hal.o [1]
uwTickFreq              0x20000000    0x1  Data  Gb  stm32f1xx_hal.o [1]
uwTickPrio              0x20000008    0x4  Data  Gb  stm32f1xx_hal.o [1]


[1] = C:\Users\ncer\Desktop\Rotor_Code\EWARM\Rotor_Code\Obj
[2] = command line
[3] = dl7M_tln.a
[4] = rt7M_tl.a
[5] = shb_l.a

  7 592 bytes of readonly  code memory
     60 bytes of readonly  data memory
  1 584 bytes of readwrite data memory

Errors: none
Warnings: none
