Archive member included to satisfy reference by file (symbol)

c:/arm_gcc/bin/../lib/gcc/arm-none-eabi/9.2.1/../../../../arm-none-eabi/lib/thumb/v7-m/nofp\libc_nano.a(lib_a-atof.o)
                              build/command.o (atof)
c:/arm_gcc/bin/../lib/gcc/arm-none-eabi/9.2.1/../../../../arm-none-eabi/lib/thumb/v7-m/nofp\libc_nano.a(lib_a-ctype_.o)
                              build/command.o (_ctype_)
c:/arm_gcc/bin/../lib/gcc/arm-none-eabi/9.2.1/../../../../arm-none-eabi/lib/thumb/v7-m/nofp\libc_nano.a(lib_a-exit.o)
                              c:/arm_gcc/bin/../lib/gcc/arm-none-eabi/9.2.1/../../../../arm-none-eabi/lib/thumb/v7-m/nofp/crt0.o (exit)
c:/arm_gcc/bin/../lib/gcc/arm-none-eabi/9.2.1/../../../../arm-none-eabi/lib/thumb/v7-m/nofp\libc_nano.a(lib_a-impure.o)
                              c:/arm_gcc/bin/../lib/gcc/arm-none-eabi/9.2.1/../../../../arm-none-eabi/lib/thumb/v7-m/nofp\libc_nano.a(lib_a-exit.o) (_global_impure_ptr)
c:/arm_gcc/bin/../lib/gcc/arm-none-eabi/9.2.1/../../../../arm-none-eabi/lib/thumb/v7-m/nofp\libc_nano.a(lib_a-init.o)
                              c:/arm_gcc/bin/../lib/gcc/arm-none-eabi/9.2.1/../../../../arm-none-eabi/lib/thumb/v7-m/nofp/crt0.o (__libc_init_array)
c:/arm_gcc/bin/../lib/gcc/arm-none-eabi/9.2.1/../../../../arm-none-eabi/lib/thumb/v7-m/nofp\libc_nano.a(lib_a-malloc.o)
                              build/command.o (malloc)
c:/arm_gcc/bin/../lib/gcc/arm-none-eabi/9.2.1/../../../../arm-none-eabi/lib/thumb/v7-m/nofp\libc_nano.a(lib_a-memcpy-stub.o)
                              build/i2c_ext.o (memcpy)
c:/arm_gcc/bin/../lib/gcc/arm-none-eabi/9.2.1/../../../../arm-none-eabi/lib/thumb/v7-m/nofp\libc_nano.a(lib_a-memset.o)
                              c:/arm_gcc/bin/../lib/gcc/arm-none-eabi/9.2.1/../../../../arm-none-eabi/lib/thumb/v7-m/nofp/crt0.o (memset)
c:/arm_gcc/bin/../lib/gcc/arm-none-eabi/9.2.1/../../../../arm-none-eabi/lib/thumb/v7-m/nofp\libc_nano.a(lib_a-nano-freer.o)
                              c:/arm_gcc/bin/../lib/gcc/arm-none-eabi/9.2.1/../../../../arm-none-eabi/lib/thumb/v7-m/nofp\libc_nano.a(lib_a-malloc.o) (_free_r)
c:/arm_gcc/bin/../lib/gcc/arm-none-eabi/9.2.1/../../../../arm-none-eabi/lib/thumb/v7-m/nofp\libc_nano.a(lib_a-nano-mallocr.o)
                              c:/arm_gcc/bin/../lib/gcc/arm-none-eabi/9.2.1/../../../../arm-none-eabi/lib/thumb/v7-m/nofp\libc_nano.a(lib_a-malloc.o) (_malloc_r)
c:/arm_gcc/bin/../lib/gcc/arm-none-eabi/9.2.1/../../../../arm-none-eabi/lib/thumb/v7-m/nofp\libc_nano.a(lib_a-nano-vfprintf_float.o)
                              (_printf_float)
c:/arm_gcc/bin/../lib/gcc/arm-none-eabi/9.2.1/../../../../arm-none-eabi/lib/thumb/v7-m/nofp\libc_nano.a(lib_a-nano-vfprintf_i.o)
                              c:/arm_gcc/bin/../lib/gcc/arm-none-eabi/9.2.1/../../../../arm-none-eabi/lib/thumb/v7-m/nofp\libc_nano.a(lib_a-nano-vfprintf_float.o) (_printf_common)
c:/arm_gcc/bin/../lib/gcc/arm-none-eabi/9.2.1/../../../../arm-none-eabi/lib/thumb/v7-m/nofp\libc_nano.a(lib_a-sbrkr.o)
                              c:/arm_gcc/bin/../lib/gcc/arm-none-eabi/9.2.1/../../../../arm-none-eabi/lib/thumb/v7-m/nofp\libc_nano.a(lib_a-nano-mallocr.o) (_sbrk_r)
c:/arm_gcc/bin/../lib/gcc/arm-none-eabi/9.2.1/../../../../arm-none-eabi/lib/thumb/v7-m/nofp\libc_nano.a(lib_a-strlen.o)
                              c:/arm_gcc/bin/../lib/gcc/arm-none-eabi/9.2.1/../../../../arm-none-eabi/lib/thumb/v7-m/nofp\libc_nano.a(lib_a-nano-vfprintf_float.o) (strlen)
c:/arm_gcc/bin/../lib/gcc/arm-none-eabi/9.2.1/../../../../arm-none-eabi/lib/thumb/v7-m/nofp\libc_nano.a(lib_a-strtod.o)
                              c:/arm_gcc/bin/../lib/gcc/arm-none-eabi/9.2.1/../../../../arm-none-eabi/lib/thumb/v7-m/nofp\libc_nano.a(lib_a-atof.o) (strtod)
c:/arm_gcc/bin/../lib/gcc/arm-none-eabi/9.2.1/../../../../arm-none-eabi/lib/thumb/v7-m/nofp\libc_nano.a(lib_a-vsnprintf.o)
                              build/uart_ext.o (vsnprintf)
c:/arm_gcc/bin/../lib/gcc/arm-none-eabi/9.2.1/../../../../arm-none-eabi/lib/thumb/v7-m/nofp\libc_nano.a(lib_a-dtoa.o)
                              c:/arm_gcc/bin/../lib/gcc/arm-none-eabi/9.2.1/../../../../arm-none-eabi/lib/thumb/v7-m/nofp\libc_nano.a(lib_a-nano-vfprintf_float.o) (_dtoa_r)
c:/arm_gcc/bin/../lib/gcc/arm-none-eabi/9.2.1/../../../../arm-none-eabi/lib/thumb/v7-m/nofp\libc_nano.a(lib_a-gdtoa-gethex.o)
                              c:/arm_gcc/bin/../lib/gcc/arm-none-eabi/9.2.1/../../../../arm-none-eabi/lib/thumb/v7-m/nofp\libc_nano.a(lib_a-strtod.o) (__gethex)
c:/arm_gcc/bin/../lib/gcc/arm-none-eabi/9.2.1/../../../../arm-none-eabi/lib/thumb/v7-m/nofp\libc_nano.a(lib_a-gdtoa-hexnan.o)
                              c:/arm_gcc/bin/../lib/gcc/arm-none-eabi/9.2.1/../../../../arm-none-eabi/lib/thumb/v7-m/nofp\libc_nano.a(lib_a-strtod.o) (__match)
c:/arm_gcc/bin/../lib/gcc/arm-none-eabi/9.2.1/../../../../arm-none-eabi/lib/thumb/v7-m/nofp\libc_nano.a(lib_a-lnumeric.o)
[...]
Memory Configuration

Name             Origin             Length             Attributes
RAM              0x20000000         0x00005000         xrw
FLASH            0x08000000         0x00010000         xr
*default*        0x00000000         0xffffffff

Linker script and memory map

LOAD c:/arm_gcc/bin/../lib/gcc/arm-none-eabi/9.2.1/thumb/v7-m/nofp/crti.o
LOAD c:/arm_gcc/bin/../lib/gcc/arm-none-eabi/9.2.1/thumb/v7-m/nofp/crtbegin.o
LOAD c:/arm_gcc/bin/../lib/gcc/arm-none-eabi/9.2.1/../../../../arm-none-eabi/lib/thumb/v7-m/nofp/crt0.o
LOAD build/command.o
LOAD build/easy_angle.o
LOAD build/i2c_ext.o
LOAD build/icm20600.o
LOAD build/nrf24l01.o
LOAD build/pid.o
LOAD build/uart_ext.o
LOAD build/cmd_fun.o
LOAD build/control.o
LOAD build/main.o
LOAD build/gpio.o
LOAD build/adc.o
LOAD build/dma.o
LOAD build/i2c.o
LOAD build/spi.o
LOAD build/tim.o
LOAD build/usart.o
LOAD build/stm32f1xx_it.o
LOAD build/stm32f1xx_hal_msp.o
LOAD build/stm32f1xx_hal_gpio_ex.o
LOAD build/stm32f1xx_hal_adc.o
LOAD build/stm32f1xx_hal_adc_ex.o
LOAD build/stm32f1xx_hal_i2c.o
LOAD build/stm32f1xx_hal_spi.o
LOAD build/stm32f1xx_hal_tim.o
LOAD build/stm32f1xx_hal_tim_ex.o
LOAD build/stm32f1xx_hal_uart.o
LOAD build/stm32f1xx_hal.o
LOAD build/stm32f1xx_hal_rcc.o
LOAD build/stm32f1xx_hal_rcc_ex.o
LOAD build/stm32f1xx_hal_gpio.o
LOAD build/stm32f1xx_hal_dma.o
LOAD build/stm32f1xx_hal_cortex.o
LOAD build/stm32f1xx_hal_pwr.o
LOAD build/stm32f1xx_hal_flash.o
LOAD build/stm32f1xx_hal_flash_ex.o
LOAD build/stm32f1xx_hal_exti.o
LOAD build/system_stm32f1xx.o
LOAD build/startup_stm32f103xb.o
LOAD c:/arm_gcc/bin/../lib/gcc/arm-none-eabi/9.2.1/../../../../arm-none-eabi/lib/thumb/v7-m/nofp\libc_nano.a
LOAD c:/arm_gcc/bin/../lib/gcc/arm-none-eabi/9.2.1/../../../../arm-none-eabi/lib/thumb/v7-m/nofp\libm.a
LOAD c:/arm_gcc/bin/../lib/gcc/arm-none-eabi/9.2.1/../../../../arm-none-eabi/lib/thumb/v7-m/nofp\libnosys.a
LOAD c:/arm_gcc/bin/../lib/gcc/arm-none-eabi/9.2.1/../../../../arm-none-eabi/lib/thumb/v7-m/nofp\librdimon_nano.a
START GROUP
LOAD c:/arm_gcc/bin/../lib/gcc/arm-none-eabi/9.2.1/thumb/v7-m/nofp\libgcc.a
LOAD c:/arm_gcc/bin/../lib/gcc/arm-none-eabi/9.2.1/../../../../arm-none-eabi/lib/thumb/v7-m/nofp\libc_nano.a
END GROUP
START GROUP
LOAD c:/arm_gcc/bin/../lib/gcc/arm-none-eabi/9.2.1/thumb/v7-m/nofp\libgcc.a
LOAD c:/arm_gcc/bin/../lib/gcc/arm-none-eabi/9.2.1/../../../../arm-none-eabi/lib/thumb/v7-m/nofp\libc_nano.a
END GROUP
LOAD c:/arm_gcc/bin/../lib/gcc/arm-none-eabi/9.2.1/thumb/v7-m/nofp/crtend.o
LOAD c:/arm_gcc/bin/../lib/gcc/arm-none-eabi/9.2.1/thumb/v7-m/nofp/crtn.o
                0x20005000                _estack = 0x20005000
                0x00000200                _Min_Heap_Size = 0x200
                0x00000400                _Min_Stack_Size = 0x400

.isr_vector     0x08000000      0x10c
                0x08000000                . = ALIGN (0x4)
 *(.isr_vector)
 .isr_vector    0x08000000      0x10c build/startup_stm32f103xb.o
                0x08000000                g_pfnVectors
                0x0800010c                . = ALIGN (0x4)

.text           0x08000110     0x9d5c
                0x08000110                . = ALIGN (0x4)
 *(.text)
 .text          0x08000110       0x40 c:/arm_gcc/bin/../lib/gcc/arm-none-eabi/9.2.1/thumb/v7-m/nofp/crtbegin.o
 .text          0x08000150       0x10 c:/arm_gcc/bin/../lib/gcc/arm-none-eabi/9.2.1/../../../../arm-none-eabi/lib/thumb/v7-m/nofp\libc_nano.a(lib_a-strlen.o)
                0x08000150                strlen
 .text          0x08000160      0x378 c:/arm_gcc/bin/../lib/gcc/arm-none-eabi/9.2.1/thumb/v7-m/nofp\libgcc.a(_arm_addsubdf3.o)
                0x08000160                __aeabi_drsub
                0x08000168                __aeabi_dsub
                0x08000168                __subdf3
                0x0800016c                __aeabi_dadd
                0x0800016c                __adddf3
                0x080003e4                __floatunsidf
                0x080003e4                __aeabi_ui2d
                0x08000404                __floatsidf
                0x08000404                __aeabi_i2d
                0x08000428                __aeabi_f2d
                0x08000428                __extendsfdf2
                0x0800046c                __floatundidf
                0x0800046c                __aeabi_ul2d
                0x0800047c                __floatdidf
                0x0800047c                __aeabi_l2d
 .text          0x080004d8      0x424 c:/arm_gcc/bin/../lib/gcc/arm-none-eabi/9.2.1/thumb/v7-m/nofp\libgcc.a(_arm_muldivdf3.o)
                0x080004d8                __aeabi_dmul
                0x080004d8                __muldf3
                0x0800072c                __divdf3
                0x0800072c                __aeabi_ddiv
 .text          0x080008fc      0x110 c:/arm_gcc/bin/../lib/gcc/arm-none-eabi/9.2.1/thumb/v7-m/nofp\libgcc.a(_arm_cmpdf2.o)
                0x080008fc                __gtdf2
                0x080008fc                __gedf2
                0x08000904                __ltdf2
                0x08000904                __ledf2
                0x0800090c                __nedf2
                0x0800090c                __eqdf2
                0x0800090c                __cmpdf2
                0x08000988                __aeabi_cdrcmple
                0x08000998                __aeabi_cdcmpeq
                0x08000998                __aeabi_cdcmple
                0x080009a8                __aeabi_dcmpeq
                0x080009bc                __aeabi_dcmplt
                0x080009d0                __aeabi_dcmple
                0x080009e4                __aeabi_dcmpge
                0x080009f8                __aeabi_dcmpgt
 .text          0x08000a0c       0x2c c:/arm_gcc/bin/../lib/gcc/arm-none-eabi/9.2.1/thumb/v7-m/nofp\libgcc.a(_arm_unorddf2.o)
                0x08000a0c                __unorddf2
                0x08000a0c                __aeabi_dcmpun
 .text          0x08000a38       0x50 c:/arm_gcc/bin/../lib/gcc/arm-none-eabi/9.2.1/thumb/v7-m/nofp\libgcc.a(_arm_fixdfsi.o)
                0x08000a38                __aeabi_d2iz
                0x08000a38                __fixdfsi
 .text          0x08000a88       0x40 c:/arm_gcc/bin/../lib/gcc/arm-none-eabi/9.2.1/thumb/v7-m/nofp\libgcc.a(_arm_fixunsdfsi.o)
                0x08000a88                __aeabi_d2uiz
                0x08000a88                __fixunsdfsi
 .text          0x08000ac8       0xa0 c:/arm_gcc/bin/../lib/gcc/arm-none-eabi/9.2.1/thumb/v7-m/nofp\libgcc.a(_arm_truncdfsf2.o)
                0x08000ac8                __truncdfsf2
                0x08000ac8                __aeabi_d2f
 .text          0x08000b68      0x21c c:/arm_gcc/bin/../lib/gcc/arm-none-eabi/9.2.1/thumb/v7-m/nofp\libgcc.a(_arm_addsubsf3.o)
                0x08000b68                __aeabi_frsub
                0x08000b70                __subsf3
                0x08000b70                __aeabi_fsub
                0x08000b74                __aeabi_fadd
                0x08000b74                __addsf3
                0x08000cd4                __aeabi_ui2f
                0x08000cd4                __floatunsisf
                0x08000cdc                __aeabi_i2f
                0x08000cdc                __floatsisf
                0x08000cf8                __aeabi_ul2f
                0x08000cf8                __floatundisf
                0x08000d08                __aeabi_l2f
                0x08000d08                __floatdisf
 .text          0x08000d84      0x2a0 c:/arm_gcc/bin/../lib/gcc/arm-none-eabi/9.2.1/thumb/v7-m/nofp\libgcc.a(_arm_muldivsf3.o)
                0x08000d84                __mulsf3
                0x08000d84                __aeabi_fmul
                0x08000eec                __aeabi_fdiv
                0x08000eec                __divsf3
 .text          0x08001024       0xec c:/arm_gcc/bin/../lib/gcc/arm-none-eabi/9.2.1/thumb/v7-m/nofp\libgcc.a(_arm_cmpsf2.o)
                0x08001024                __gesf2
                0x08001024                __gtsf2
                0x0800102c                __lesf2
                0x0800102c                __ltsf2
                0x08001034                __nesf2
                0x08001034                __eqsf2
                0x08001034                __cmpsf2
                0x08001094                __aeabi_cfrcmple
                0x0800109c                __aeabi_cfcmpeq
                0x0800109c                __aeabi_cfcmple
                0x080010ac                __aeabi_fcmpeq
                0x080010c0                __aeabi_fcmplt
                0x080010d4                __aeabi_fcmple
                0x080010e8                __aeabi_fcmpge
                0x080010fc                __aeabi_fcmpgt
 .text          0x08001110       0x2c c:/arm_gcc/bin/../lib/gcc/arm-none-eabi/9.2.1/thumb/v7-m/nofp\libgcc.a(_arm_unordsf2.o)
                0x08001110                __unordsf2
                0x08001110                __aeabi_fcmpun
 .text          0x0800113c       0x4c c:/arm_gcc/bin/../lib/gcc/arm-none-eabi/9.2.1/thumb/v7-m/nofp\libgcc.a(_arm_fixsfsi.o)
                0x0800113c                __aeabi_f2iz
                0x0800113c                __fixsfsi
 .text          0x08001188       0x34 c:/arm_gcc/bin/../lib/gcc/arm-none-eabi/9.2.1/thumb/v7-m/nofp\libgcc.a(_fixdfdi.o)
                0x08001188                __fixdfdi
                0x08001188                __aeabi_d2lz
 .text          0x080011bc       0x3c c:/arm_gcc/bin/../lib/gcc/arm-none-eabi/9.2.1/thumb/v7-m/nofp\libgcc.a(_fixunsdfdi.o)
                0x080011bc                __fixunsdfdi
                0x080011bc                __aeabi_d2ulz
 *(.text*)
 .text.get_prams
                0x080011f8      0x158 build/command.o
 .text.add_cmd  0x08001350       0x28 build/command.o
                0x08001350                add_cmd
 .text.compare_cmd
                0x08001378       0x30 build/command.o
                0x08001378                compare_cmd
 .text.compare_string
                0x080013a8       0x28 build/command.o
                0x080013a8                compare_string
 .text.analize  0x080013d0       0x74 build/command.o
                0x080013d0                analize
 *fill*         0x08001444        0x4 
 .text.get_angle
                0x08001448      0x194 build/easy_angle.o
                0x08001448                get_angle
 .text.I2C_EXT_Init
                0x080015dc       0x3c build/i2c_ext.o
                0x080015dc                I2C_EXT_Init
 .text.I2C_Read_Buffer
                0x08001618       0x40 build/i2c_ext.o
                0x08001618                I2C_Read_Buffer
 .text.I2C_Write_Buffer
                0x08001658       0x50 build/i2c_ext.o
                0x08001658                I2C_Write_Buffer
 .text.I2C_Reset
                0x080016a8       0xac build/i2c_ext.o
                0x080016a8                I2C_Reset
 .text.mpu_write_byte
                0x08001754       0x34 build/icm20600.o
 .text.mpu_read_byte
                0x08001788       0x3a build/icm20600.o
 .text.MPU_Read6500
                0x080017c2       0xae build/icm20600.o
                0x080017c2                MPU_Read6500
 .text.Gyroraw_to_Angle_Speed
                0x08001870       0x38 build/icm20600.o
                0x08001870                Gyroraw_to_Angle_Speed
 .text.MPU9250_Init
                0x080018a8      0x190 build/icm20600.o
                0x080018a8                MPU9250_Init
 .text.NRF_Set_GPIO
                0x08001a38       0x3c build/nrf24l01.o
 .text.NRF_Read_Reg
                0x08001a74       0x5c build/nrf24l01.o
                0x08001a74                NRF_Read_Reg
 .text.NRF_Write_Reg
                0x08001ad0       0x50 build/nrf24l01.o
                0x08001ad0                NRF_Write_Reg
 .text.NRF_Set_Mode
                0x08001b20       0x1c build/nrf24l01.o
 .text.NRF_Read_Bytes
                0x08001b3c       0x6c build/nrf24l01.o
                0x08001b3c                NRF_Read_Bytes
 .text.NRF_Write_Bytes
                0x08001ba8       0x7c build/nrf24l01.o
                0x08001ba8                NRF_Write_Bytes
 .text.NRF_Set_Tx_Addr
                0x08001c24       0x16 build/nrf24l01.o
                0x08001c24                NRF_Set_Tx_Addr
 .text.NRF_Set_Rx_Addr
                0x08001c3a       0x4a build/nrf24l01.o
                0x08001c3a                NRF_Set_Rx_Addr
 .text.NRF_Init
                0x08001c84       0xd8 build/nrf24l01.o
                0x08001c84                NRF_Init
 .text.NRF_Receive
                0x08001d5c       0x70 build/nrf24l01.o
                0x08001d5c                NRF_Receive
 .text.PID_Control
                0x08001dcc       0xa4 build/pid.o
                0x08001dcc                PID_Control
 .text.UART_Send
                0x08001e70       0x44 build/uart_ext.o
 .text.UART_Start_Receive
                0x08001eb4       0x48 build/uart_ext.o
                0x08001eb4                UART_Start_Receive
 .text.debug_uart_init
                0x08001efc       0x24 build/uart_ext.o
                0x08001efc                debug_uart_init
 .text.send_wave
                0x08001f20       0x24 build/uart_ext.o
                0x08001f20                send_wave
 .text.uprintf  0x08001f44       0x30 build/uart_ext.o
                0x08001f44                uprintf
 .text.HAL_UART_RxCpltCallback
                0x08001f74       0x5c build/uart_ext.o
                0x08001f74                HAL_UART_RxCpltCallback
 .text.HAL_UART_IDLECallback
                0x08001fd0       0x3c build/uart_ext.o
                0x08001fd0                HAL_UART_IDLECallback
 .text.UART_Command_Analize_And_Call
                0x0800200c       0x1c build/uart_ext.o
                0x0800200c                UART_Command_Analize_And_Call
 .text.test     0x08002028       0x5c build/cmd_fun.o
 .text.set_PID  0x08002084       0xfc build/cmd_fun.o
                0x08002084                set_PID
 .text.TIM_test
                0x08002180      0x114 build/cmd_fun.o
                0x08002180                TIM_test
 .text.servor_test
                0x08002294       0x34 build/cmd_fun.o
                0x08002294                servor_test
 .text.esc_test
                0x080022c8       0x50 build/cmd_fun.o
                0x080022c8                esc_test
 .text.command_init
                0x08002318       0x54 build/cmd_fun.o
                0x08002318                command_init
 .text.Get_Voltage
                0x0800236c       0x5c build/control.o
                0x0800236c                Get_Voltage
 .text.Servors_Init
                0x080023c8       0x40 build/control.o
                0x080023c8                Servors_Init
 .text.ESC_Init
                0x08002408       0x2c build/control.o
                0x08002408                ESC_Init
 .text.Set_Servor
                0x08002434       0x88 build/control.o
                0x08002434                Set_Servor
 .text.Set_ESC  0x080024bc       0x80 build/control.o
                0x080024bc                Set_ESC
 .text.Transform_N_to_Duty
                0x0800253c       0x10 build/control.o
                0x0800253c                Transform_N_to_Duty
 .text.Transform_Rad_to_Dgree
                0x0800254c       0x18 build/control.o
                0x0800254c                Transform_Rad_to_Dgree
 .text.Control_Loop
                0x08002564      0x1fc build/control.o
                0x08002564                Control_Loop
 .text.NRF_Receive_Callback
                0x08002760       0x34 build/control.o
                0x08002760                NRF_Receive_Callback
 .text.Ms_IRQ_Handler
                0x08002794       0x34 build/control.o
                0x08002794                Ms_IRQ_Handler
 .text.SystemClock_Config
                0x080027c8       0x66 build/main.o
                0x080027c8                SystemClock_Config
 *fill*         0x0800282e        0x2 
 .text.main     0x08002830      0x124 build/main.o
                0x08002830                main
 .text.Error_Handler
                0x08002954        0x2 build/main.o
                0x08002954                Error_Handler
 *fill*         0x08002956        0x2 
 .text.MX_GPIO_Init
                0x08002958       0xa8 build/gpio.o
                0x08002958                MX_GPIO_Init
 .text.MX_ADC1_Init
                0x08002a00       0x58 build/adc.o
                0x08002a00                MX_ADC1_Init
 .text.HAL_ADC_MspInit
                0x08002a58       0x60 build/adc.o
                0x08002a58                HAL_ADC_MspInit
 .text.MX_DMA_Init
                0x08002ab8       0x44 build/dma.o
                0x08002ab8                MX_DMA_Init
 .text.MX_I2C1_Init
                0x08002afc       0x3c build/i2c.o
                0x08002afc                MX_I2C1_Init
 .text.HAL_I2C_MspInit
                0x08002b38       0x78 build/i2c.o
                0x08002b38                HAL_I2C_MspInit
 .text.MX_SPI2_Init
                0x08002bb0       0x44 build/spi.o
                0x08002bb0                MX_SPI2_Init
 .text.HAL_SPI_MspInit
                0x08002bf4       0x78 build/spi.o
                0x08002bf4                HAL_SPI_MspInit
 .text.HAL_TIM_PWM_MspInit
                0x08002c6c       0xb0 build/tim.o
                0x08002c6c                HAL_TIM_PWM_MspInit
 .text.HAL_TIM_MspPostInit
                0x08002d1c       0xb8 build/tim.o
                0x08002d1c                HAL_TIM_MspPostInit
 .text.MX_TIM1_Init
                0x08002dd4       0xb0 build/tim.o
                0x08002dd4                MX_TIM1_Init
 .text.MX_TIM2_Init
                0x08002e84       0x94 build/tim.o
                0x08002e84                MX_TIM2_Init
 .text.MX_TIM3_Init
                0x08002f18       0x94 build/tim.o
                0x08002f18                MX_TIM3_Init
 .text.Caculate_Cnt
                0x08002fac       0x10 build/tim.o
                0x08002fac                Caculate_Cnt
 .text.MX_USART1_UART_Init
                0x08002fbc       0x34 build/usart.o
                0x08002fbc                MX_USART1_UART_Init
 .text.HAL_UART_MspInit
                0x08002ff0       0xbc build/usart.o
                0x08002ff0                HAL_UART_MspInit
 .text.NMI_Handler
                0x080030ac        0x2 build/stm32f1xx_it.o
                0x080030ac                NMI_Handler
 .text.HardFault_Handler
                0x080030ae        0x2 build/stm32f1xx_it.o
                0x080030ae                HardFault_Handler
 .text.MemManage_Handler
                0x080030b0        0x2 build/stm32f1xx_it.o
                0x080030b0                MemManage_Handler
 .text.BusFault_Handler
                0x080030b2        0x2 build/stm32f1xx_it.o
                0x080030b2                BusFault_Handler
 .text.UsageFault_Handler
                0x080030b4        0x2 build/stm32f1xx_it.o
                0x080030b4                UsageFault_Handler
 .text.SVC_Handler
                0x080030b6        0x2 build/stm32f1xx_it.o
                0x080030b6                SVC_Handler
 .text.DebugMon_Handler
                0x080030b8        0x2 build/stm32f1xx_it.o
                0x080030b8                DebugMon_Handler
 .text.PendSV_Handler
                0x080030ba        0x2 build/stm32f1xx_it.o
                0x080030ba                PendSV_Handler
 .text.SysTick_Handler
                0x080030bc        0xc build/stm32f1xx_it.o
                0x080030bc                SysTick_Handler
 .text.DMA1_Channel4_IRQHandler
                0x080030c8       0x10 build/stm32f1xx_it.o
                0x080030c8                DMA1_Channel4_IRQHandler
 .text.DMA1_Channel5_IRQHandler
                0x080030d8       0x10 build/stm32f1xx_it.o
                0x080030d8                DMA1_Channel5_IRQHandler
 .text.USART1_IRQHandler
                0x080030e8       0x24 build/stm32f1xx_it.o
                0x080030e8                USART1_IRQHandler
 .text.EXTI15_10_IRQHandler
                0x0800310c        0xc build/stm32f1xx_it.o
                0x0800310c                EXTI15_10_IRQHandler
 .text.HAL_MspInit
                0x08003118       0x44 build/stm32f1xx_hal_msp.o
                0x08003118                HAL_MspInit
 .text.HAL_ADC_PollForConversion
                0x0800315c      0x16c build/stm32f1xx_hal_adc.o
                0x0800315c                HAL_ADC_PollForConversion
 .text.HAL_ADC_GetValue
                0x080032c8        0x6 build/stm32f1xx_hal_adc.o
                0x080032c8                HAL_ADC_GetValue
 *fill*         0x080032ce        0x2 
 .text.HAL_ADC_ConfigChannel
                0x080032d0      0x138 build/stm32f1xx_hal_adc.o
                0x080032d0                HAL_ADC_ConfigChannel
 .text.ADC_Enable
                0x08003408       0x7c build/stm32f1xx_hal_adc.o
                0x08003408                ADC_Enable
 .text.HAL_ADC_Start
                0x08003484       0xe8 build/stm32f1xx_hal_adc.o
                0x08003484                HAL_ADC_Start
 .text.ADC_ConversionStop_Disable
                0x0800356c       0x4c build/stm32f1xx_hal_adc.o
                0x0800356c                ADC_ConversionStop_Disable
 .text.HAL_ADC_Init
                0x080035b8      0x108 build/stm32f1xx_hal_adc.o
                0x080035b8                HAL_ADC_Init
 .text.I2C_IsAcknowledgeFailed
                0x080036c0       0x32 build/stm32f1xx_hal_i2c.o
 .text.I2C_WaitOnFlagUntilTimeout
                0x080036f2       0x74 build/stm32f1xx_hal_i2c.o
 .text.I2C_WaitOnMasterAddressFlagUntilTimeout
                0x08003766       0xaa build/stm32f1xx_hal_i2c.o
 .text.I2C_MasterRequestWrite
                0x08003810       0xa4 build/stm32f1xx_hal_i2c.o
 .text.I2C_MasterRequestRead
                0x080038b4      0x100 build/stm32f1xx_hal_i2c.o
 .text.I2C_WaitOnTXEFlagUntilTimeout
                0x080039b4       0x54 build/stm32f1xx_hal_i2c.o
 .text.I2C_WaitOnBTFFlagUntilTimeout
                0x08003a08       0x54 build/stm32f1xx_hal_i2c.o
 .text.I2C_WaitOnRXNEFlagUntilTimeout
                0x08003a5c       0x6a build/stm32f1xx_hal_i2c.o
 *fill*         0x08003ac6        0x2 
 .text.HAL_I2C_Init
                0x08003ac8      0x1a8 build/stm32f1xx_hal_i2c.o
                0x08003ac8                HAL_I2C_Init
 .text.HAL_I2C_Master_Transmit
                0x08003c70      0x178 build/stm32f1xx_hal_i2c.o
                0x08003c70                HAL_I2C_Master_Transmit
 .text.HAL_I2C_Master_Receive
                0x08003de8      0x2f8 build/stm32f1xx_hal_i2c.o
                0x08003de8                HAL_I2C_Master_Receive
 .text.SPI_WaitFlagStateUntilTimeout
                0x080040e0       0x94 build/stm32f1xx_hal_spi.o
 .text.SPI_EndRxTxTransaction
                0x08004174       0x24 build/stm32f1xx_hal_spi.o
 .text.HAL_SPI_Init
                0x08004198       0x7c build/stm32f1xx_hal_spi.o
                0x08004198                HAL_SPI_Init
 .text.HAL_SPI_Transmit
                0x08004214      0x1a4 build/stm32f1xx_hal_spi.o
                0x08004214                HAL_SPI_Transmit
 .text.HAL_SPI_TransmitReceive
                0x080043b8      0x238 build/stm32f1xx_hal_spi.o
                0x080043b8                HAL_SPI_TransmitReceive
 .text.TIM_OC1_SetConfig
                0x080045f0       0x5c build/stm32f1xx_hal_tim.o
 .text.TIM_OC3_SetConfig
                0x0800464c       0x64 build/stm32f1xx_hal_tim.o
 .text.TIM_OC4_SetConfig
                0x080046b0       0x48 build/stm32f1xx_hal_tim.o
 .text.TIM_Base_SetConfig
                0x080046f8       0x74 build/stm32f1xx_hal_tim.o
                0x080046f8                TIM_Base_SetConfig
 .text.HAL_TIM_PWM_Init
                0x0800476c       0x34 build/stm32f1xx_hal_tim.o
                0x0800476c                HAL_TIM_PWM_Init
 .text.TIM_OC2_SetConfig
                0x080047a0       0x64 build/stm32f1xx_hal_tim.o
                0x080047a0                TIM_OC2_SetConfig
 .text.HAL_TIM_PWM_ConfigChannel
                0x08004804       0xdc build/stm32f1xx_hal_tim.o
                0x08004804                HAL_TIM_PWM_ConfigChannel
 .text.TIM_CCxChannelCmd
                0x080048e0       0x22 build/stm32f1xx_hal_tim.o
                0x080048e0                TIM_CCxChannelCmd
 *fill*         0x08004902        0x2 
 .text.HAL_TIM_PWM_Start
                0x08004904       0x3c build/stm32f1xx_hal_tim.o
                0x08004904                HAL_TIM_PWM_Start
 .text.HAL_TIMEx_MasterConfigSynchronization
                0x08004940       0x46 build/stm32f1xx_hal_tim_ex.o
                0x08004940                HAL_TIMEx_MasterConfigSynchronization
 .text.HAL_TIMEx_ConfigBreakDeadTime
                0x08004986       0x52 build/stm32f1xx_hal_tim_ex.o
                0x08004986                HAL_TIMEx_ConfigBreakDeadTime
 .text.UART_EndTxTransfer
                0x080049d8       0x12 build/stm32f1xx_hal_uart.o
 .text.UART_EndRxTransfer
                0x080049ea       0x1c build/stm32f1xx_hal_uart.o
 .text.UART_Transmit_IT
                0x08004a06       0x66 build/stm32f1xx_hal_uart.o
 .text.UART_SetConfig
                0x08004a6c       0xcc build/stm32f1xx_hal_uart.o
 .text.UART_WaitOnFlagUntilTimeout
                0x08004b38       0x68 build/stm32f1xx_hal_uart.o
 .text.HAL_UART_Init
                0x08004ba0       0x5e build/stm32f1xx_hal_uart.o
                0x08004ba0                HAL_UART_Init
 .text.HAL_UART_Transmit
                0x08004bfe       0xe0 build/stm32f1xx_hal_uart.o
                0x08004bfe                HAL_UART_Transmit
 .text.HAL_UART_Transmit_IT
                0x08004cde       0x48 build/stm32f1xx_hal_uart.o
                0x08004cde                HAL_UART_Transmit_IT
 .text.HAL_UART_Receive_IT
                0x08004d26       0x5c build/stm32f1xx_hal_uart.o
                0x08004d26                HAL_UART_Receive_IT
 *fill*         0x08004d82        0x2 
 .text.HAL_UART_Transmit_DMA
                0x08004d84       0x8c build/stm32f1xx_hal_uart.o
                0x08004d84                HAL_UART_Transmit_DMA
 .text.HAL_UART_Receive_DMA
                0x08004e10       0xa8 build/stm32f1xx_hal_uart.o
                0x08004e10                HAL_UART_Receive_DMA
 .text.HAL_UART_DMAStop
                0x08004eb8       0x64 build/stm32f1xx_hal_uart.o
                0x08004eb8                HAL_UART_DMAStop
 .text.HAL_UART_TxCpltCallback
                0x08004f1c        0x2 build/stm32f1xx_hal_uart.o
                0x08004f1c                HAL_UART_TxCpltCallback
 .text.UART_DMATransmitCplt
                0x08004f1e       0x30 build/stm32f1xx_hal_uart.o
 .text.UART_EndTransmit_IT
                0x08004f4e       0x1a build/stm32f1xx_hal_uart.o
 .text.HAL_UART_TxHalfCpltCallback
                0x08004f68        0x2 build/stm32f1xx_hal_uart.o
                0x08004f68                HAL_UART_TxHalfCpltCallback
 .text.UART_DMATxHalfCplt
                0x08004f6a        0xa build/stm32f1xx_hal_uart.o
 .text.UART_DMAReceiveCplt
                0x08004f74       0x3e build/stm32f1xx_hal_uart.o
 .text.UART_Receive_IT
                0x08004fb2       0x9e build/stm32f1xx_hal_uart.o
 .text.HAL_UART_RxHalfCpltCallback
                0x08005050        0x2 build/stm32f1xx_hal_uart.o
                0x08005050                HAL_UART_RxHalfCpltCallback
 .text.UART_DMARxHalfCplt
                0x08005052        0xa build/stm32f1xx_hal_uart.o
 .text.HAL_UART_ErrorCallback
                0x0800505c        0x2 build/stm32f1xx_hal_uart.o
                0x0800505c                HAL_UART_ErrorCallback
 .text.UART_DMAError
                0x0800505e       0x58 build/stm32f1xx_hal_uart.o
 *fill*         0x080050b6        0x2 
 .text.HAL_UART_IRQHandler
                0x080050b8      0x120 build/stm32f1xx_hal_uart.o
                0x080050b8                HAL_UART_IRQHandler
 .text.UART_DMAAbortOnError
                0x080051d8       0x10 build/stm32f1xx_hal_uart.o
 .text.HAL_InitTick
                0x080051e8       0x4c build/stm32f1xx_hal.o
                0x080051e8                HAL_InitTick
 .text.HAL_Init
                0x08005234       0x24 build/stm32f1xx_hal.o
                0x08005234                HAL_Init
 .text.HAL_IncTick
                0x08005258       0x18 build/stm32f1xx_hal.o
                0x08005258                HAL_IncTick
 .text.HAL_GetTick
                0x08005270        0xc build/stm32f1xx_hal.o
                0x08005270                HAL_GetTick
 .text.HAL_Delay
                0x0800527c       0x28 build/stm32f1xx_hal.o
                0x0800527c                HAL_Delay
 .text.RCC_Delay
                0x080052a4       0x2c build/stm32f1xx_hal_rcc.o
 .text.HAL_RCC_OscConfig
                0x080052d0      0x410 build/stm32f1xx_hal_rcc.o
                0x080052d0                HAL_RCC_OscConfig
 .text.HAL_RCC_GetSysClockFreq
                0x080056e0       0x6c build/stm32f1xx_hal_rcc.o
                0x080056e0                HAL_RCC_GetSysClockFreq
 .text.HAL_RCC_ClockConfig
                0x0800574c      0x16c build/stm32f1xx_hal_rcc.o
                0x0800574c                HAL_RCC_ClockConfig
 .text.HAL_RCC_GetHCLKFreq
                0x080058b8        0xc build/stm32f1xx_hal_rcc.o
                0x080058b8                HAL_RCC_GetHCLKFreq
 .text.HAL_RCC_GetPCLK1Freq
                0x080058c4       0x20 build/stm32f1xx_hal_rcc.o
                0x080058c4                HAL_RCC_GetPCLK1Freq
 .text.HAL_RCC_GetPCLK2Freq
                0x080058e4       0x20 build/stm32f1xx_hal_rcc.o
                0x080058e4                HAL_RCC_GetPCLK2Freq
 .text.HAL_RCCEx_PeriphCLKConfig
                0x08005904      0x114 build/stm32f1xx_hal_rcc_ex.o
                0x08005904                HAL_RCCEx_PeriphCLKConfig
 .text.HAL_RCCEx_GetPeriphCLKFreq
                0x08005a18       0xf4 build/stm32f1xx_hal_rcc_ex.o
                0x08005a18                HAL_RCCEx_GetPeriphCLKFreq
 .text.HAL_GPIO_Init
                0x08005b0c      0x220 build/stm32f1xx_hal_gpio.o
                0x08005b0c                HAL_GPIO_Init
 .text.HAL_GPIO_ReadPin
                0x08005d2c        0xe build/stm32f1xx_hal_gpio.o
                0x08005d2c                HAL_GPIO_ReadPin
 .text.HAL_GPIO_WritePin
                0x08005d3a        0xc build/stm32f1xx_hal_gpio.o
                0x08005d3a                HAL_GPIO_WritePin
 .text.HAL_GPIO_EXTI_Callback
                0x08005d46        0x2 build/stm32f1xx_hal_gpio.o
                0x08005d46                HAL_GPIO_EXTI_Callback
 .text.HAL_GPIO_EXTI_IRQHandler
                0x08005d48       0x1c build/stm32f1xx_hal_gpio.o
                0x08005d48                HAL_GPIO_EXTI_IRQHandler
 .text.DMA_SetConfig
                0x08005d64       0x2c build/stm32f1xx_hal_dma.o
 .text.HAL_DMA_Init
                0x08005d90       0x6c build/stm32f1xx_hal_dma.o
                0x08005d90                HAL_DMA_Init
 .text.HAL_DMA_Start_IT
                0x08005dfc       0x74 build/stm32f1xx_hal_dma.o
                0x08005dfc                HAL_DMA_Start_IT
 .text.HAL_DMA_Abort
                0x08005e70       0x44 build/stm32f1xx_hal_dma.o
                0x08005e70                HAL_DMA_Abort
 .text.HAL_DMA_Abort_IT
                0x08005eb4       0x98 build/stm32f1xx_hal_dma.o
                0x08005eb4                HAL_DMA_Abort_IT
 .text.HAL_DMA_IRQHandler
                0x08005f4c      0x144 build/stm32f1xx_hal_dma.o
                0x08005f4c                HAL_DMA_IRQHandler
 .text.HAL_NVIC_SetPriorityGrouping
                0x08006090       0x24 build/stm32f1xx_hal_cortex.o
                0x08006090                HAL_NVIC_SetPriorityGrouping
 .text.HAL_NVIC_SetPriority
                0x080060b4       0x68 build/stm32f1xx_hal_cortex.o
                0x080060b4                HAL_NVIC_SetPriority
 .text.HAL_NVIC_EnableIRQ
                0x0800611c       0x1c build/stm32f1xx_hal_cortex.o
                0x0800611c                HAL_NVIC_EnableIRQ
 .text.HAL_SYSTICK_Config
                0x08006138       0x2c build/stm32f1xx_hal_cortex.o
                0x08006138                HAL_SYSTICK_Config
 .text.SystemInit
                0x08006164       0x4c build/system_stm32f1xx.o
                0x08006164                SystemInit
 .text.Reset_Handler
                0x080061b0       0x48 build/startup_stm32f103xb.o
                0x080061b0                Reset_Handler
 .text.Default_Handler
                0x080061f8        0x2 build/startup_stm32f103xb.o
                0x080061f8                RTC_Alarm_IRQHandler
                0x080061f8                EXTI2_IRQHandler
                0x080061f8                TIM1_CC_IRQHandler
                0x080061f8                PVD_IRQHandler
                0x080061f8                EXTI3_IRQHandler
                0x080061f8                EXTI0_IRQHandler
                0x080061f8                I2C2_EV_IRQHandler
                0x080061f8                ADC1_2_IRQHandler
                0x080061f8                SPI1_IRQHandler
                0x080061f8                TAMPER_IRQHandler
                0x080061f8                USART3_IRQHandler
                0x080061f8                RTC_IRQHandler
                0x080061f8                DMA1_Channel7_IRQHandler
                0x080061f8                CAN1_RX1_IRQHandler
                0x080061f8                TIM4_IRQHandler
                0x080061f8                I2C1_EV_IRQHandler
                0x080061f8                DMA1_Channel6_IRQHandler
                0x080061f8                TIM3_IRQHandler
                0x080061f8                RCC_IRQHandler
                0x080061f8                TIM1_TRG_COM_IRQHandler
                0x080061f8                DMA1_Channel1_IRQHandler
                0x080061f8                Default_Handler
                0x080061f8                EXTI9_5_IRQHandler
                0x080061f8                SPI2_IRQHandler
                0x080061f8                EXTI4_IRQHandler
                0x080061f8                USB_LP_CAN1_RX0_IRQHandler
                0x080061f8                USB_HP_CAN1_TX_IRQHandler
                0x080061f8                DMA1_Channel3_IRQHandler
                0x080061f8                TIM1_UP_IRQHandler
                0x080061f8                WWDG_IRQHandler
                0x080061f8                TIM2_IRQHandler
                0x080061f8                TIM1_BRK_IRQHandler
                0x080061f8                EXTI1_IRQHandler
                0x080061f8                USART2_IRQHandler
                0x080061f8                I2C2_ER_IRQHandler
                0x080061f8                DMA1_Channel2_IRQHandler
                0x080061f8                CAN1_SCE_IRQHandler
                0x080061f8                FLASH_IRQHandler
                0x080061f8                I2C1_ER_IRQHandler
                0x080061f8                USBWakeUp_IRQHandler
 .text.atof     0x080061fa        0x6 c:/arm_gcc/bin/../lib/gcc/arm-none-eabi/9.2.1/../../../../arm-none-eabi/lib/thumb/v7-m/nofp\libc_nano.a(lib_a-atof.o)
                0x080061fa                atof
 .text.__libc_init_array
                0x08006200       0x48 c:/arm_gcc/bin/../lib/gcc/arm-none-eabi/9.2.1/../../../../arm-none-eabi/lib/thumb/v7-m/nofp\libc_nano.a(lib_a-init.o)
                0x08006200                __libc_init_array
 .text.malloc   0x08006248       0x10 c:/arm_gcc/bin/../lib/gcc/arm-none-eabi/9.2.1/../../../../arm-none-eabi/lib/thumb/v7-m/nofp\libc_nano.a(lib_a-malloc.o)
                0x08006248                malloc
 .text.free     0x08006258       0x10 c:/arm_gcc/bin/../lib/gcc/arm-none-eabi/9.2.1/../../../../arm-none-eabi/lib/thumb/v7-m/nofp\libc_nano.a(lib_a-malloc.o)
                0x08006258                free
 .text.memcpy   0x08006268       0x1c c:/arm_gcc/bin/../lib/gcc/arm-none-eabi/9.2.1/../../../../arm-none-eabi/lib/thumb/v7-m/nofp\libc_nano.a(lib_a-memcpy-stub.o)
                0x08006268                memcpy
 .text.memset   0x08006284       0x10 c:/arm_gcc/bin/../lib/gcc/arm-none-eabi/9.2.1/../../../../arm-none-eabi/lib/thumb/v7-m/nofp\libc_nano.a(lib_a-memset.o)
                0x08006284                memset
 .text._free_r  0x08006294       0x98 c:/arm_gcc/bin/../lib/gcc/arm-none-eabi/9.2.1/../../../../arm-none-eabi/lib/thumb/v7-m/nofp\libc_nano.a(lib_a-nano-freer.o)
                0x08006294                _free_r
 .text._malloc_r
                0x0800632c       0xb4 c:/arm_gcc/bin/../lib/gcc/arm-none-eabi/9.2.1/../../../../arm-none-eabi/lib/thumb/v7-m/nofp\libc_nano.a(lib_a-nano-mallocr.o)
                0x0800632c                _malloc_r
 .text.__cvt    0x080063e0       0xbe c:/arm_gcc/bin/../lib/gcc/arm-none-eabi/9.2.1/../../../../arm-none-eabi/lib/thumb/v7-m/nofp\libc_nano.a(lib_a-nano-vfprintf_float.o)
                0x080063e0                __cvt
 .text.__exponent
                0x0800649e       0x7c c:/arm_gcc/bin/../lib/gcc/arm-none-eabi/9.2.1/../../../../arm-none-eabi/lib/thumb/v7-m/nofp\libc_nano.a(lib_a-nano-vfprintf_float.o)
                0x0800649e                __exponent
 *fill*         0x0800651a        0x2 
 .text._printf_float
                0x0800651c      0x458 c:/arm_gcc/bin/../lib/gcc/arm-none-eabi/9.2.1/../../../../arm-none-eabi/lib/thumb/v7-m/nofp\libc_nano.a(lib_a-nano-vfprintf_float.o)
                0x0800651c                _printf_float
 .text._printf_common
                0x08006974       0xde c:/arm_gcc/bin/../lib/gcc/arm-none-eabi/9.2.1/../../../../arm-none-eabi/lib/thumb/v7-m/nofp\libc_nano.a(lib_a-nano-vfprintf_i.o)
                0x08006974                _printf_common
 *fill*         0x08006a52        0x2 
 .text._printf_i
                0x08006a54      0x24c c:/arm_gcc/bin/../lib/gcc/arm-none-eabi/9.2.1/../../../../arm-none-eabi/lib/thumb/v7-m/nofp\libc_nano.a(lib_a-nano-vfprintf_i.o)
                0x08006a54                _printf_i
 .text._sbrk_r  0x08006ca0       0x20 c:/arm_gcc/bin/../lib/gcc/arm-none-eabi/9.2.1/../../../../arm-none-eabi/lib/thumb/v7-m/nofp\libc_nano.a(lib_a-sbrkr.o)
                0x08006ca0                _sbrk_r
 .text.sulp     0x08006cc0       0x42 c:/arm_gcc/bin/../lib/gcc/arm-none-eabi/9.2.1/../../../../arm-none-eabi/lib/thumb/v7-m/nofp\libc_nano.a(lib_a-strtod.o)
 *fill*         0x08006d02        0x6 
 .text._strtod_l
                0x08006d08      0xbe8 c:/arm_gcc/bin/../lib/gcc/arm-none-eabi/9.2.1/../../../../arm-none-eabi/lib/thumb/v7-m/nofp\libc_nano.a(lib_a-strtod.o)
                0x08006d08                _strtod_l
 .text.strtod   0x080078f0       0x18 c:/arm_gcc/bin/../lib/gcc/arm-none-eabi/9.2.1/../../../../arm-none-eabi/lib/thumb/v7-m/nofp\libc_nano.a(lib_a-strtod.o)
                0x080078f0                strtod
 .text._vsnprintf_r
                0x08007908       0x58 c:/arm_gcc/bin/../lib/gcc/arm-none-eabi/9.2.1/../../../../arm-none-eabi/lib/thumb/v7-m/nofp\libc_nano.a(lib_a-vsnprintf.o)
                0x08007908                _vsniprintf_r
                0x08007908                _vsnprintf_r
 .text.vsnprintf
                0x08007960       0x1c c:/arm_gcc/bin/../lib/gcc/arm-none-eabi/9.2.1/../../../../arm-none-eabi/lib/thumb/v7-m/nofp\libc_nano.a(lib_a-vsnprintf.o)
                0x08007960                vsniprintf
                0x08007960                vsnprintf
 .text.quorem   0x0800797c      0x11a c:/arm_gcc/bin/../lib/gcc/arm-none-eabi/9.2.1/../../../../arm-none-eabi/lib/thumb/v7-m/nofp\libc_nano.a(lib_a-dtoa.o)
 *fill*         0x08007a96        0x2 
 .text._dtoa_r  0x08007a98      0xba4 c:/arm_gcc/bin/../lib/gcc/arm-none-eabi/9.2.1/../../../../arm-none-eabi/lib/thumb/v7-m/nofp\libc_nano.a(lib_a-dtoa.o)
                0x08007a98                _dtoa_r
 .text.rshift   0x0800863c       0xa6 c:/arm_gcc/bin/../lib/gcc/arm-none-eabi/9.2.1/../../../../arm-none-eabi/lib/thumb/v7-m/nofp\libc_nano.a(lib_a-gdtoa-gethex.o)
 .text.__hexdig_fun
                0x080086e2       0x2a c:/arm_gcc/bin/../lib/gcc/arm-none-eabi/9.2.1/../../../../arm-none-eabi/lib/thumb/v7-m/nofp\libc_nano.a(lib_a-gdtoa-gethex.o)
                0x080086e2                __hexdig_fun
 .text.__gethex
                0x0800870c      0x454 c:/arm_gcc/bin/../lib/gcc/arm-none-eabi/9.2.1/../../../../arm-none-eabi/lib/thumb/v7-m/nofp\libc_nano.a(lib_a-gdtoa-gethex.o)
                0x0800870c                __gethex
 .text.L_shift  0x08008b60       0x24 c:/arm_gcc/bin/../lib/gcc/arm-none-eabi/9.2.1/../../../../arm-none-eabi/lib/thumb/v7-m/nofp\libc_nano.a(lib_a-gdtoa-hexnan.o)
 .text.__match  0x08008b84       0x28 c:/arm_gcc/bin/../lib/gcc/arm-none-eabi/9.2.1/../../../../arm-none-eabi/lib/thumb/v7-m/nofp\libc_nano.a(lib_a-gdtoa-hexnan.o)
                0x08008b84                __match
 .text.__hexnan
                0x08008bac      0x138 c:/arm_gcc/bin/../lib/gcc/arm-none-eabi/9.2.1/../../../../arm-none-eabi/lib/thumb/v7-m/nofp\libc_nano.a(lib_a-gdtoa-hexnan.o)
                0x08008bac                __hexnan
 .text._localeconv_r
                0x08008ce4        0x8 c:/arm_gcc/bin/../lib/gcc/arm-none-eabi/9.2.1/../../../../arm-none-eabi/lib/thumb/v7-m/nofp\libc_nano.a(lib_a-localeconv.o)
                0x08008ce4                _localeconv_r
 .text.__ascii_mbtowc
                0x08008cec       0x24 c:/arm_gcc/bin/../lib/gcc/arm-none-eabi/9.2.1/../../../../arm-none-eabi/lib/thumb/v7-m/nofp\libc_nano.a(lib_a-mbtowc_r.o)
                0x08008cec                __ascii_mbtowc
 .text.memchr   0x08008d10       0x1c c:/arm_gcc/bin/../lib/gcc/arm-none-eabi/9.2.1/../../../../arm-none-eabi/lib/thumb/v7-m/nofp\libc_nano.a(lib_a-memchr-stub.o)
                0x08008d10                memchr
 .text.__malloc_lock
                0x08008d2c        0xc c:/arm_gcc/bin/../lib/gcc/arm-none-eabi/9.2.1/../../../../arm-none-eabi/lib/thumb/v7-m/nofp\libc_nano.a(lib_a-mlock.o)
                0x08008d2c                __malloc_lock
 .text.__malloc_unlock
                0x08008d38        0xc c:/arm_gcc/bin/../lib/gcc/arm-none-eabi/9.2.1/../../../../arm-none-eabi/lib/thumb/v7-m/nofp\libc_nano.a(lib_a-mlock.o)
                0x08008d38                __malloc_unlock
 .text._Balloc  0x08008d44       0x68 c:/arm_gcc/bin/../lib/gcc/arm-none-eabi/9.2.1/../../../../arm-none-eabi/lib/thumb/v7-m/nofp\libc_nano.a(lib_a-mprec.o)
                0x08008d44                _Balloc
 .text._Bfree   0x08008dac       0x2e c:/arm_gcc/bin/../lib/gcc/arm-none-eabi/9.2.1/../../../../arm-none-eabi/lib/thumb/v7-m/nofp\libc_nano.a(lib_a-mprec.o)
                0x08008dac                _Bfree
 .text.__multadd
                0x08008dda       0x7c c:/arm_gcc/bin/../lib/gcc/arm-none-eabi/9.2.1/../../../../arm-none-eabi/lib/thumb/v7-m/nofp\libc_nano.a(lib_a-mprec.o)
                0x08008dda                __multadd
 .text.__s2b    0x08008e56       0x7c c:/arm_gcc/bin/../lib/gcc/arm-none-eabi/9.2.1/../../../../arm-none-eabi/lib/thumb/v7-m/nofp\libc_nano.a(lib_a-mprec.o)
                0x08008e56                __s2b
 .text.__hi0bits
                0x08008ed2       0x40 c:/arm_gcc/bin/../lib/gcc/arm-none-eabi/9.2.1/../../../../arm-none-eabi/lib/thumb/v7-m/nofp\libc_nano.a(lib_a-mprec.o)
                0x08008ed2                __hi0bits
 .text.__lo0bits
                0x08008f12       0x5c c:/arm_gcc/bin/../lib/gcc/arm-none-eabi/9.2.1/../../../../arm-none-eabi/lib/thumb/v7-m/nofp\libc_nano.a(lib_a-mprec.o)
                0x08008f12                __lo0bits
 .text.__i2b    0x08008f6e       0x12 c:/arm_gcc/bin/../lib/gcc/arm-none-eabi/9.2.1/../../../../arm-none-eabi/lib/thumb/v7-m/nofp\libc_nano.a(lib_a-mprec.o)
                0x08008f6e                __i2b
 .text.__multiply
                0x08008f80      0x136 c:/arm_gcc/bin/../lib/gcc/arm-none-eabi/9.2.1/../../../../arm-none-eabi/lib/thumb/v7-m/nofp\libc_nano.a(lib_a-mprec.o)
                0x08008f80                __multiply
 *fill*         0x080090b6        0x2 
 .text.__pow5mult
                0x080090b8       0x9c c:/arm_gcc/bin/../lib/gcc/arm-none-eabi/9.2.1/../../../../arm-none-eabi/lib/thumb/v7-m/nofp\libc_nano.a(lib_a-mprec.o)
                0x080090b8                __pow5mult
 .text.__lshift
                0x08009154       0xbe c:/arm_gcc/bin/../lib/gcc/arm-none-eabi/9.2.1/../../../../arm-none-eabi/lib/thumb/v7-m/nofp\libc_nano.a(lib_a-mprec.o)
                0x08009154                __lshift
 .text.__mcmp   0x08009212       0x36 c:/arm_gcc/bin/../lib/gcc/arm-none-eabi/9.2.1/../../../../arm-none-eabi/lib/thumb/v7-m/nofp\libc_nano.a(lib_a-mprec.o)
                0x08009212                __mcmp
 .text.__mdiff  0x08009248       0xf8 c:/arm_gcc/bin/../lib/gcc/arm-none-eabi/9.2.1/../../../../arm-none-eabi/lib/thumb/v7-m/nofp\libc_nano.a(lib_a-mprec.o)
                0x08009248                __mdiff
 .text.__ulp    0x08009340       0x4c c:/arm_gcc/bin/../lib/gcc/arm-none-eabi/9.2.1/../../../../arm-none-eabi/lib/thumb/v7-m/nofp\libc_nano.a(lib_a-mprec.o)
                0x08009340                __ulp
 .text.__b2d    0x0800938c       0xa8 c:/arm_gcc/bin/../lib/gcc/arm-none-eabi/9.2.1/../../../../arm-none-eabi/lib/thumb/v7-m/nofp\libc_nano.a(lib_a-mprec.o)
                0x0800938c                __b2d
 .text.__d2b    0x08009434       0x9e c:/arm_gcc/bin/../lib/gcc/arm-none-eabi/9.2.1/../../../../arm-none-eabi/lib/thumb/v7-m/nofp\libc_nano.a(lib_a-mprec.o)
                0x08009434                __d2b
 .text.__ratio  0x080094d2       0x5c c:/arm_gcc/bin/../lib/gcc/arm-none-eabi/9.2.1/../../../../arm-none-eabi/lib/thumb/v7-m/nofp\libc_nano.a(lib_a-mprec.o)
                0x080094d2                __ratio
 .text.__copybits
                0x0800952e       0x46 c:/arm_gcc/bin/../lib/gcc/arm-none-eabi/9.2.1/../../../../arm-none-eabi/lib/thumb/v7-m/nofp\libc_nano.a(lib_a-mprec.o)
                0x0800952e                __copybits
 .text.__any_on
                0x08009574       0x42 c:/arm_gcc/bin/../lib/gcc/arm-none-eabi/9.2.1/../../../../arm-none-eabi/lib/thumb/v7-m/nofp\libc_nano.a(lib_a-mprec.o)
                0x08009574                __any_on
 .text._calloc_r
                0x080095b6       0x1c c:/arm_gcc/bin/../lib/gcc/arm-none-eabi/9.2.1/../../../../arm-none-eabi/lib/thumb/v7-m/nofp\libc_nano.a(lib_a-nano-callocr.o)
                0x080095b6                _calloc_r
 .text.__ssputs_r
                0x080095d2       0xb6 c:/arm_gcc/bin/../lib/gcc/arm-none-eabi/9.2.1/../../../../arm-none-eabi/lib/thumb/v7-m/nofp\libc_nano.a(lib_a-nano-svfprintf.o)
                0x080095d2                __ssputs_r
 .text._svfprintf_r
                0x08009688      0x200 c:/arm_gcc/bin/../lib/gcc/arm-none-eabi/9.2.1/../../../../arm-none-eabi/lib/thumb/v7-m/nofp\libc_nano.a(lib_a-nano-svfprintf.o)
                0x08009688                _svfiprintf_r
                0x08009688                _svfprintf_r
 .text.nan      0x08009888        0xc c:/arm_gcc/bin/../lib/gcc/arm-none-eabi/9.2.1/../../../../arm-none-eabi/lib/thumb/v7-m/nofp\libc_nano.a(lib_a-s_nan.o)
                0x08009888                nan
 .text.strncmp  0x08009894       0x24 c:/arm_gcc/bin/../lib/gcc/arm-none-eabi/9.2.1/../../../../arm-none-eabi/lib/thumb/v7-m/nofp\libc_nano.a(lib_a-strncmp.o)
                0x08009894                strncmp
 .text.__ascii_wctomb
                0x080098b8       0x1a c:/arm_gcc/bin/../lib/gcc/arm-none-eabi/9.2.1/../../../../arm-none-eabi/lib/thumb/v7-m/nofp\libc_nano.a(lib_a-wctomb_r.o)
                0x080098b8                __ascii_wctomb
 .text.__retarget_lock_acquire_recursive
                0x080098d2        0x2 c:/arm_gcc/bin/../lib/gcc/arm-none-eabi/9.2.1/../../../../arm-none-eabi/lib/thumb/v7-m/nofp\libc_nano.a(lib_a-lock.o)
                0x080098d2                __retarget_lock_acquire_recursive
 .text.__retarget_lock_release_recursive
                0x080098d4        0x2 c:/arm_gcc/bin/../lib/gcc/arm-none-eabi/9.2.1/../../../../arm-none-eabi/lib/thumb/v7-m/nofp\libc_nano.a(lib_a-lock.o)
                0x080098d4                __retarget_lock_release_recursive
 .text.memmove  0x080098d6       0x34 c:/arm_gcc/bin/../lib/gcc/arm-none-eabi/9.2.1/../../../../arm-none-eabi/lib/thumb/v7-m/nofp\libc_nano.a(lib_a-memmove.o)
                0x080098d6                memmove
 .text._realloc_r
                0x0800990a       0x4c c:/arm_gcc/bin/../lib/gcc/arm-none-eabi/9.2.1/../../../../arm-none-eabi/lib/thumb/v7-m/nofp\libc_nano.a(lib_a-nano-reallocr.o)
                0x0800990a                _realloc_r
 .text._malloc_usable_size_r
                0x08009956       0x10 c:/arm_gcc/bin/../lib/gcc/arm-none-eabi/9.2.1/../../../../arm-none-eabi/lib/thumb/v7-m/nofp\libc_nano.a(lib_a-nano-msizer.o)
                0x08009956                _malloc_usable_size_r
 *fill*         0x08009966        0x2 
 .text.acosf    0x08009968       0xa4 c:/arm_gcc/bin/../lib/gcc/arm-none-eabi/9.2.1/../../../../arm-none-eabi/lib/thumb/v7-m/nofp\libm.a(lib_a-wf_acos.o)
                0x08009968                acosf
 .text.sqrtf    0x08009a0c       0xa4 c:/arm_gcc/bin/../lib/gcc/arm-none-eabi/9.2.1/../../../../arm-none-eabi/lib/thumb/v7-m/nofp\libm.a(lib_a-wf_sqrt.o)
                0x08009a0c                sqrtf
 .text.__ieee754_acosf
                0x08009ab0      0x2c8 c:/arm_gcc/bin/../lib/gcc/arm-none-eabi/9.2.1/../../../../arm-none-eabi/lib/thumb/v7-m/nofp\libm.a(lib_a-ef_acos.o)
                0x08009ab0                __ieee754_acosf
 .text.__ieee754_sqrtf
                0x08009d78       0xa8 c:/arm_gcc/bin/../lib/gcc/arm-none-eabi/9.2.1/../../../../arm-none-eabi/lib/thumb/v7-m/nofp\libm.a(lib_a-ef_sqrt.o)
                0x08009d78                __ieee754_sqrtf
 .text.matherr  0x08009e20        0x4 c:/arm_gcc/bin/../lib/gcc/arm-none-eabi/9.2.1/../../../../arm-none-eabi/lib/thumb/v7-m/nofp\libm.a(lib_a-s_matherr.o)
                0x08009e20                matherr
 .text.fabsf    0x08009e24        0x8 c:/arm_gcc/bin/../lib/gcc/arm-none-eabi/9.2.1/../../../../arm-none-eabi/lib/thumb/v7-m/nofp\libm.a(lib_a-sf_fabs.o)
                0x08009e24                fabsf
 .text._sbrk    0x08009e2c       0x1c c:/arm_gcc/bin/../lib/gcc/arm-none-eabi/9.2.1/../../../../arm-none-eabi/lib/thumb/v7-m/nofp\libnosys.a(sbrk.o)
                0x08009e2c                _sbrk
 .text.__errno  0x08009e48        0xc c:/arm_gcc/bin/../lib/gcc/arm-none-eabi/9.2.1/../../../../arm-none-eabi/lib/thumb/v7-m/nofp\libc_nano.a(lib_a-errno.o)
                0x08009e48                __errno
 *(.glue_7)
 .glue_7        0x08009e54        0x0 linker stubs
 *(.glue_7t)
 .glue_7t       0x08009e54        0x0 linker stubs
 *(.eh_frame)
 .eh_frame      0x08009e54        0x0 c:/arm_gcc/bin/../lib/gcc/arm-none-eabi/9.2.1/thumb/v7-m/nofp/crtbegin.o
 *(.init)
 .init          0x08009e54        0x4 c:/arm_gcc/bin/../lib/gcc/arm-none-eabi/9.2.1/thumb/v7-m/nofp/crti.o
                0x08009e54                _init
 .init          0x08009e58        0x8 c:/arm_gcc/bin/../lib/gcc/arm-none-eabi/9.2.1/thumb/v7-m/nofp/crtn.o
 *(.fini)
 .fini          0x08009e60        0x4 c:/arm_gcc/bin/../lib/gcc/arm-none-eabi/9.2.1/thumb/v7-m/nofp/crti.o
                0x08009e60                _fini
 .fini          0x08009e64        0x8 c:/arm_gcc/bin/../lib/gcc/arm-none-eabi/9.2.1/thumb/v7-m/nofp/crtn.o
                0x08009e6c                . = ALIGN (0x4)
                0x08009e6c                _etext = .

.vfp11_veneer   0x08009e6c        0x0
 .vfp11_veneer  0x08009e6c        0x0 linker stubs

.v4_bx          0x08009e6c        0x0
 .v4_bx         0x08009e6c        0x0 linker stubs

.iplt           0x08009e6c        0x0
 .iplt          0x08009e6c        0x0 c:/arm_gcc/bin/../lib/gcc/arm-none-eabi/9.2.1/thumb/v7-m/nofp/crtbegin.o

.rodata         0x08009e70      0x430
                0x08009e70                . = ALIGN (0x4)
 *(.rodata)
 .rodata        0x08009e70        0xf build/main.o
 *(.rodata*)
 *fill*         0x08009e7f        0x1 
 .rodata.analize.str1.4
                0x08009e80       0x11 build/command.o
 *fill*         0x08009e91        0x3 
 .rodata.test.str1.4
                0x08009e94       0x45 build/cmd_fun.o
 *fill*         0x08009ed9        0x3 
 .rodata.set_PID.str1.4
                0x08009edc       0x67 build/cmd_fun.o
 *fill*         0x08009f43        0x1 
 .rodata.TIM_test.str1.4
                0x08009f44       0x24 build/cmd_fun.o
 .rodata.command_init.str1.4
                0x08009f68       0x2c build/cmd_fun.o
                                 0x34 (size before relaxing)
 .rodata.main.str1.4
                0x08009f94        0xf build/main.o
 *fill*         0x08009fa3        0x1 
 .rodata.HAL_RCC_GetSysClockFreq.str1.4
                0x08009fa4       0x11 build/stm32f1xx_hal_rcc.o
 .rodata.HAL_RCCEx_GetPeriphCLKFreq.str1.4
                0x08009fb5       0x11 build/stm32f1xx_hal_rcc_ex.o
 *fill*         0x08009fb5        0x3 
 .rodata.AHBPrescTable
                0x08009fb8       0x10 build/system_stm32f1xx.o
                0x08009fb8                AHBPrescTable
 .rodata.APBPrescTable
                0x08009fc8        0x8 build/system_stm32f1xx.o
                0x08009fc8                APBPrescTable
 .rodata._ctype_
                0x08009fd0      0x101 c:/arm_gcc/bin/../lib/gcc/arm-none-eabi/9.2.1/../../../../arm-none-eabi/lib/thumb/v7-m/nofp\libc_nano.a(lib_a-ctype_.o)
                0x08009fd0                _ctype_
 .rodata._printf_float.str1.1
                0x0800a0d1       0x12 c:/arm_gcc/bin/../lib/gcc/arm-none-eabi/9.2.1/../../../../arm-none-eabi/lib/thumb/v7-m/nofp\libc_nano.a(lib_a-nano-vfprintf_float.o)
 .rodata._printf_i.str1.1
                0x0800a0e3       0x22 c:/arm_gcc/bin/../lib/gcc/arm-none-eabi/9.2.1/../../../../arm-none-eabi/lib/thumb/v7-m/nofp\libc_nano.a(lib_a-nano-vfprintf_i.o)
 .rodata._strtod_l.str1.1
                0x0800a105       0x22 c:/arm_gcc/bin/../lib/gcc/arm-none-eabi/9.2.1/../../../../arm-none-eabi/lib/thumb/v7-m/nofp\libc_nano.a(lib_a-strtod.o)
                                  0xd (size before relaxing)
 *fill*         0x0800a105        0x3 
 .rodata.fpi.6203
                0x0800a108       0x14 c:/arm_gcc/bin/../lib/gcc/arm-none-eabi/9.2.1/../../../../arm-none-eabi/lib/thumb/v7-m/nofp\libc_nano.a(lib_a-strtod.o)
 .rodata.fpinan.6239
                0x0800a11c       0x14 c:/arm_gcc/bin/../lib/gcc/arm-none-eabi/9.2.1/../../../../arm-none-eabi/lib/thumb/v7-m/nofp\libc_nano.a(lib_a-strtod.o)
 .rodata.tinytens
                0x0800a130       0x28 c:/arm_gcc/bin/../lib/gcc/arm-none-eabi/9.2.1/../../../../arm-none-eabi/lib/thumb/v7-m/nofp\libc_nano.a(lib_a-strtod.o)
 .rodata._dtoa_r.str1.1
                0x0800a158        0xd c:/arm_gcc/bin/../lib/gcc/arm-none-eabi/9.2.1/../../../../arm-none-eabi/lib/thumb/v7-m/nofp\libc_nano.a(lib_a-dtoa.o)
                                  0xf (size before relaxing)
 .rodata.str1.1
                0x0800a165        0x2 c:/arm_gcc/bin/../lib/gcc/arm-none-eabi/9.2.1/../../../../arm-none-eabi/lib/thumb/v7-m/nofp\libc_nano.a(lib_a-lnumeric.o)
                                  0x3 (size before relaxing)
 *fill*         0x0800a167        0x1 
 .rodata._C_numeric_locale
                0x0800a168        0xc c:/arm_gcc/bin/../lib/gcc/arm-none-eabi/9.2.1/../../../../arm-none-eabi/lib/thumb/v7-m/nofp\libc_nano.a(lib_a-lnumeric.o)
                0x0800a168                _C_numeric_locale
 .rodata._setlocale_r.str1.1
                0x0800a174        0x8 c:/arm_gcc/bin/../lib/gcc/arm-none-eabi/9.2.1/../../../../arm-none-eabi/lib/thumb/v7-m/nofp\libc_nano.a(lib_a-locale.o)
                                  0x9 (size before relaxing)
 .rodata.str1.1
                0x0800a17c        0x2 c:/arm_gcc/bin/../lib/gcc/arm-none-eabi/9.2.1/../../../../arm-none-eabi/lib/thumb/v7-m/nofp\libc_nano.a(lib_a-locale.o)
 *fill*         0x0800a17c        0x4 
 .rodata.__mprec_bigtens
                0x0800a180       0x28 c:/arm_gcc/bin/../lib/gcc/arm-none-eabi/9.2.1/../../../../arm-none-eabi/lib/thumb/v7-m/nofp\libc_nano.a(lib_a-mprec.o)
                0x0800a180                __mprec_bigtens
 .rodata.__mprec_tens
                0x0800a1a8       0xc8 c:/arm_gcc/bin/../lib/gcc/arm-none-eabi/9.2.1/../../../../arm-none-eabi/lib/thumb/v7-m/nofp\libc_nano.a(lib_a-mprec.o)
                0x0800a1a8                __mprec_tens
 .rodata.p05.6127
                0x0800a270        0xc c:/arm_gcc/bin/../lib/gcc/arm-none-eabi/9.2.1/../../../../arm-none-eabi/lib/thumb/v7-m/nofp\libc_nano.a(lib_a-mprec.o)
 .rodata._svfprintf_r.str1.1
                0x0800a27c       0x11 c:/arm_gcc/bin/../lib/gcc/arm-none-eabi/9.2.1/../../../../arm-none-eabi/lib/thumb/v7-m/nofp\libc_nano.a(lib_a-nano-svfprintf.o)
 *fill*         0x0800a28d        0x3 
 .rodata.acosf.str1.4
                0x0800a290        0x6 c:/arm_gcc/bin/../lib/gcc/arm-none-eabi/9.2.1/../../../../arm-none-eabi/lib/thumb/v7-m/nofp\libm.a(lib_a-wf_acos.o)
                                  0x9 (size before relaxing)
 *fill*         0x0800a296        0x2 
 .rodata.sqrtf.str1.4
                0x0800a298        0x6 c:/arm_gcc/bin/../lib/gcc/arm-none-eabi/9.2.1/../../../../arm-none-eabi/lib/thumb/v7-m/nofp\libm.a(lib_a-wf_sqrt.o)
                0x0800a2a0                . = ALIGN (0x4)
 *fill*         0x0800a29e        0x2 

.rel.dyn        0x0800a2a0        0x0
 .rel.iplt      0x0800a2a0        0x0 c:/arm_gcc/bin/../lib/gcc/arm-none-eabi/9.2.1/thumb/v7-m/nofp/crtbegin.o

.ARM.extab
 *(.ARM.extab* .gnu.linkonce.armextab.*)

.ARM            0x0800a2a0        0x0
                0x0800a2a0                __exidx_start = .
 *(.ARM.exidx*)
                0x0800a2a0                __exidx_end = .

.preinit_array  0x0800a2a0        0x0
                0x0800a2a0                PROVIDE (__preinit_array_start = .)
 *(.preinit_array*)
                0x0800a2a0                PROVIDE (__preinit_array_end = .)

.init_array     0x0800a2a0        0x4
                0x0800a2a0                PROVIDE (__init_array_start = .)
 *(SORT_BY_NAME(.init_array.*))
 *(.init_array*)
 .init_array    0x0800a2a0        0x4 c:/arm_gcc/bin/../lib/gcc/arm-none-eabi/9.2.1/thumb/v7-m/nofp/crtbegin.o
                0x0800a2a4                PROVIDE (__init_array_end = .)

.fini_array     0x0800a2a4        0x4
                [!provide]                PROVIDE (__fini_array_start = .)
 *(SORT_BY_NAME(.fini_array.*))
 *(.fini_array*)
 .fini_array    0x0800a2a4        0x4 c:/arm_gcc/bin/../lib/gcc/arm-none-eabi/9.2.1/thumb/v7-m/nofp/crtbegin.o
                [!provide]                PROVIDE (__fini_array_end = .)
                0x0800a2a8                _sidata = LOADADDR (.data)

.data           0x20000000      0x2d0 load address 0x0800a2a8
                0x20000000                . = ALIGN (0x4)
                0x20000000                _sdata = .
 *(.data)
 *(.data*)
 .data.gyro_k   0x20000000        0xc build/easy_angle.o
                0x20000000                gyro_k
 .data.RX_ADDRESS
                0x2000000c        0xf build/nrf24l01.o
                0x2000000c                RX_ADDRESS
 *fill*         0x2000001b        0x1 
 .data.TX_ADDRESS
                0x2000001c        0x5 build/nrf24l01.o
                0x2000001c                TX_ADDRESS
 .data.Rx_Mode  0x20000021        0x1 build/uart_ext.o
 *fill*         0x20000022        0x2 
 .data.s        0x20000024       0x16 build/uart_ext.o
                0x20000024                s
 *fill*         0x2000003a        0x2 
 .data.L_Servor_Middle
                0x2000003c        0x4 build/control.o
                0x2000003c                L_Servor_Middle
 .data.Pitch_Angle_Speed_PID
                0x20000040       0x20 build/control.o
                0x20000040                Pitch_Angle_Speed_PID
 .data.Pitch_PID
                0x20000060       0x20 build/control.o
                0x20000060                Pitch_PID
 .data.Pitch_Stable
                0x20000080        0x4 build/control.o
                0x20000080                Pitch_Stable
 .data.R_Servor_Middle
                0x20000084        0x4 build/control.o
                0x20000084                R_Servor_Middle
 .data.Roll_Angle_Speed_PID
                0x20000088       0x20 build/control.o
                0x20000088                Roll_Angle_Speed_PID
 .data.Roll_PID
                0x200000a8       0x20 build/control.o
                0x200000a8                Roll_PID
 .data.Roll_Stable
                0x200000c8        0x4 build/control.o
                0x200000c8                Roll_Stable
 .data.Theta_Angle_Speed_PID
                0x200000cc       0x20 build/control.o
                0x200000cc                Theta_Angle_Speed_PID
 .data.uwTickFreq
                0x200000ec        0x1 build/stm32f1xx_hal.o
                0x200000ec                uwTickFreq
 *fill*         0x200000ed        0x3 
 .data.uwTickPrio
                0x200000f0        0x4 build/stm32f1xx_hal.o
                0x200000f0                uwTickPrio
 .data.SystemCoreClock
                0x200000f4        0x4 build/system_stm32f1xx.o
                0x200000f4                SystemCoreClock
 .data._impure_ptr
                0x200000f8        0x4 c:/arm_gcc/bin/../lib/gcc/arm-none-eabi/9.2.1/../../../../arm-none-eabi/lib/thumb/v7-m/nofp\libc_nano.a(lib_a-impure.o)
                0x200000f8                _impure_ptr
 .data.impure_data
                0x200000fc       0x60 c:/arm_gcc/bin/../lib/gcc/arm-none-eabi/9.2.1/../../../../arm-none-eabi/lib/thumb/v7-m/nofp\libc_nano.a(lib_a-impure.o)
 .data.numempty
                0x2000015c        0x2 c:/arm_gcc/bin/../lib/gcc/arm-none-eabi/9.2.1/../../../../arm-none-eabi/lib/thumb/v7-m/nofp\libc_nano.a(lib_a-lnumeric.o)
 *fill*         0x2000015e        0x2 
 .data.__global_locale
                0x20000160      0x16c c:/arm_gcc/bin/../lib/gcc/arm-none-eabi/9.2.1/../../../../arm-none-eabi/lib/thumb/v7-m/nofp\libc_nano.a(lib_a-locale.o)
                0x20000160                __global_locale
 .data.__fdlib_version
                0x200002cc        0x1 c:/arm_gcc/bin/../lib/gcc/arm-none-eabi/9.2.1/../../../../arm-none-eabi/lib/thumb/v7-m/nofp\libm.a(lib_a-s_lib_ver.o)
                0x200002cc                __fdlib_version
                0x200002d0                . = ALIGN (0x4)
 *fill*         0x200002cd        0x3 
                0x200002d0                _edata = .

.igot.plt       0x200002d0        0x0 load address 0x0800a578
 .igot.plt      0x200002d0        0x0 c:/arm_gcc/bin/../lib/gcc/arm-none-eabi/9.2.1/thumb/v7-m/nofp/crtbegin.o
                0x200002d0                . = ALIGN (0x4)

.bss            0x200002d0      0x5b0 load address 0x0800a578
                0x200002d0                _sbss = .
                0x200002d0                __bss_start__ = _sbss
 *(.bss)
 .bss           0x200002d0       0x1c c:/arm_gcc/bin/../lib/gcc/arm-none-eabi/9.2.1/thumb/v7-m/nofp/crtbegin.o
 *(.bss*)
 .bss.CONFIG_VALUE
                0x200002ec        0x1 build/nrf24l01.o
                0x200002ec                CONFIG_VALUE
 *fill*         0x200002ed        0x3 
 .bss.NRF_RX_Data
                0x200002f0        0xa build/nrf24l01.o
                0x200002f0                NRF_RX_Data
 .bss.Tx_Mode   0x200002fa        0x1 build/uart_ext.o
 *fill*         0x200002fb        0x1 
 .bss.buffer_rx_count
                0x200002fc        0x4 build/uart_ext.o
                0x200002fc                buffer_rx_count
 .bss.debug_uart
                0x20000300        0x4 build/uart_ext.o
 .bss.Aircraft_Mode
                0x20000304        0x1 build/control.o
                0x20000304                Aircraft_Mode
 *fill*         0x20000305        0x3 
 .bss.BAT_Voltage
                0x20000308        0x4 build/control.o
                0x20000308                BAT_Voltage
 .bss.MS_5_Flag
                0x2000030c        0x1 build/control.o
                0x2000030c                MS_5_Flag
 *fill*         0x2000030d        0x3 
 .bss.Ms_Cnt.8928
                0x20000310        0x4 build/control.o
 .bss.Servor_Width_Limit
                0x20000314        0x4 build/control.o
                0x20000314                Servor_Width_Limit
 .bss.Theta_PID
                0x20000318       0x20 build/control.o
                0x20000318                Theta_PID
 .bss.ac.8900   0x20000338        0x6 build/control.o
 *fill*         0x2000033e        0x2 
 .bss.ac_angle.8903
                0x20000340        0xc build/control.o
 .bss.angle.8904
                0x2000034c        0xc build/control.o
 .bss.angle_speed.8902
                0x20000358        0xc build/control.o
 .bss.gy.8901   0x20000364        0x6 build/control.o
 *fill*         0x2000036a        0x2 
 .bss.loop_cnt.8911
                0x2000036c        0x4 build/control.o
 .bss.Init_OK   0x20000370        0x1 build/main.o
                0x20000370                Init_OK
 *fill*         0x20000371        0x3 
 .bss.__malloc_free_list
                0x20000374        0x4 c:/arm_gcc/bin/../lib/gcc/arm-none-eabi/9.2.1/../../../../arm-none-eabi/lib/thumb/v7-m/nofp\libc_nano.a(lib_a-nano-mallocr.o)
                0x20000374                __malloc_free_list
 .bss.__malloc_sbrk_start
                0x20000378        0x4 c:/arm_gcc/bin/../lib/gcc/arm-none-eabi/9.2.1/../../../../arm-none-eabi/lib/thumb/v7-m/nofp\libc_nano.a(lib_a-nano-mallocr.o)
                0x20000378                __malloc_sbrk_start
 .bss.heap_end.4144
                0x2000037c        0x4 c:/arm_gcc/bin/../lib/gcc/arm-none-eabi/9.2.1/../../../../arm-none-eabi/lib/thumb/v7-m/nofp\libnosys.a(sbrk.o)
 *(COMMON)
 COMMON         0x20000380      0x194 build/command.o
                0x20000380                CMD
 COMMON         0x20000514       0x18 build/i2c_ext.o
                0x20000514                I2C_USE
                0x20000518                SCL_GPIO_PIN
                0x2000051c                I2C_Init_Func
                0x20000520                SDA_GPIO_PIN
                0x20000524                SDA_GPIO_PORT
                0x20000528                SCL_GPIO_PORT
 COMMON         0x2000052c       0x30 build/icm20600.o
                0x2000052c                MPU9250
                0x2000054c                MPU9250_Setting
 COMMON         0x2000055c       0x18 build/nrf24l01.o
                0x2000055c                SPI_USE
                0x20000560                CE_GPIO_PIN
                0x20000564                CE_GPIO_PORT
                0x20000568                STATUS_VALUE
                0x20000569                FIFO_State
                0x2000056c                CSN_GPIO_PIN
                0x20000570                CSN_GPIO_PORT
 COMMON         0x20000574       0x86 build/uart_ext.o
                0x20000574                buffer_rx
                0x20000592                buffer_rx_OK
                0x20000594                uart_buffer
                0x200005f9                buffer_rx_temp
 *fill*         0x200005fa        0x2 
 COMMON         0x200005fc        0xc build/control.o
                0x200005fc                Thrust_Value
                0x20000600                Roll
                0x20000604                Pitch
 COMMON         0x20000608       0x30 build/adc.o
                0x20000608                hadc1
 COMMON         0x20000638       0x54 build/i2c.o
                0x20000638                hi2c1
 COMMON         0x2000068c       0x58 build/spi.o
                0x2000068c                hspi2
 COMMON         0x200006e4      0x104 build/tim.o
                0x200006e4                hdma_tim1_ch4_trig_com
                0x20000728                htim3
                0x20000768                htim1
                0x200007a8                htim2
 COMMON         0x200007e8       0x84 build/usart.o
                0x200007e8                hdma_usart1_rx
                0x2000082c                huart1
 COMMON         0x2000086c        0x4 build/stm32f1xx_hal.o
                0x2000086c                uwTick
 COMMON         0x20000870        0x4 c:/arm_gcc/bin/../lib/gcc/arm-none-eabi/9.2.1/../../../../arm-none-eabi/lib/thumb/v7-m/nofp\libc_nano.a(lib_a-reent.o)
                0x20000870                errno
 COMMON         0x20000874        0x9 c:/arm_gcc/bin/../lib/gcc/arm-none-eabi/9.2.1/../../../../arm-none-eabi/lib/thumb/v7-m/nofp\libc_nano.a(lib_a-lock.o)
                0x20000874                __lock___atexit_recursive_mutex
                0x20000875                __lock___arc4random_mutex
                0x20000876                __lock___env_recursive_mutex
                0x20000877                __lock___sinit_recursive_mutex
                0x20000878                __lock___malloc_recursive_mutex
                0x20000879                __lock___at_quick_exit_mutex
                0x2000087a                __lock___dd_hash_mutex
                0x2000087b                __lock___tz_mutex
                0x2000087c                __lock___sfp_recursive_mutex
                0x20000880                . = ALIGN (0x4)
 *fill*         0x2000087d        0x3 
                0x20000880                _ebss = .
                0x20000880                __bss_end__ = _ebss

._user_heap_stack
                0x20000880      0x600 load address 0x0800a578
                0x20000880                . = ALIGN (0x8)
                0x20000880                PROVIDE (end = .)
                [!provide]                PROVIDE (_end = .)
                0x20000a80                . = (. + _Min_Heap_Size)
 *fill*         0x20000880      0x200 
                0x20000e80                . = (. + _Min_Stack_Size)
 *fill*         0x20000a80      0x400 
                0x20000e80                . = ALIGN (0x8)

/DISCARD/
 libc.a(*)
 libm.a(*)
 libgcc.a(*)

.ARM.attributes
                0x00000000       0x29
 *(.ARM.attributes)
 .ARM.attributes
                0x00000000       0x1d c:/arm_gcc/bin/../lib/gcc/arm-none-eabi/9.2.1/thumb/v7-m/nofp/crti.o
 .ARM.attributes
                0x0000001d       0x2d c:/arm_gcc/bin/../lib/gcc/arm-none-eabi/9.2.1/thumb/v7-m/nofp/crtbegin.o
 .ARM.attributes
                0x0000004a       0x2d build/command.o
 .ARM.attributes
                0x00000077       0x2d build/easy_angle.o
 .ARM.attributes
                0x000000a4       0x2d build/i2c_ext.o
 .ARM.attributes
                0x000000d1       0x2d build/icm20600.o
 .ARM.attributes
                0x000000fe       0x2d build/nrf24l01.o
 .ARM.attributes
                0x0000012b       0x2d build/pid.o
 .ARM.attributes
                0x00000158       0x2d build/uart_ext.o
 .ARM.attributes
                0x00000185       0x2d build/cmd_fun.o
 .ARM.attributes
                0x000001b2       0x2d build/control.o
 .ARM.attributes
                0x000001df       0x2d build/main.o
 .ARM.attributes
                0x0000020c       0x2d build/gpio.o
 .ARM.attributes
                0x00000239       0x2d build/adc.o
 .ARM.attributes
                0x00000266       0x2d build/dma.o
 .ARM.attributes
                0x00000293       0x2d build/i2c.o
 .ARM.attributes
                0x000002c0       0x2d build/spi.o
 .ARM.attributes
                0x000002ed       0x2d build/tim.o
 .ARM.attributes
                0x0000031a       0x2d build/usart.o
 .ARM.attributes
                0x00000347       0x2d build/stm32f1xx_it.o
 .ARM.attributes
                0x00000374       0x2d build/stm32f1xx_hal_msp.o
 .ARM.attributes
                0x000003a1       0x2d build/stm32f1xx_hal_adc.o
 .ARM.attributes
                0x000003ce       0x2d build/stm32f1xx_hal_i2c.o
 .ARM.attributes
                0x000003fb       0x2d build/stm32f1xx_hal_spi.o
 .ARM.attributes
                0x00000428       0x2d build/stm32f1xx_hal_tim.o
 .ARM.attributes
                0x00000455       0x2d build/stm32f1xx_hal_tim_ex.o
 .ARM.attributes
                0x00000482       0x2d build/stm32f1xx_hal_uart.o
 .ARM.attributes
                0x000004af       0x2d build/stm32f1xx_hal.o
 .ARM.attributes
                0x000004dc       0x2d build/stm32f1xx_hal_rcc.o
 .ARM.attributes
                0x00000509       0x2d build/stm32f1xx_hal_rcc_ex.o
 .ARM.attributes
                0x00000536       0x2d build/stm32f1xx_hal_gpio.o
 .ARM.attributes
                0x00000563       0x2d build/stm32f1xx_hal_dma.o
 .ARM.attributes
                0x00000590       0x2d build/stm32f1xx_hal_cortex.o
 .ARM.attributes
                0x000005bd       0x2d build/system_stm32f1xx.o
 .ARM.attributes
                0x000005ea       0x21 build/startup_stm32f103xb.o
 .ARM.attributes
                0x0000060b       0x2d c:/arm_gcc/bin/../lib/gcc/arm-none-eabi/9.2.1/../../../../arm-none-eabi/lib/thumb/v7-m/nofp\libc_nano.a(lib_a-atof.o)
 .ARM.attributes
                0x00000638       0x2d c:/arm_gcc/bin/../lib/gcc/arm-none-eabi/9.2.1/../../../../arm-none-eabi/lib/thumb/v7-m/nofp\libc_nano.a(lib_a-ctype_.o)
 .ARM.attributes
                0x00000665       0x2d c:/arm_gcc/bin/../lib/gcc/arm-none-eabi/9.2.1/../../../../arm-none-eabi/lib/thumb/v7-m/nofp\libc_nano.a(lib_a-impure.o)
 .ARM.attributes
                0x00000692       0x2d c:/arm_gcc/bin/../lib/gcc/arm-none-eabi/9.2.1/../../../../arm-none-eabi/lib/thumb/v7-m/nofp\libc_nano.a(lib_a-init.o)
 .ARM.attributes
                0x000006bf       0x2d c:/arm_gcc/bin/../lib/gcc/arm-none-eabi/9.2.1/../../../../arm-none-eabi/lib/thumb/v7-m/nofp\libc_nano.a(lib_a-malloc.o)
 .ARM.attributes
                0x000006ec       0x2d c:/arm_gcc/bin/../lib/gcc/arm-none-eabi/9.2.1/../../../../arm-none-eabi/lib/thumb/v7-m/nofp\libc_nano.a(lib_a-memcpy-stub.o)
 .ARM.attributes
                0x00000719       0x2d c:/arm_gcc/bin/../lib/gcc/arm-none-eabi/9.2.1/../../../../arm-none-eabi/lib/thumb/v7-m/nofp\libc_nano.a(lib_a-memset.o)
 .ARM.attributes
                0x00000746       0x2d c:/arm_gcc/bin/../lib/gcc/arm-none-eabi/9.2.1/../../../../arm-none-eabi/lib/thumb/v7-m/nofp\libc_nano.a(lib_a-nano-freer.o)
 .ARM.attributes
                0x00000773       0x2d c:/arm_gcc/bin/../lib/gcc/arm-none-eabi/9.2.1/../../../../arm-none-eabi/lib/thumb/v7-m/nofp\libc_nano.a(lib_a-nano-mallocr.o)
 .ARM.attributes
                0x000007a0       0x2d c:/arm_gcc/bin/../lib/gcc/arm-none-eabi/9.2.1/../../../../arm-none-eabi/lib/thumb/v7-m/nofp\libc_nano.a(lib_a-nano-vfprintf_float.o)
 .ARM.attributes
                0x000007cd       0x2d c:/arm_gcc/bin/../lib/gcc/arm-none-eabi/9.2.1/../../../../arm-none-eabi/lib/thumb/v7-m/nofp\libc_nano.a(lib_a-nano-vfprintf_i.o)
 .ARM.attributes
                0x000007fa       0x2d c:/arm_gcc/bin/../lib/gcc/arm-none-eabi/9.2.1/../../../../arm-none-eabi/lib/thumb/v7-m/nofp\libc_nano.a(lib_a-sbrkr.o)
 .ARM.attributes
                0x00000827       0x17 c:/arm_gcc/bin/../lib/gcc/arm-none-eabi/9.2.1/../../../../arm-none-eabi/lib/thumb/v7-m/nofp\libc_nano.a(lib_a-strlen.o)
 .ARM.attributes
                0x0000083e       0x2d c:/arm_gcc/bin/../lib/gcc/arm-none-eabi/9.2.1/../../../../arm-none-eabi/lib/thumb/v7-m/nofp\libc_nano.a(lib_a-strtod.o)
 .ARM.attributes
                0x0000086b       0x2d c:/arm_gcc/bin/../lib/gcc/arm-none-eabi/9.2.1/../../../../arm-none-eabi/lib/thumb/v7-m/nofp\libc_nano.a(lib_a-vsnprintf.o)
 .ARM.attributes
                0x00000898       0x2d c:/arm_gcc/bin/../lib/gcc/arm-none-eabi/9.2.1/../../../../arm-none-eabi/lib/thumb/v7-m/nofp\libc_nano.a(lib_a-dtoa.o)
 .ARM.attributes
                0x000008c5       0x2d c:/arm_gcc/bin/../lib/gcc/arm-none-eabi/9.2.1/../../../../arm-none-eabi/lib/thumb/v7-m/nofp\libc_nano.a(lib_a-gdtoa-gethex.o)
 .ARM.attributes
                0x000008f2       0x2d c:/arm_gcc/bin/../lib/gcc/arm-none-eabi/9.2.1/../../../../arm-none-eabi/lib/thumb/v7-m/nofp\libc_nano.a(lib_a-gdtoa-hexnan.o)
 .ARM.attributes
                0x0000091f       0x2d c:/arm_gcc/bin/../lib/gcc/arm-none-eabi/9.2.1/../../../../arm-none-eabi/lib/thumb/v7-m/nofp\libc_nano.a(lib_a-lnumeric.o)
 .ARM.attributes
                0x0000094c       0x2d c:/arm_gcc/bin/../lib/gcc/arm-none-eabi/9.2.1/../../../../arm-none-eabi/lib/thumb/v7-m/nofp\libc_nano.a(lib_a-locale.o)
 .ARM.attributes
                0x00000979       0x2d c:/arm_gcc/bin/../lib/gcc/arm-none-eabi/9.2.1/../../../../arm-none-eabi/lib/thumb/v7-m/nofp\libc_nano.a(lib_a-localeconv.o)
 .ARM.attributes
                0x000009a6       0x2d c:/arm_gcc/bin/../lib/gcc/arm-none-eabi/9.2.1/../../../../arm-none-eabi/lib/thumb/v7-m/nofp\libc_nano.a(lib_a-mbtowc_r.o)
 .ARM.attributes
                0x000009d3       0x2d c:/arm_gcc/bin/../lib/gcc/arm-none-eabi/9.2.1/../../../../arm-none-eabi/lib/thumb/v7-m/nofp\libc_nano.a(lib_a-memchr-stub.o)
 .ARM.attributes
                0x00000a00       0x2d c:/arm_gcc/bin/../lib/gcc/arm-none-eabi/9.2.1/../../../../arm-none-eabi/lib/thumb/v7-m/nofp\libc_nano.a(lib_a-mlock.o)
 .ARM.attributes
                0x00000a2d       0x2d c:/arm_gcc/bin/../lib/gcc/arm-none-eabi/9.2.1/../../../../arm-none-eabi/lib/thumb/v7-m/nofp\libc_nano.a(lib_a-mprec.o)
 .ARM.attributes
                0x00000a5a       0x2d c:/arm_gcc/bin/../lib/gcc/arm-none-eabi/9.2.1/../../../../arm-none-eabi/lib/thumb/v7-m/nofp\libc_nano.a(lib_a-nano-callocr.o)
 .ARM.attributes
                0x00000a87       0x2d c:/arm_gcc/bin/../lib/gcc/arm-none-eabi/9.2.1/../../../../arm-none-eabi/lib/thumb/v7-m/nofp\libc_nano.a(lib_a-nano-svfprintf.o)
 .ARM.attributes
                0x00000ab4       0x2d c:/arm_gcc/bin/../lib/gcc/arm-none-eabi/9.2.1/../../../../arm-none-eabi/lib/thumb/v7-m/nofp\libc_nano.a(lib_a-reent.o)
 .ARM.attributes
                0x00000ae1       0x2d c:/arm_gcc/bin/../lib/gcc/arm-none-eabi/9.2.1/../../../../arm-none-eabi/lib/thumb/v7-m/nofp\libc_nano.a(lib_a-s_nan.o)
 .ARM.attributes
                0x00000b0e       0x2d c:/arm_gcc/bin/../lib/gcc/arm-none-eabi/9.2.1/../../../../arm-none-eabi/lib/thumb/v7-m/nofp\libc_nano.a(lib_a-strncmp.o)
 .ARM.attributes
                0x00000b3b       0x2d c:/arm_gcc/bin/../lib/gcc/arm-none-eabi/9.2.1/../../../../arm-none-eabi/lib/thumb/v7-m/nofp\libc_nano.a(lib_a-wctomb_r.o)
 .ARM.attributes
                0x00000b68       0x2d c:/arm_gcc/bin/../lib/gcc/arm-none-eabi/9.2.1/../../../../arm-none-eabi/lib/thumb/v7-m/nofp\libc_nano.a(lib_a-lock.o)
 .ARM.attributes
                0x00000b95       0x2d c:/arm_gcc/bin/../lib/gcc/arm-none-eabi/9.2.1/../../../../arm-none-eabi/lib/thumb/v7-m/nofp\libc_nano.a(lib_a-memmove.o)
 .ARM.attributes
                0x00000bc2       0x2d c:/arm_gcc/bin/../lib/gcc/arm-none-eabi/9.2.1/../../../../arm-none-eabi/lib/thumb/v7-m/nofp\libc_nano.a(lib_a-nano-reallocr.o)
 .ARM.attributes
                0x00000bef       0x2d c:/arm_gcc/bin/../lib/gcc/arm-none-eabi/9.2.1/../../../../arm-none-eabi/lib/thumb/v7-m/nofp\libc_nano.a(lib_a-nano-msizer.o)
 .ARM.attributes
                0x00000c1c       0x2d c:/arm_gcc/bin/../lib/gcc/arm-none-eabi/9.2.1/../../../../arm-none-eabi/lib/thumb/v7-m/nofp\libm.a(lib_a-wf_acos.o)
 .ARM.attributes
                0x00000c49       0x2d c:/arm_gcc/bin/../lib/gcc/arm-none-eabi/9.2.1/../../../../arm-none-eabi/lib/thumb/v7-m/nofp\libm.a(lib_a-wf_sqrt.o)
 .ARM.attributes
                0x00000c76       0x2d c:/arm_gcc/bin/../lib/gcc/arm-none-eabi/9.2.1/../../../../arm-none-eabi/lib/thumb/v7-m/nofp\libm.a(lib_a-ef_acos.o)
 .ARM.attributes
                0x00000ca3       0x2d c:/arm_gcc/bin/../lib/gcc/arm-none-eabi/9.2.1/../../../../arm-none-eabi/lib/thumb/v7-m/nofp\libm.a(lib_a-ef_sqrt.o)
 .ARM.attributes
                0x00000cd0       0x2d c:/arm_gcc/bin/../lib/gcc/arm-none-eabi/9.2.1/../../../../arm-none-eabi/lib/thumb/v7-m/nofp\libm.a(lib_a-s_lib_ver.o)
 .ARM.attributes
                0x00000cfd       0x2d c:/arm_gcc/bin/../lib/gcc/arm-none-eabi/9.2.1/../../../../arm-none-eabi/lib/thumb/v7-m/nofp\libm.a(lib_a-s_matherr.o)
 .ARM.attributes
                0x00000d2a       0x2d c:/arm_gcc/bin/../lib/gcc/arm-none-eabi/9.2.1/../../../../arm-none-eabi/lib/thumb/v7-m/nofp\libm.a(lib_a-sf_fabs.o)
 .ARM.attributes
                0x00000d57       0x2d c:/arm_gcc/bin/../lib/gcc/arm-none-eabi/9.2.1/../../../../arm-none-eabi/lib/thumb/v7-m/nofp\libnosys.a(sbrk.o)
 .ARM.attributes
                0x00000d84       0x1d c:/arm_gcc/bin/../lib/gcc/arm-none-eabi/9.2.1/thumb/v7-m/nofp\libgcc.a(_arm_addsubdf3.o)
 .ARM.attributes
                0x00000da1       0x1d c:/arm_gcc/bin/../lib/gcc/arm-none-eabi/9.2.1/thumb/v7-m/nofp\libgcc.a(_arm_muldivdf3.o)
 .ARM.attributes
                0x00000dbe       0x1d c:/arm_gcc/bin/../lib/gcc/arm-none-eabi/9.2.1/thumb/v7-m/nofp\libgcc.a(_arm_cmpdf2.o)
 .ARM.attributes
                0x00000ddb       0x1d c:/arm_gcc/bin/../lib/gcc/arm-none-eabi/9.2.1/thumb/v7-m/nofp\libgcc.a(_arm_unorddf2.o)
 .ARM.attributes
                0x00000df8       0x1d c:/arm_gcc/bin/../lib/gcc/arm-none-eabi/9.2.1/thumb/v7-m/nofp\libgcc.a(_arm_fixdfsi.o)
 .ARM.attributes
                0x00000e15       0x1d c:/arm_gcc/bin/../lib/gcc/arm-none-eabi/9.2.1/thumb/v7-m/nofp\libgcc.a(_arm_fixunsdfsi.o)
 .ARM.attributes
                0x00000e32       0x1d c:/arm_gcc/bin/../lib/gcc/arm-none-eabi/9.2.1/thumb/v7-m/nofp\libgcc.a(_arm_truncdfsf2.o)
 .ARM.attributes
                0x00000e4f       0x1d c:/arm_gcc/bin/../lib/gcc/arm-none-eabi/9.2.1/thumb/v7-m/nofp\libgcc.a(_arm_addsubsf3.o)
 .ARM.attributes
                0x00000e6c       0x1d c:/arm_gcc/bin/../lib/gcc/arm-none-eabi/9.2.1/thumb/v7-m/nofp\libgcc.a(_arm_muldivsf3.o)
 .ARM.attributes
                0x00000e89       0x1d c:/arm_gcc/bin/../lib/gcc/arm-none-eabi/9.2.1/thumb/v7-m/nofp\libgcc.a(_arm_cmpsf2.o)
 .ARM.attributes
                0x00000ea6       0x1d c:/arm_gcc/bin/../lib/gcc/arm-none-eabi/9.2.1/thumb/v7-m/nofp\libgcc.a(_arm_unordsf2.o)
 .ARM.attributes
                0x00000ec3       0x1d c:/arm_gcc/bin/../lib/gcc/arm-none-eabi/9.2.1/thumb/v7-m/nofp\libgcc.a(_arm_fixsfsi.o)
 .ARM.attributes
                0x00000ee0       0x2d c:/arm_gcc/bin/../lib/gcc/arm-none-eabi/9.2.1/thumb/v7-m/nofp\libgcc.a(_fixdfdi.o)
 .ARM.attributes
                0x00000f0d       0x2d c:/arm_gcc/bin/../lib/gcc/arm-none-eabi/9.2.1/thumb/v7-m/nofp\libgcc.a(_fixunsdfdi.o)
 .ARM.attributes
                0x00000f3a       0x2d c:/arm_gcc/bin/../lib/gcc/arm-none-eabi/9.2.1/../../../../arm-none-eabi/lib/thumb/v7-m/nofp\libc_nano.a(lib_a-errno.o)
 .ARM.attributes
                0x00000f67       0x1d c:/arm_gcc/bin/../lib/gcc/arm-none-eabi/9.2.1/thumb/v7-m/nofp/crtn.o
OUTPUT(build/Rotor_Code.elf elf32-littlearm)

.debug_info     0x00000000    0x2449f
 .debug_info    0x00000000     0x146f build/command.o
 .debug_info    0x0000146f      0xb85 build/easy_angle.o
 .debug_info    0x00001ff4     0x15e9 build/i2c_ext.o
 .debug_info    0x000035dd      0xe68 build/icm20600.o
 .debug_info    0x00004445     0x1fe1 build/nrf24l01.o
 .debug_info    0x00006426      0x17b build/pid.o
 .debug_info    0x000065a1     0x158c build/uart_ext.o
 .debug_info    0x00007b2d     0x197c build/cmd_fun.o
 .debug_info    0x000094a9     0x2338 build/control.o
 .debug_info    0x0000b7e1     0x244f build/main.o
 .debug_info    0x0000dc30      0x44f build/gpio.o
 .debug_info    0x0000e07f      0xa0b build/adc.o
 .debug_info    0x0000ea8a      0x431 build/dma.o
 .debug_info    0x0000eebb      0xabe build/i2c.o
 .debug_info    0x0000f979      0xa02 build/spi.o
 .debug_info    0x0001037b     0x109c build/tim.o
 .debug_info    0x00011417      0xba9 build/usart.o
 .debug_info    0x00011fc0      0xb61 build/stm32f1xx_it.o
 .debug_info    0x00012b21      0x324 build/stm32f1xx_hal_msp.o
 .debug_info    0x00012e45     0x10eb build/stm32f1xx_hal_adc.o
 .debug_info    0x00013f30     0x3bbc build/stm32f1xx_hal_i2c.o
 .debug_info    0x00017aec     0x1f43 build/stm32f1xx_hal_spi.o
 .debug_info    0x00019a2f     0x3948 build/stm32f1xx_hal_tim.o
 .debug_info    0x0001d377     0x1813 build/stm32f1xx_hal_tim_ex.o
 .debug_info    0x0001eb8a     0x1a9a build/stm32f1xx_hal_uart.o
 .debug_info    0x00020624      0x8c6 build/stm32f1xx_hal.o
 .debug_info    0x00020eea      0xb59 build/stm32f1xx_hal_rcc.o
 .debug_info    0x00021a43      0x533 build/stm32f1xx_hal_rcc_ex.o
 .debug_info    0x00021f76      0x7a8 build/stm32f1xx_hal_gpio.o
 .debug_info    0x0002271e      0x9a7 build/stm32f1xx_hal_dma.o
 .debug_info    0x000230c5      0xee9 build/stm32f1xx_hal_cortex.o
 .debug_info    0x00023fae      0x4cf build/system_stm32f1xx.o
 .debug_info    0x0002447d       0x22 build/startup_stm32f103xb.o

.debug_abbrev   0x00000000     0x4f10
 .debug_abbrev  0x00000000      0x317 build/command.o
 .debug_abbrev  0x00000317      0x24f build/easy_angle.o
 .debug_abbrev  0x00000566      0x332 build/i2c_ext.o
 .debug_abbrev  0x00000898      0x303 build/icm20600.o
 .debug_abbrev  0x00000b9b      0x3bf build/nrf24l01.o
 .debug_abbrev  0x00000f5a      0x103 build/pid.o
 .debug_abbrev  0x0000105d      0x33c build/uart_ext.o
 .debug_abbrev  0x00001399      0x2fd build/cmd_fun.o
 .debug_abbrev  0x00001696      0x3c0 build/control.o
 .debug_abbrev  0x00001a56      0x2c9 build/main.o
 .debug_abbrev  0x00001d1f      0x17e build/gpio.o
 .debug_abbrev  0x00001e9d      0x1f1 build/adc.o
 .debug_abbrev  0x0000208e      0x156 build/dma.o
 .debug_abbrev  0x000021e4      0x205 build/i2c.o
 .debug_abbrev  0x000023e9      0x1f1 build/spi.o
 .debug_abbrev  0x000025da      0x2d5 build/tim.o
 .debug_abbrev  0x000028af      0x20d build/usart.o
 .debug_abbrev  0x00002abc      0x1ea build/stm32f1xx_it.o
 .debug_abbrev  0x00002ca6      0x130 build/stm32f1xx_hal_msp.o
 .debug_abbrev  0x00002dd6      0x265 build/stm32f1xx_hal_adc.o
 .debug_abbrev  0x0000303b      0x332 build/stm32f1xx_hal_i2c.o
 .debug_abbrev  0x0000336d      0x2be build/stm32f1xx_hal_spi.o
 .debug_abbrev  0x0000362b      0x2c3 build/stm32f1xx_hal_tim.o
 .debug_abbrev  0x000038ee      0x2ab build/stm32f1xx_hal_tim_ex.o
 .debug_abbrev  0x00003b99      0x2ea build/stm32f1xx_hal_uart.o
 .debug_abbrev  0x00003e83      0x22f build/stm32f1xx_hal.o
 .debug_abbrev  0x000040b2      0x2ad build/stm32f1xx_hal_rcc.o
 .debug_abbrev  0x0000435f      0x1fb build/stm32f1xx_hal_rcc_ex.o
 .debug_abbrev  0x0000455a      0x24f build/stm32f1xx_hal_gpio.o
 .debug_abbrev  0x000047a9      0x283 build/stm32f1xx_hal_dma.o
 .debug_abbrev  0x00004a2c      0x37f build/stm32f1xx_hal_cortex.o
 .debug_abbrev  0x00004dab      0x153 build/system_stm32f1xx.o
 .debug_abbrev  0x00004efe       0x12 build/startup_stm32f103xb.o

.debug_loc      0x00000000    0x14dc2
 .debug_loc     0x00000000      0x596 build/command.o
 .debug_loc     0x00000596      0x190 build/easy_angle.o
 .debug_loc     0x00000726      0x384 build/i2c_ext.o
 .debug_loc     0x00000aaa      0x49e build/icm20600.o
 .debug_loc     0x00000f48      0x8bb build/nrf24l01.o
 .debug_loc     0x00001803      0x12a build/pid.o
 .debug_loc     0x0000192d      0x488 build/uart_ext.o
 .debug_loc     0x00001db5      0x99b build/cmd_fun.o
 .debug_loc     0x00002750      0x4fc build/control.o
 .debug_loc     0x00002c4c       0x65 build/main.o
 .debug_loc     0x00002cb1       0x38 build/gpio.o
 .debug_loc     0x00002ce9      0x12c build/adc.o
 .debug_loc     0x00002e15       0x38 build/dma.o
 .debug_loc     0x00002e4d      0x14b build/i2c.o
 .debug_loc     0x00002f98      0x108 build/spi.o
 .debug_loc     0x000030a0      0x384 build/tim.o
 .debug_loc     0x00003424       0xf5 build/usart.o
 .debug_loc     0x00003519       0xa0 build/stm32f1xx_it.o
 .debug_loc     0x000035b9       0x41 build/stm32f1xx_hal_msp.o
 .debug_loc     0x000035fa      0xdf1 build/stm32f1xx_hal_adc.o
 .debug_loc     0x000043eb     0x492c build/stm32f1xx_hal_i2c.o
 .debug_loc     0x00008d17     0x2388 build/stm32f1xx_hal_spi.o
 .debug_loc     0x0000b09f     0x4619 build/stm32f1xx_hal_tim.o
 .debug_loc     0x0000f6b8     0x15ad build/stm32f1xx_hal_tim_ex.o
 .debug_loc     0x00010c65     0x1d1b build/stm32f1xx_hal_uart.o
 .debug_loc     0x00012980      0x1bb build/stm32f1xx_hal.o
 .debug_loc     0x00012b3b      0x7c0 build/stm32f1xx_hal_rcc.o
 .debug_loc     0x000132fb      0x40a build/stm32f1xx_hal_rcc_ex.o
 .debug_loc     0x00013705      0x50e build/stm32f1xx_hal_gpio.o
 .debug_loc     0x00013c13      0x901 build/stm32f1xx_hal_dma.o
 .debug_loc     0x00014514      0x7af build/stm32f1xx_hal_cortex.o
 .debug_loc     0x00014cc3       0xff build/system_stm32f1xx.o

.debug_aranges  0x00000000     0x1488
 .debug_aranges
                0x00000000       0x40 build/command.o
 .debug_aranges
                0x00000040       0x20 build/easy_angle.o
 .debug_aranges
                0x00000060       0x40 build/i2c_ext.o
 .debug_aranges
                0x000000a0       0x50 build/icm20600.o
 .debug_aranges
                0x000000f0       0xb0 build/nrf24l01.o
 .debug_aranges
                0x000001a0       0x28 build/pid.o
 .debug_aranges
                0x000001c8       0x68 build/uart_ext.o
 .debug_aranges
                0x00000230       0x50 build/cmd_fun.o
 .debug_aranges
                0x00000280       0x70 build/control.o
 .debug_aranges
                0x000002f0       0x30 build/main.o
 .debug_aranges
                0x00000320       0x20 build/gpio.o
 .debug_aranges
                0x00000340       0x30 build/adc.o
 .debug_aranges
                0x00000370       0x20 build/dma.o
 .debug_aranges
                0x00000390       0x30 build/i2c.o
 .debug_aranges
                0x000003c0       0x30 build/spi.o
 .debug_aranges
                0x000003f0       0x58 build/tim.o
 .debug_aranges
                0x00000448       0x30 build/usart.o
 .debug_aranges
                0x00000478       0x80 build/stm32f1xx_it.o
 .debug_aranges
                0x000004f8       0x20 build/stm32f1xx_hal_msp.o
 .debug_aranges
                0x00000518       0xf0 build/stm32f1xx_hal_adc.o
 .debug_aranges
                0x00000608      0x290 build/stm32f1xx_hal_i2c.o
 .debug_aranges
                0x00000898      0x1d0 build/stm32f1xx_hal_spi.o
 .debug_aranges
                0x00000a68      0x3a8 build/stm32f1xx_hal_tim.o
 .debug_aranges
                0x00000e10      0x150 build/stm32f1xx_hal_tim_ex.o
 .debug_aranges
                0x00000f60      0x1d0 build/stm32f1xx_hal_uart.o
 .debug_aranges
                0x00001130       0xe0 build/stm32f1xx_hal.o
 .debug_aranges
                0x00001210       0x90 build/stm32f1xx_hal_rcc.o
 .debug_aranges
                0x000012a0       0x30 build/stm32f1xx_hal_rcc_ex.o
 .debug_aranges
                0x000012d0       0x58 build/stm32f1xx_hal_gpio.o
 .debug_aranges
                0x00001328       0x80 build/stm32f1xx_hal_dma.o
 .debug_aranges
                0x000013a8       0x90 build/stm32f1xx_hal_cortex.o
 .debug_aranges
                0x00001438       0x28 build/system_stm32f1xx.o
 .debug_aranges
                0x00001460       0x28 build/startup_stm32f103xb.o

.debug_ranges   0x00000000     0x1360
 .debug_ranges  0x00000000       0x30 build/command.o
 .debug_ranges  0x00000030       0x10 build/easy_angle.o
 .debug_ranges  0x00000040       0x30 build/i2c_ext.o
 .debug_ranges  0x00000070       0x40 build/icm20600.o
 .debug_ranges  0x000000b0       0xb8 build/nrf24l01.o
 .debug_ranges  0x00000168       0x18 build/pid.o
 .debug_ranges  0x00000180       0x58 build/uart_ext.o
 .debug_ranges  0x000001d8       0x58 build/cmd_fun.o
 .debug_ranges  0x00000230       0x60 build/control.o
 .debug_ranges  0x00000290       0x20 build/main.o
 .debug_ranges  0x000002b0       0x10 build/gpio.o
 .debug_ranges  0x000002c0       0x20 build/adc.o
 .debug_ranges  0x000002e0       0x10 build/dma.o
 .debug_ranges  0x000002f0       0x20 build/i2c.o
 .debug_ranges  0x00000310       0x20 build/spi.o
 .debug_ranges  0x00000330       0x48 build/tim.o
 .debug_ranges  0x00000378       0x20 build/usart.o
 .debug_ranges  0x00000398       0x70 build/stm32f1xx_it.o
 .debug_ranges  0x00000408       0x10 build/stm32f1xx_hal_msp.o
 .debug_ranges  0x00000418       0xe0 build/stm32f1xx_hal_adc.o
 .debug_ranges  0x000004f8      0x298 build/stm32f1xx_hal_i2c.o
 .debug_ranges  0x00000790      0x1c0 build/stm32f1xx_hal_spi.o
 .debug_ranges  0x00000950      0x398 build/stm32f1xx_hal_tim.o
 .debug_ranges  0x00000ce8      0x140 build/stm32f1xx_hal_tim_ex.o
 .debug_ranges  0x00000e28      0x1c0 build/stm32f1xx_hal_uart.o
 .debug_ranges  0x00000fe8       0xd0 build/stm32f1xx_hal.o
 .debug_ranges  0x000010b8       0xa0 build/stm32f1xx_hal_rcc.o
 .debug_ranges  0x00001158       0x38 build/stm32f1xx_hal_rcc_ex.o
 .debug_ranges  0x00001190       0x48 build/stm32f1xx_hal_gpio.o
 .debug_ranges  0x000011d8       0x70 build/stm32f1xx_hal_dma.o
 .debug_ranges  0x00001248       0xe0 build/stm32f1xx_hal_cortex.o
 .debug_ranges  0x00001328       0x18 build/system_stm32f1xx.o
 .debug_ranges  0x00001340       0x20 build/startup_stm32f103xb.o

.debug_line     0x00000000    0x15a8d
 .debug_line    0x00000000      0x608 build/command.o
 .debug_line    0x00000608      0x222 build/easy_angle.o
 .debug_line    0x0000082a      0x3da build/i2c_ext.o
 .debug_line    0x00000c04      0x5a2 build/icm20600.o
 .debug_line    0x000011a6      0x6e8 build/nrf24l01.o
 .debug_line    0x0000188e       0xe6 build/pid.o
 .debug_line    0x00001974      0x483 build/uart_ext.o
 .debug_line    0x00001df7      0x5cc build/cmd_fun.o
 .debug_line    0x000023c3      0x658 build/control.o
 .debug_line    0x00002a1b      0x455 build/main.o
 .debug_line    0x00002e70      0x1e3 build/gpio.o
 .debug_line    0x00003053      0x2d5 build/adc.o
 .debug_line    0x00003328      0x17d build/dma.o
 .debug_line    0x000034a5      0x2bc build/i2c.o
 .debug_line    0x00003761      0x2e1 build/spi.o
 .debug_line    0x00003a42      0x69c build/tim.o
 .debug_line    0x000040de      0x336 build/usart.o
 .debug_line    0x00004414      0x354 build/stm32f1xx_it.o
 .debug_line    0x00004768      0x17a build/stm32f1xx_hal_msp.o
 .debug_line    0x000048e2      0xe62 build/stm32f1xx_hal_adc.o
 .debug_line    0x00005744     0x4ef2 build/stm32f1xx_hal_i2c.o
 .debug_line    0x0000a636     0x2367 build/stm32f1xx_hal_spi.o
 .debug_line    0x0000c99d     0x3605 build/stm32f1xx_hal_tim.o
 .debug_line    0x0000ffa2     0x1173 build/stm32f1xx_hal_tim_ex.o
 .debug_line    0x00011115     0x1b81 build/stm32f1xx_hal_uart.o
 .debug_line    0x00012c96      0x4be build/stm32f1xx_hal.o
 .debug_line    0x00013154      0xbdf build/stm32f1xx_hal_rcc.o
 .debug_line    0x00013d33      0x46c build/stm32f1xx_hal_rcc_ex.o
 .debug_line    0x0001419f      0x5c5 build/stm32f1xx_hal_gpio.o
 .debug_line    0x00014764      0xa37 build/stm32f1xx_hal_dma.o
 .debug_line    0x0001519b      0x618 build/stm32f1xx_hal_cortex.o
 .debug_line    0x000157b3      0x268 build/system_stm32f1xx.o
 .debug_line    0x00015a1b       0x72 build/startup_stm32f103xb.o

.debug_str      0x00000000     0x5b5c
 .debug_str     0x00000000      0xa17 build/command.o
                                0xb0d (size before relaxing)