Archive member included to satisfy reference by file (symbol)

c:/arm_gcc/bin/../lib/gcc/arm-none-eabi/9.2.1/../../../../arm-none-eabi/lib/thumb/v7-m/nofp\libc_nano.a(lib_a-atof.o)
                              build/command.o (atof)
c:/arm_gcc/bin/../lib/gcc/arm-none-eabi/9.2.1/../../../../arm-none-eabi/lib/thumb/v7-m/nofp\libc_nano.a(lib_a-ctype_.o)
                              build/command.o (_ctype_)
c:/arm_gcc/bin/../lib/gcc/arm-none-eabi/9.2.1/../../../../arm-none-eabi/lib/thumb/v7-m/nofp\libc_nano.a(lib_a-exit.o)
                              c:/arm_gcc/bin/../lib/gcc/arm-none-eabi/9.2.1/../../../../arm-none-eabi/lib/thumb/v7-m/nofp/crt0.o (exit)
c:/arm_gcc/bin/../lib/gcc/arm-none-eabi/9.2.1/../../../../arm-none-eabi/lib/thumb/v7-m/nofp\libc_nano.a(lib_a-impure.o)
                              c:/arm_gcc/bin/../lib/gcc/arm-none-eabi/9.2.1/../../../../arm-none-eabi/lib/thumb/v7-m/nofp\libc_nano.a(lib_a-exit.o) (_global_impure_ptr)
c:/arm_gcc/bin/../lib/gcc/arm-none-eabi/9.2.1/../../../../arm-none-eabi/lib/thumb/v7-m/nofp\libc_nano.a(lib_a-init.o)
                              c:/arm_gcc/bin/../lib/gcc/arm-none-eabi/9.2.1/../../../../arm-none-eabi/lib/thumb/v7-m/nofp/crt0.o (__libc_init_array)
c:/arm_gcc/bin/../lib/gcc/arm-none-eabi/9.2.1/../../../../arm-none-eabi/lib/thumb/v7-m/nofp\libc_nano.a(lib_a-malloc.o)
                              build/command.o (malloc)
c:/arm_gcc/bin/../lib/gcc/arm-none-eabi/9.2.1/../../../../arm-none-eabi/lib/thumb/v7-m/nofp\libc_nano.a(lib_a-memcpy-stub.o)
                              build/nrf24l01.o (memcpy)
c:/arm_gcc/bin/../lib/gcc/arm-none-eabi/9.2.1/../../../../arm-none-eabi/lib/thumb/v7-m/nofp\libc_nano.a(lib_a-memset.o)
                              c:/arm_gcc/bin/../lib/gcc/arm-none-eabi/9.2.1/../../../../arm-none-eabi/lib/thumb/v7-m/nofp/crt0.o (memset)
c:/arm_gcc/bin/../lib/gcc/arm-none-eabi/9.2.1/../../../../arm-none-eabi/lib/thumb/v7-m/nofp\libc_nano.a(lib_a-nano-freer.o)
                              c:/arm_gcc/bin/../lib/gcc/arm-none-eabi/9.2.1/../../../../arm-none-eabi/lib/thumb/v7-m/nofp\libc_nano.a(lib_a-malloc.o) (_free_r)
c:/arm_gcc/bin/../lib/gcc/arm-none-eabi/9.2.1/../../../../arm-none-eabi/lib/thumb/v7-m/nofp\libc_nano.a(lib_a-nano-mallocr.o)
                              c:/arm_gcc/bin/../lib/gcc/arm-none-eabi/9.2.1/../../../../arm-none-eabi/lib/thumb/v7-m/nofp\libc_nano.a(lib_a-malloc.o) (_malloc_r)
c:/arm_gcc/bin/../lib/gcc/arm-none-eabi/9.2.1/../../../../arm-none-eabi/lib/thumb/v7-m/nofp\libc_nano.a(lib_a-sbrkr.o)
                              c:/arm_gcc/bin/../lib/gcc/arm-none-eabi/9.2.1/../../../../arm-none-eabi/lib/thumb/v7-m/nofp\libc_nano.a(lib_a-nano-mallocr.o) (_sbrk_r)
c:/arm_gcc/bin/../lib/gcc/arm-none-eabi/9.2.1/../../../../arm-none-eabi/lib/thumb/v7-m/nofp\libc_nano.a(lib_a-strtod.o)
                              c:/arm_gcc/bin/../lib/gcc/arm-none-eabi/9.2.1/../../../../arm-none-eabi/lib/thumb/v7-m/nofp\libc_nano.a(lib_a-atof.o) (strtod)
c:/arm_gcc/bin/../lib/gcc/arm-none-eabi/9.2.1/../../../../arm-none-eabi/lib/thumb/v7-m/nofp\libc_nano.a(lib_a-vsnprintf.o)
                              build/uart_ext.o (vsnprintf)
c:/arm_gcc/bin/../lib/gcc/arm-none-eabi/9.2.1/../../../../arm-none-eabi/lib/thumb/v7-m/nofp\libc_nano.a(lib_a-gdtoa-gethex.o)
                              c:/arm_gcc/bin/../lib/gcc/arm-none-eabi/9.2.1/../../../../arm-none-eabi/lib/thumb/v7-m/nofp\libc_nano.a(lib_a-strtod.o) (__gethex)
c:/arm_gcc/bin/../lib/gcc/arm-none-eabi/9.2.1/../../../../arm-none-eabi/lib/thumb/v7-m/nofp\libc_nano.a(lib_a-gdtoa-hexnan.o)
                              c:/arm_gcc/bin/../lib/gcc/arm-none-eabi/9.2.1/../../../../arm-none-eabi/lib/thumb/v7-m/nofp\libc_nano.a(lib_a-strtod.o) (__match)
c:/arm_gcc/bin/../lib/gcc/arm-none-eabi/9.2.1/../../../../arm-none-eabi/lib/thumb/v7-m/nofp\libc_nano.a(lib_a-lnumeric.o)
                              c:/arm_gcc/bin/../lib/gcc/arm-none-eabi/9.2.1/../../../../arm-none-eabi/lib/thumb/v7-m/nofp\libc_nano.a(lib_a-strtod.o) (_C_numeric_locale)
c:/arm_gcc/bin/../lib/gcc/arm-none-eabi/9.2.1/../../../../arm-none-eabi/lib/thumb/v7-m/nofp\libc_nano.a(lib_a-locale.o)
                              c:/arm_gcc/bin/../lib/gcc/arm-none-eabi/9.2.1/../../../../arm-none-eabi/lib/thumb/v7-m/nofp\libc_nano.a(lib_a-strtod.o) (__global_locale)
c:/arm_gcc/bin/../lib/gcc/arm-none-eabi/9.2.1/../../../../arm-none-eabi/lib/thumb/v7-m/nofp\libc_nano.a(lib_a-mbtowc_r.o)
                              c:/arm_gcc/bin/../lib/gcc/arm-none-eabi/9.2.1/../../../../arm-none-eabi/lib/thumb/v7-m/nofp\libc_nano.a(lib_a-locale.o) (__ascii_mbtowc)
c:/arm_gcc/bin/../lib/gcc/arm-none-eabi/9.2.1/../../../../arm-none-eabi/lib/thumb/v7-m/nofp\libc_nano.a(lib_a-mlock.o)
                              c:/arm_gcc/bin/../lib/gcc/arm-none-eabi/9.2.1/../../../../arm-none-eabi/lib/thumb/v7-m/nofp\libc_nano.a(lib_a-nano-freer.o) (__malloc_lock)
c:/arm_gcc/bin/../lib/gcc/arm-none-eabi/9.2.1/../../../../arm-none-eabi/lib/thumb/v7-m/nofp\libc_nano.a(lib_a-mprec.o)
[...]
Memory Configuration

Name             Origin             Length             Attributes
RAM              0x20000000         0x00005000         xrw
FLASH            0x08000000         0x00010000         xr
*default*        0x00000000         0xffffffff

Linker script and memory map

LOAD c:/arm_gcc/bin/../lib/gcc/arm-none-eabi/9.2.1/thumb/v7-m/nofp/crti.o
LOAD c:/arm_gcc/bin/../lib/gcc/arm-none-eabi/9.2.1/thumb/v7-m/nofp/crtbegin.o
LOAD c:/arm_gcc/bin/../lib/gcc/arm-none-eabi/9.2.1/../../../../arm-none-eabi/lib/thumb/v7-m/nofp/crt0.o
LOAD build/command.o
LOAD build/nrf24l01.o
LOAD build/cmd_fun.o
LOAD build/pid.o
LOAD build/uart_ext.o
LOAD build/easy_angle.o
LOAD build/i2c_ext.o
LOAD build/icm20600.o
LOAD build/control.o
LOAD build/main.o
LOAD build/gpio.o
LOAD build/adc.o
LOAD build/dma.o
LOAD build/i2c.o
LOAD build/spi.o
LOAD build/tim.o
LOAD build/usart.o
LOAD build/stm32f1xx_it.o
LOAD build/stm32f1xx_hal_msp.o
LOAD build/stm32f1xx_hal_gpio_ex.o
LOAD build/stm32f1xx_hal_adc.o
LOAD build/stm32f1xx_hal_adc_ex.o
LOAD build/stm32f1xx_hal_i2c.o
LOAD build/stm32f1xx_hal_spi.o
LOAD build/stm32f1xx_hal_tim.o
LOAD build/stm32f1xx_hal_tim_ex.o
LOAD build/stm32f1xx_hal_uart.o
LOAD build/stm32f1xx_hal.o
LOAD build/stm32f1xx_hal_rcc.o
LOAD build/stm32f1xx_hal_rcc_ex.o
LOAD build/stm32f1xx_hal_gpio.o
LOAD build/stm32f1xx_hal_dma.o
LOAD build/stm32f1xx_hal_cortex.o
LOAD build/stm32f1xx_hal_pwr.o
LOAD build/stm32f1xx_hal_flash.o
LOAD build/stm32f1xx_hal_flash_ex.o
LOAD build/stm32f1xx_hal_exti.o
LOAD build/system_stm32f1xx.o
LOAD build/startup_stm32f103xb.o
LOAD c:/arm_gcc/bin/../lib/gcc/arm-none-eabi/9.2.1/../../../../arm-none-eabi/lib/thumb/v7-m/nofp\libc_nano.a
LOAD c:/arm_gcc/bin/../lib/gcc/arm-none-eabi/9.2.1/../../../../arm-none-eabi/lib/thumb/v7-m/nofp\libm.a
LOAD c:/arm_gcc/bin/../lib/gcc/arm-none-eabi/9.2.1/../../../../arm-none-eabi/lib/thumb/v7-m/nofp\libnosys.a
START GROUP
LOAD c:/arm_gcc/bin/../lib/gcc/arm-none-eabi/9.2.1/thumb/v7-m/nofp\libgcc.a
LOAD c:/arm_gcc/bin/../lib/gcc/arm-none-eabi/9.2.1/../../../../arm-none-eabi/lib/thumb/v7-m/nofp\libc_nano.a
END GROUP
START GROUP
LOAD c:/arm_gcc/bin/../lib/gcc/arm-none-eabi/9.2.1/thumb/v7-m/nofp\libgcc.a
LOAD c:/arm_gcc/bin/../lib/gcc/arm-none-eabi/9.2.1/../../../../arm-none-eabi/lib/thumb/v7-m/nofp\libc_nano.a
END GROUP
LOAD c:/arm_gcc/bin/../lib/gcc/arm-none-eabi/9.2.1/thumb/v7-m/nofp/crtend.o
LOAD c:/arm_gcc/bin/../lib/gcc/arm-none-eabi/9.2.1/thumb/v7-m/nofp/crtn.o
                0x20005000                _estack = 0x20005000
                0x00000200                _Min_Heap_Size = 0x200
                0x00000400                _Min_Stack_Size = 0x400

.isr_vector     0x08000000      0x10c
                0x08000000                . = ALIGN (0x4)
 *(.isr_vector)
 .isr_vector    0x08000000      0x10c build/startup_stm32f103xb.o
                0x08000000                g_pfnVectors
                0x0800010c                . = ALIGN (0x4)

.text           0x08000110     0x8f5c
                0x08000110                . = ALIGN (0x4)
 *(.text)
 .text          0x08000110       0x40 c:/arm_gcc/bin/../lib/gcc/arm-none-eabi/9.2.1/thumb/v7-m/nofp/crtbegin.o
 .text          0x08000150       0x10 c:/arm_gcc/bin/../lib/gcc/arm-none-eabi/9.2.1/../../../../arm-none-eabi/lib/thumb/v7-m/nofp\libc_nano.a(lib_a-strlen.o)
                0x08000150                strlen
 .text          0x08000160      0x378 c:/arm_gcc/bin/../lib/gcc/arm-none-eabi/9.2.1/thumb/v7-m/nofp\libgcc.a(_arm_addsubdf3.o)
                0x08000160                __aeabi_drsub
                0x08000168                __aeabi_dsub
                0x08000168                __subdf3
                0x0800016c                __aeabi_dadd
                0x0800016c                __adddf3
                0x080003e4                __floatunsidf
                0x080003e4                __aeabi_ui2d
                0x08000404                __floatsidf
                0x08000404                __aeabi_i2d
                0x08000428                __aeabi_f2d
                0x08000428                __extendsfdf2
                0x0800046c                __floatundidf
                0x0800046c                __aeabi_ul2d
                0x0800047c                __floatdidf
                0x0800047c                __aeabi_l2d
 .text          0x080004d8      0x424 c:/arm_gcc/bin/../lib/gcc/arm-none-eabi/9.2.1/thumb/v7-m/nofp\libgcc.a(_arm_muldivdf3.o)
                0x080004d8                __aeabi_dmul
                0x080004d8                __muldf3
                0x0800072c                __divdf3
                0x0800072c                __aeabi_ddiv
 .text          0x080008fc      0x110 c:/arm_gcc/bin/../lib/gcc/arm-none-eabi/9.2.1/thumb/v7-m/nofp\libgcc.a(_arm_cmpdf2.o)
                0x080008fc                __gtdf2
                0x080008fc                __gedf2
                0x08000904                __ltdf2
                0x08000904                __ledf2
                0x0800090c                __nedf2
                0x0800090c                __eqdf2
                0x0800090c                __cmpdf2
                0x08000988                __aeabi_cdrcmple
                0x08000998                __aeabi_cdcmpeq
                0x08000998                __aeabi_cdcmple
                0x080009a8                __aeabi_dcmpeq
                0x080009bc                __aeabi_dcmplt
                0x080009d0                __aeabi_dcmple
                0x080009e4                __aeabi_dcmpge
                0x080009f8                __aeabi_dcmpgt
 .text          0x08000a0c       0x40 c:/arm_gcc/bin/../lib/gcc/arm-none-eabi/9.2.1/thumb/v7-m/nofp\libgcc.a(_arm_fixunsdfsi.o)
                0x08000a0c                __aeabi_d2uiz
                0x08000a0c                __fixunsdfsi
 .text          0x08000a4c       0xa0 c:/arm_gcc/bin/../lib/gcc/arm-none-eabi/9.2.1/thumb/v7-m/nofp\libgcc.a(_arm_truncdfsf2.o)
                0x08000a4c                __truncdfsf2
                0x08000a4c                __aeabi_d2f
 .text          0x08000aec      0x21c c:/arm_gcc/bin/../lib/gcc/arm-none-eabi/9.2.1/thumb/v7-m/nofp\libgcc.a(_arm_addsubsf3.o)
                0x08000aec                __aeabi_frsub
                0x08000af4                __subsf3
                0x08000af4                __aeabi_fsub
                0x08000af8                __aeabi_fadd
                0x08000af8                __addsf3
                0x08000c58                __aeabi_ui2f
                0x08000c58                __floatunsisf
                0x08000c60                __aeabi_i2f
                0x08000c60                __floatsisf
                0x08000c7c                __aeabi_ul2f
                0x08000c7c                __floatundisf
                0x08000c8c                __aeabi_l2f
                0x08000c8c                __floatdisf
 .text          0x08000d08      0x2a0 c:/arm_gcc/bin/../lib/gcc/arm-none-eabi/9.2.1/thumb/v7-m/nofp\libgcc.a(_arm_muldivsf3.o)
                0x08000d08                __mulsf3
                0x08000d08                __aeabi_fmul
                0x08000e70                __aeabi_fdiv
                0x08000e70                __divsf3
 .text          0x08000fa8       0xec c:/arm_gcc/bin/../lib/gcc/arm-none-eabi/9.2.1/thumb/v7-m/nofp\libgcc.a(_arm_cmpsf2.o)
                0x08000fa8                __gesf2
                0x08000fa8                __gtsf2
                0x08000fb0                __lesf2
                0x08000fb0                __ltsf2
                0x08000fb8                __nesf2
                0x08000fb8                __eqsf2
                0x08000fb8                __cmpsf2
                0x08001018                __aeabi_cfrcmple
                0x08001020                __aeabi_cfcmpeq
                0x08001020                __aeabi_cfcmple
                0x08001030                __aeabi_fcmpeq
                0x08001044                __aeabi_fcmplt
                0x08001058                __aeabi_fcmple
                0x0800106c                __aeabi_fcmpge
                0x08001080                __aeabi_fcmpgt
 .text          0x08001094       0x2c c:/arm_gcc/bin/../lib/gcc/arm-none-eabi/9.2.1/thumb/v7-m/nofp\libgcc.a(_arm_unordsf2.o)
                0x08001094                __unordsf2
                0x08001094                __aeabi_fcmpun
 .text          0x080010c0       0x4c c:/arm_gcc/bin/../lib/gcc/arm-none-eabi/9.2.1/thumb/v7-m/nofp\libgcc.a(_arm_fixsfsi.o)
                0x080010c0                __aeabi_f2iz
                0x080010c0                __fixsfsi
 .text          0x0800110c       0x34 c:/arm_gcc/bin/../lib/gcc/arm-none-eabi/9.2.1/thumb/v7-m/nofp\libgcc.a(_fixdfdi.o)
                0x0800110c                __fixdfdi
                0x0800110c                __aeabi_d2lz
 .text          0x08001140       0x3c c:/arm_gcc/bin/../lib/gcc/arm-none-eabi/9.2.1/thumb/v7-m/nofp\libgcc.a(_fixunsdfdi.o)
                0x08001140                __fixunsdfdi
                0x08001140                __aeabi_d2ulz
 *(.text*)
 .text.get_prams
                0x0800117c      0x158 build/command.o
 .text.add_cmd  0x080012d4       0x28 build/command.o
                0x080012d4                add_cmd
 .text.compare_cmd
                0x080012fc       0x30 build/command.o
                0x080012fc                compare_cmd
 .text.analize  0x0800132c       0x74 build/command.o
                0x0800132c                analize
 .text.NRF_Set_GPIO
                0x080013a0       0x3c build/nrf24l01.o
 .text.NRF_Read_Reg
                0x080013dc       0x50 build/nrf24l01.o
 .text.NRF_Write_Reg
                0x0800142c       0x74 build/nrf24l01.o
 .text.NRF_Set_Mode
                0x080014a0       0x1c build/nrf24l01.o
 .text.NRF_Read_Bytes
                0x080014bc       0x48 build/nrf24l01.o
                0x080014bc                NRF_Read_Bytes
 .text.NRF_Write_Bytes
                0x08001504       0x9c build/nrf24l01.o
 .text.NRF_Set_Tx_Addr
                0x080015a0       0x16 build/nrf24l01.o
                0x080015a0                NRF_Set_Tx_Addr
 .text.NRF_Set_Rx_Addr
                0x080015b6       0x4a build/nrf24l01.o
                0x080015b6                NRF_Set_Rx_Addr
 .text.NRF_Init
                0x08001600       0xd8 build/nrf24l01.o
                0x08001600                NRF_Init
 .text.NRF_Receive
                0x080016d8       0x54 build/nrf24l01.o
                0x080016d8                NRF_Receive
 .text.test     0x0800172c       0x5c build/cmd_fun.o
 .text.TIM_test
                0x08001788      0x114 build/cmd_fun.o
                0x08001788                TIM_test
 .text.servor_test
                0x0800189c       0x34 build/cmd_fun.o
                0x0800189c                servor_test
 .text.esc_test
                0x080018d0       0x50 build/cmd_fun.o
                0x080018d0                esc_test
 .text.command_init
                0x08001920       0x44 build/cmd_fun.o
                0x08001920                command_init
 .text.PID_Control
                0x08001964       0xa4 build/pid.o
                0x08001964                PID_Control
 .text.UART_Send
                0x08001a08       0x44 build/uart_ext.o
 .text.UART_Start_Receive
                0x08001a4c       0x48 build/uart_ext.o
                0x08001a4c                UART_Start_Receive
 .text.debug_uart_init
                0x08001a94       0x24 build/uart_ext.o
                0x08001a94                debug_uart_init
 .text.send_wave
                0x08001ab8       0x24 build/uart_ext.o
                0x08001ab8                send_wave
 .text.uprintf  0x08001adc       0x30 build/uart_ext.o
                0x08001adc                uprintf
 .text.HAL_UART_RxCpltCallback
                0x08001b0c       0x5c build/uart_ext.o
                0x08001b0c                HAL_UART_RxCpltCallback
 .text.HAL_UART_IDLECallback
                0x08001b68       0x3c build/uart_ext.o
                0x08001b68                HAL_UART_IDLECallback
 .text.UART_Command_Analize_And_Call
                0x08001ba4       0x1c build/uart_ext.o
                0x08001ba4                UART_Command_Analize_And_Call
 .text.get_angle
                0x08001bc0      0x194 build/easy_angle.o
                0x08001bc0                get_angle
 .text.I2C_EXT_Init
                0x08001d54       0x3c build/i2c_ext.o
                0x08001d54                I2C_EXT_Init
 .text.I2C_Read_Buffer
                0x08001d90       0x40 build/i2c_ext.o
                0x08001d90                I2C_Read_Buffer
 .text.I2C_Write_Buffer
                0x08001dd0       0x50 build/i2c_ext.o
                0x08001dd0                I2C_Write_Buffer
 .text.I2C_Reset
                0x08001e20       0xac build/i2c_ext.o
                0x08001e20                I2C_Reset
 .text.mpu_write_byte
                0x08001ecc       0x34 build/icm20600.o
 .text.mpu_read_byte
                0x08001f00       0x3a build/icm20600.o
 .text.MPU_Read6500
                0x08001f3a       0xae build/icm20600.o
                0x08001f3a                MPU_Read6500
 .text.Gyroraw_to_Angle_Speed
                0x08001fe8       0x38 build/icm20600.o
                0x08001fe8                Gyroraw_to_Angle_Speed
 .text.MPU9250_Init
                0x08002020      0x190 build/icm20600.o
                0x08002020                MPU9250_Init
 .text.Get_Voltage
                0x080021b0       0x5c build/control.o
                0x080021b0                Get_Voltage
 .text.Servors_Init
                0x0800220c       0x40 build/control.o
                0x0800220c                Servors_Init
 .text.ESC_Init
                0x0800224c       0x2c build/control.o
                0x0800224c                ESC_Init
 .text.Set_Servor
                0x08002278       0x88 build/control.o
                0x08002278                Set_Servor
 .text.Set_ESC  0x08002300       0x74 build/control.o
                0x08002300                Set_ESC
 .text.Transform_N_to_Duty
                0x08002374       0x10 build/control.o
                0x08002374                Transform_N_to_Duty
 .text.Transform_Rad_to_Dgree
                0x08002384       0x18 build/control.o
                0x08002384                Transform_Rad_to_Dgree
 .text.Control_Caculate
                0x0800239c      0x1b0 build/control.o
                0x0800239c                Control_Caculate
 .text.Control_Loop
                0x0800254c      0x1a0 build/control.o
                0x0800254c                Control_Loop
 .text.NRF_Receive_Callback
                0x080026ec       0x28 build/control.o
                0x080026ec                NRF_Receive_Callback
 .text.Ms_IRQ_Handler
                0x08002714       0x28 build/control.o
                0x08002714                Ms_IRQ_Handler
 .text.SystemClock_Config
                0x0800273c       0x66 build/main.o
                0x0800273c                SystemClock_Config
 *fill*         0x080027a2        0x2 
 .text.main     0x080027a4      0x11c build/main.o
                0x080027a4                main
 .text.Error_Handler
                0x080028c0        0x2 build/main.o
                0x080028c0                Error_Handler
 *fill*         0x080028c2        0x2 
 .text.MX_GPIO_Init
                0x080028c4       0xa8 build/gpio.o
                0x080028c4                MX_GPIO_Init
 .text.MX_ADC1_Init
                0x0800296c       0x58 build/adc.o
                0x0800296c                MX_ADC1_Init
 .text.HAL_ADC_MspInit
                0x080029c4       0x60 build/adc.o
                0x080029c4                HAL_ADC_MspInit
 .text.MX_DMA_Init
                0x08002a24       0x44 build/dma.o
                0x08002a24                MX_DMA_Init
 .text.MX_I2C1_Init
                0x08002a68       0x3c build/i2c.o
                0x08002a68                MX_I2C1_Init
 .text.HAL_I2C_MspInit
                0x08002aa4       0x78 build/i2c.o
                0x08002aa4                HAL_I2C_MspInit
 .text.MX_SPI2_Init
                0x08002b1c       0x40 build/spi.o
                0x08002b1c                MX_SPI2_Init
 .text.HAL_SPI_MspInit
                0x08002b5c       0x78 build/spi.o
                0x08002b5c                HAL_SPI_MspInit
 .text.HAL_TIM_PWM_MspInit
                0x08002bd4       0xb0 build/tim.o
                0x08002bd4                HAL_TIM_PWM_MspInit
 .text.HAL_TIM_MspPostInit
                0x08002c84       0xb8 build/tim.o
                0x08002c84                HAL_TIM_MspPostInit
 .text.MX_TIM1_Init
                0x08002d3c       0xb0 build/tim.o
                0x08002d3c                MX_TIM1_Init
 .text.MX_TIM2_Init
                0x08002dec       0x94 build/tim.o
                0x08002dec                MX_TIM2_Init
 .text.MX_TIM3_Init
                0x08002e80       0x94 build/tim.o
                0x08002e80                MX_TIM3_Init
 .text.Caculate_Cnt
                0x08002f14       0x10 build/tim.o
                0x08002f14                Caculate_Cnt
 .text.MX_USART1_UART_Init
                0x08002f24       0x34 build/usart.o
                0x08002f24                MX_USART1_UART_Init
 .text.HAL_UART_MspInit
                0x08002f58       0xbc build/usart.o
                0x08002f58                HAL_UART_MspInit
 .text.NMI_Handler
                0x08003014        0x2 build/stm32f1xx_it.o
                0x08003014                NMI_Handler
 .text.HardFault_Handler
                0x08003016        0x2 build/stm32f1xx_it.o
                0x08003016                HardFault_Handler
 .text.MemManage_Handler
                0x08003018        0x2 build/stm32f1xx_it.o
                0x08003018                MemManage_Handler
 .text.BusFault_Handler
                0x0800301a        0x2 build/stm32f1xx_it.o
                0x0800301a                BusFault_Handler
 .text.UsageFault_Handler
                0x0800301c        0x2 build/stm32f1xx_it.o
                0x0800301c                UsageFault_Handler
 .text.SVC_Handler
                0x0800301e        0x2 build/stm32f1xx_it.o
                0x0800301e                SVC_Handler
 .text.DebugMon_Handler
                0x08003020        0x2 build/stm32f1xx_it.o
                0x08003020                DebugMon_Handler
 .text.PendSV_Handler
                0x08003022        0x2 build/stm32f1xx_it.o
                0x08003022                PendSV_Handler
 .text.SysTick_Handler
                0x08003024        0xc build/stm32f1xx_it.o
                0x08003024                SysTick_Handler
 .text.DMA1_Channel4_IRQHandler
                0x08003030       0x10 build/stm32f1xx_it.o
                0x08003030                DMA1_Channel4_IRQHandler
 .text.DMA1_Channel5_IRQHandler
                0x08003040       0x10 build/stm32f1xx_it.o
                0x08003040                DMA1_Channel5_IRQHandler
 .text.USART1_IRQHandler
                0x08003050       0x24 build/stm32f1xx_it.o
                0x08003050                USART1_IRQHandler
 .text.HAL_MspInit
                0x08003074       0x44 build/stm32f1xx_hal_msp.o
                0x08003074                HAL_MspInit
 .text.HAL_ADC_PollForConversion
                0x080030b8      0x16c build/stm32f1xx_hal_adc.o
                0x080030b8                HAL_ADC_PollForConversion
 .text.HAL_ADC_GetValue
                0x08003224        0x6 build/stm32f1xx_hal_adc.o
                0x08003224                HAL_ADC_GetValue
 *fill*         0x0800322a        0x2 
 .text.HAL_ADC_ConfigChannel
                0x0800322c      0x138 build/stm32f1xx_hal_adc.o
                0x0800322c                HAL_ADC_ConfigChannel
 .text.ADC_Enable
                0x08003364       0x7c build/stm32f1xx_hal_adc.o
                0x08003364                ADC_Enable
 .text.HAL_ADC_Start
                0x080033e0       0xe8 build/stm32f1xx_hal_adc.o
                0x080033e0                HAL_ADC_Start
 .text.ADC_ConversionStop_Disable
                0x080034c8       0x4c build/stm32f1xx_hal_adc.o
                0x080034c8                ADC_ConversionStop_Disable
 .text.HAL_ADC_Init
                0x08003514      0x108 build/stm32f1xx_hal_adc.o
                0x08003514                HAL_ADC_Init
 .text.I2C_IsAcknowledgeFailed
                0x0800361c       0x32 build/stm32f1xx_hal_i2c.o
 .text.I2C_WaitOnFlagUntilTimeout
                0x0800364e       0x74 build/stm32f1xx_hal_i2c.o
 .text.I2C_WaitOnMasterAddressFlagUntilTimeout
                0x080036c2       0xaa build/stm32f1xx_hal_i2c.o
 .text.I2C_MasterRequestWrite
                0x0800376c       0xa4 build/stm32f1xx_hal_i2c.o
 .text.I2C_MasterRequestRead
                0x08003810      0x100 build/stm32f1xx_hal_i2c.o
 .text.I2C_WaitOnTXEFlagUntilTimeout
                0x08003910       0x54 build/stm32f1xx_hal_i2c.o
 .text.I2C_WaitOnBTFFlagUntilTimeout
                0x08003964       0x54 build/stm32f1xx_hal_i2c.o
 .text.I2C_WaitOnRXNEFlagUntilTimeout
                0x080039b8       0x6a build/stm32f1xx_hal_i2c.o
 *fill*         0x08003a22        0x2 
 .text.HAL_I2C_Init
                0x08003a24      0x1a8 build/stm32f1xx_hal_i2c.o
                0x08003a24                HAL_I2C_Init
 .text.HAL_I2C_Master_Transmit
                0x08003bcc      0x178 build/stm32f1xx_hal_i2c.o
                0x08003bcc                HAL_I2C_Master_Transmit
 .text.HAL_I2C_Master_Receive
                0x08003d44      0x2f8 build/stm32f1xx_hal_i2c.o
                0x08003d44                HAL_I2C_Master_Receive
 .text.SPI_WaitFlagStateUntilTimeout
                0x0800403c       0x94 build/stm32f1xx_hal_spi.o
 .text.SPI_EndRxTxTransaction
                0x080040d0       0x24 build/stm32f1xx_hal_spi.o
 .text.SPI_EndRxTransaction
                0x080040f4       0x74 build/stm32f1xx_hal_spi.o
 .text.HAL_SPI_Init
                0x08004168       0x7c build/stm32f1xx_hal_spi.o
                0x08004168                HAL_SPI_Init
 .text.HAL_SPI_Transmit
                0x080041e4      0x1a4 build/stm32f1xx_hal_spi.o
                0x080041e4                HAL_SPI_Transmit
 .text.HAL_SPI_TransmitReceive
                0x08004388      0x238 build/stm32f1xx_hal_spi.o
                0x08004388                HAL_SPI_TransmitReceive
 .text.HAL_SPI_Receive
                0x080045c0      0x166 build/stm32f1xx_hal_spi.o
                0x080045c0                HAL_SPI_Receive
 *fill*         0x08004726        0x2 
 .text.TIM_OC1_SetConfig
                0x08004728       0x5c build/stm32f1xx_hal_tim.o
 .text.TIM_OC3_SetConfig
                0x08004784       0x64 build/stm32f1xx_hal_tim.o
 .text.TIM_OC4_SetConfig
                0x080047e8       0x48 build/stm32f1xx_hal_tim.o
 .text.TIM_Base_SetConfig
                0x08004830       0x74 build/stm32f1xx_hal_tim.o
                0x08004830                TIM_Base_SetConfig
 .text.HAL_TIM_PWM_Init
                0x080048a4       0x34 build/stm32f1xx_hal_tim.o
                0x080048a4                HAL_TIM_PWM_Init
 .text.TIM_OC2_SetConfig
                0x080048d8       0x64 build/stm32f1xx_hal_tim.o
                0x080048d8                TIM_OC2_SetConfig
 .text.HAL_TIM_PWM_ConfigChannel
                0x0800493c       0xdc build/stm32f1xx_hal_tim.o
                0x0800493c                HAL_TIM_PWM_ConfigChannel
 .text.TIM_CCxChannelCmd
                0x08004a18       0x22 build/stm32f1xx_hal_tim.o
                0x08004a18                TIM_CCxChannelCmd
 *fill*         0x08004a3a        0x2 
 .text.HAL_TIM_PWM_Start
                0x08004a3c       0x3c build/stm32f1xx_hal_tim.o
                0x08004a3c                HAL_TIM_PWM_Start
 .text.HAL_TIMEx_MasterConfigSynchronization
                0x08004a78       0x46 build/stm32f1xx_hal_tim_ex.o
                0x08004a78                HAL_TIMEx_MasterConfigSynchronization
 .text.HAL_TIMEx_ConfigBreakDeadTime
                0x08004abe       0x52 build/stm32f1xx_hal_tim_ex.o
                0x08004abe                HAL_TIMEx_ConfigBreakDeadTime
 .text.UART_EndTxTransfer
                0x08004b10       0x12 build/stm32f1xx_hal_uart.o
 .text.UART_EndRxTransfer
                0x08004b22       0x1c build/stm32f1xx_hal_uart.o
 .text.UART_Transmit_IT
                0x08004b3e       0x66 build/stm32f1xx_hal_uart.o
 .text.UART_SetConfig
                0x08004ba4       0xcc build/stm32f1xx_hal_uart.o
 .text.UART_WaitOnFlagUntilTimeout
                0x08004c70       0x68 build/stm32f1xx_hal_uart.o
 .text.HAL_UART_Init
                0x08004cd8       0x5e build/stm32f1xx_hal_uart.o
                0x08004cd8                HAL_UART_Init
 .text.HAL_UART_Transmit
                0x08004d36       0xe0 build/stm32f1xx_hal_uart.o
                0x08004d36                HAL_UART_Transmit
 .text.HAL_UART_Transmit_IT
                0x08004e16       0x48 build/stm32f1xx_hal_uart.o
                0x08004e16                HAL_UART_Transmit_IT
 .text.HAL_UART_Receive_IT
                0x08004e5e       0x5c build/stm32f1xx_hal_uart.o
                0x08004e5e                HAL_UART_Receive_IT
 *fill*         0x08004eba        0x2 
 .text.HAL_UART_Transmit_DMA
                0x08004ebc       0x8c build/stm32f1xx_hal_uart.o
                0x08004ebc                HAL_UART_Transmit_DMA
 .text.HAL_UART_Receive_DMA
                0x08004f48       0xa8 build/stm32f1xx_hal_uart.o
                0x08004f48                HAL_UART_Receive_DMA
 .text.HAL_UART_DMAStop
                0x08004ff0       0x64 build/stm32f1xx_hal_uart.o
                0x08004ff0                HAL_UART_DMAStop
 .text.HAL_UART_TxCpltCallback
                0x08005054        0x2 build/stm32f1xx_hal_uart.o
                0x08005054                HAL_UART_TxCpltCallback
 .text.UART_DMATransmitCplt
                0x08005056       0x30 build/stm32f1xx_hal_uart.o
 .text.UART_EndTransmit_IT
                0x08005086       0x1a build/stm32f1xx_hal_uart.o
 .text.HAL_UART_TxHalfCpltCallback
                0x080050a0        0x2 build/stm32f1xx_hal_uart.o
                0x080050a0                HAL_UART_TxHalfCpltCallback
 .text.UART_DMATxHalfCplt
                0x080050a2        0xa build/stm32f1xx_hal_uart.o
 .text.UART_DMAReceiveCplt
                0x080050ac       0x3e build/stm32f1xx_hal_uart.o
 .text.UART_Receive_IT
                0x080050ea       0x9e build/stm32f1xx_hal_uart.o
 .text.HAL_UART_RxHalfCpltCallback
                0x08005188        0x2 build/stm32f1xx_hal_uart.o
                0x08005188                HAL_UART_RxHalfCpltCallback
 .text.UART_DMARxHalfCplt
                0x0800518a        0xa build/stm32f1xx_hal_uart.o
 .text.HAL_UART_ErrorCallback
                0x08005194        0x2 build/stm32f1xx_hal_uart.o
                0x08005194                HAL_UART_ErrorCallback
 .text.UART_DMAError
                0x08005196       0x58 build/stm32f1xx_hal_uart.o
 *fill*         0x080051ee        0x2 
 .text.HAL_UART_IRQHandler
                0x080051f0      0x120 build/stm32f1xx_hal_uart.o
                0x080051f0                HAL_UART_IRQHandler
 .text.UART_DMAAbortOnError
                0x08005310       0x10 build/stm32f1xx_hal_uart.o
 .text.HAL_InitTick
                0x08005320       0x4c build/stm32f1xx_hal.o
                0x08005320                HAL_InitTick
 .text.HAL_Init
                0x0800536c       0x24 build/stm32f1xx_hal.o
                0x0800536c                HAL_Init
 .text.HAL_IncTick
                0x08005390       0x18 build/stm32f1xx_hal.o
                0x08005390                HAL_IncTick
 .text.HAL_GetTick
                0x080053a8        0xc build/stm32f1xx_hal.o
                0x080053a8                HAL_GetTick
 .text.HAL_Delay
                0x080053b4       0x28 build/stm32f1xx_hal.o
                0x080053b4                HAL_Delay
 .text.RCC_Delay
                0x080053dc       0x2c build/stm32f1xx_hal_rcc.o
 .text.HAL_RCC_OscConfig
                0x08005408      0x410 build/stm32f1xx_hal_rcc.o
                0x08005408                HAL_RCC_OscConfig
 .text.HAL_RCC_GetSysClockFreq
                0x08005818       0x6c build/stm32f1xx_hal_rcc.o
                0x08005818                HAL_RCC_GetSysClockFreq
 .text.HAL_RCC_ClockConfig
                0x08005884      0x16c build/stm32f1xx_hal_rcc.o
                0x08005884                HAL_RCC_ClockConfig
 .text.HAL_RCC_GetHCLKFreq
                0x080059f0        0xc build/stm32f1xx_hal_rcc.o
                0x080059f0                HAL_RCC_GetHCLKFreq
 .text.HAL_RCC_GetPCLK1Freq
                0x080059fc       0x20 build/stm32f1xx_hal_rcc.o
                0x080059fc                HAL_RCC_GetPCLK1Freq
 .text.HAL_RCC_GetPCLK2Freq
                0x08005a1c       0x20 build/stm32f1xx_hal_rcc.o
                0x08005a1c                HAL_RCC_GetPCLK2Freq
 .text.HAL_RCCEx_PeriphCLKConfig
                0x08005a3c      0x114 build/stm32f1xx_hal_rcc_ex.o
                0x08005a3c                HAL_RCCEx_PeriphCLKConfig
 .text.HAL_RCCEx_GetPeriphCLKFreq
                0x08005b50       0xf4 build/stm32f1xx_hal_rcc_ex.o
                0x08005b50                HAL_RCCEx_GetPeriphCLKFreq
 .text.HAL_GPIO_Init
                0x08005c44      0x220 build/stm32f1xx_hal_gpio.o
                0x08005c44                HAL_GPIO_Init
 .text.HAL_GPIO_ReadPin
                0x08005e64        0xe build/stm32f1xx_hal_gpio.o
                0x08005e64                HAL_GPIO_ReadPin
 .text.HAL_GPIO_WritePin
                0x08005e72        0xc build/stm32f1xx_hal_gpio.o
                0x08005e72                HAL_GPIO_WritePin
 .text.DMA_SetConfig
                0x08005e7e       0x2c build/stm32f1xx_hal_dma.o
 *fill*         0x08005eaa        0x2 
 .text.HAL_DMA_Init
                0x08005eac       0x6c build/stm32f1xx_hal_dma.o
                0x08005eac                HAL_DMA_Init
 .text.HAL_DMA_Start_IT
                0x08005f18       0x74 build/stm32f1xx_hal_dma.o
                0x08005f18                HAL_DMA_Start_IT
 .text.HAL_DMA_Abort
                0x08005f8c       0x44 build/stm32f1xx_hal_dma.o
                0x08005f8c                HAL_DMA_Abort
 .text.HAL_DMA_Abort_IT
                0x08005fd0       0x98 build/stm32f1xx_hal_dma.o
                0x08005fd0                HAL_DMA_Abort_IT
 .text.HAL_DMA_IRQHandler
                0x08006068      0x144 build/stm32f1xx_hal_dma.o
                0x08006068                HAL_DMA_IRQHandler
 .text.HAL_NVIC_SetPriorityGrouping
                0x080061ac       0x24 build/stm32f1xx_hal_cortex.o
                0x080061ac                HAL_NVIC_SetPriorityGrouping
 .text.HAL_NVIC_SetPriority
                0x080061d0       0x68 build/stm32f1xx_hal_cortex.o
                0x080061d0                HAL_NVIC_SetPriority
 .text.HAL_NVIC_EnableIRQ
                0x08006238       0x1c build/stm32f1xx_hal_cortex.o
                0x08006238                HAL_NVIC_EnableIRQ
 .text.HAL_SYSTICK_Config
                0x08006254       0x2c build/stm32f1xx_hal_cortex.o
                0x08006254                HAL_SYSTICK_Config
 .text.SystemInit
                0x08006280       0x4c build/system_stm32f1xx.o
                0x08006280                SystemInit
 .text.Reset_Handler
                0x080062cc       0x48 build/startup_stm32f103xb.o
                0x080062cc                Reset_Handler
 .text.Default_Handler
                0x08006314        0x2 build/startup_stm32f103xb.o
                0x08006314                RTC_Alarm_IRQHandler
                0x08006314                EXTI2_IRQHandler
                0x08006314                TIM1_CC_IRQHandler
                0x08006314                PVD_IRQHandler
                0x08006314                EXTI3_IRQHandler
                0x08006314                EXTI0_IRQHandler
                0x08006314                I2C2_EV_IRQHandler
                0x08006314                ADC1_2_IRQHandler
                0x08006314                SPI1_IRQHandler
                0x08006314                TAMPER_IRQHandler
                0x08006314                USART3_IRQHandler
                0x08006314                RTC_IRQHandler
                0x08006314                DMA1_Channel7_IRQHandler
                0x08006314                CAN1_RX1_IRQHandler
                0x08006314                TIM4_IRQHandler
                0x08006314                I2C1_EV_IRQHandler
                0x08006314                DMA1_Channel6_IRQHandler
                0x08006314                TIM3_IRQHandler
                0x08006314                RCC_IRQHandler
                0x08006314                TIM1_TRG_COM_IRQHandler
                0x08006314                DMA1_Channel1_IRQHandler
                0x08006314                Default_Handler
                0x08006314                EXTI15_10_IRQHandler
                0x08006314                EXTI9_5_IRQHandler
                0x08006314                SPI2_IRQHandler
                0x08006314                EXTI4_IRQHandler
                0x08006314                USB_LP_CAN1_RX0_IRQHandler
                0x08006314                USB_HP_CAN1_TX_IRQHandler
                0x08006314                DMA1_Channel3_IRQHandler
                0x08006314                TIM1_UP_IRQHandler
                0x08006314                WWDG_IRQHandler
                0x08006314                TIM2_IRQHandler
                0x08006314                TIM1_BRK_IRQHandler
                0x08006314                EXTI1_IRQHandler
                0x08006314                USART2_IRQHandler
                0x08006314                I2C2_ER_IRQHandler
                0x08006314                DMA1_Channel2_IRQHandler
                0x08006314                CAN1_SCE_IRQHandler
                0x08006314                FLASH_IRQHandler
                0x08006314                I2C1_ER_IRQHandler
                0x08006314                USBWakeUp_IRQHandler
 .text.atof     0x08006316        0x6 c:/arm_gcc/bin/../lib/gcc/arm-none-eabi/9.2.1/../../../../arm-none-eabi/lib/thumb/v7-m/nofp\libc_nano.a(lib_a-atof.o)
                0x08006316                atof
 .text.__libc_init_array
                0x0800631c       0x48 c:/arm_gcc/bin/../lib/gcc/arm-none-eabi/9.2.1/../../../../arm-none-eabi/lib/thumb/v7-m/nofp\libc_nano.a(lib_a-init.o)
                0x0800631c                __libc_init_array
 .text.malloc   0x08006364       0x10 c:/arm_gcc/bin/../lib/gcc/arm-none-eabi/9.2.1/../../../../arm-none-eabi/lib/thumb/v7-m/nofp\libc_nano.a(lib_a-malloc.o)
                0x08006364                malloc
 .text.free     0x08006374       0x10 c:/arm_gcc/bin/../lib/gcc/arm-none-eabi/9.2.1/../../../../arm-none-eabi/lib/thumb/v7-m/nofp\libc_nano.a(lib_a-malloc.o)
                0x08006374                free
 .text.memcpy   0x08006384       0x1c c:/arm_gcc/bin/../lib/gcc/arm-none-eabi/9.2.1/../../../../arm-none-eabi/lib/thumb/v7-m/nofp\libc_nano.a(lib_a-memcpy-stub.o)
                0x08006384                memcpy
 .text.memset   0x080063a0       0x10 c:/arm_gcc/bin/../lib/gcc/arm-none-eabi/9.2.1/../../../../arm-none-eabi/lib/thumb/v7-m/nofp\libc_nano.a(lib_a-memset.o)
                0x080063a0                memset
 .text._free_r  0x080063b0       0x98 c:/arm_gcc/bin/../lib/gcc/arm-none-eabi/9.2.1/../../../../arm-none-eabi/lib/thumb/v7-m/nofp\libc_nano.a(lib_a-nano-freer.o)
                0x080063b0                _free_r
 .text._malloc_r
                0x08006448       0xb4 c:/arm_gcc/bin/../lib/gcc/arm-none-eabi/9.2.1/../../../../arm-none-eabi/lib/thumb/v7-m/nofp\libc_nano.a(lib_a-nano-mallocr.o)
                0x08006448                _malloc_r
 .text._sbrk_r  0x080064fc       0x20 c:/arm_gcc/bin/../lib/gcc/arm-none-eabi/9.2.1/../../../../arm-none-eabi/lib/thumb/v7-m/nofp\libc_nano.a(lib_a-sbrkr.o)
                0x080064fc                _sbrk_r
 .text.sulp     0x0800651c       0x42 c:/arm_gcc/bin/../lib/gcc/arm-none-eabi/9.2.1/../../../../arm-none-eabi/lib/thumb/v7-m/nofp\libc_nano.a(lib_a-strtod.o)
 *fill*         0x0800655e        0x2 
 .text._strtod_l
                0x08006560      0xbe8 c:/arm_gcc/bin/../lib/gcc/arm-none-eabi/9.2.1/../../../../arm-none-eabi/lib/thumb/v7-m/nofp\libc_nano.a(lib_a-strtod.o)
                0x08006560                _strtod_l
 .text.strtod   0x08007148       0x18 c:/arm_gcc/bin/../lib/gcc/arm-none-eabi/9.2.1/../../../../arm-none-eabi/lib/thumb/v7-m/nofp\libc_nano.a(lib_a-strtod.o)
                0x08007148                strtod
 .text._vsnprintf_r
                0x08007160       0x58 c:/arm_gcc/bin/../lib/gcc/arm-none-eabi/9.2.1/../../../../arm-none-eabi/lib/thumb/v7-m/nofp\libc_nano.a(lib_a-vsnprintf.o)
                0x08007160                _vsniprintf_r
                0x08007160                _vsnprintf_r
 .text.vsnprintf
                0x080071b8       0x1c c:/arm_gcc/bin/../lib/gcc/arm-none-eabi/9.2.1/../../../../arm-none-eabi/lib/thumb/v7-m/nofp\libc_nano.a(lib_a-vsnprintf.o)
                0x080071b8                vsniprintf
                0x080071b8                vsnprintf
 .text.rshift   0x080071d4       0xa6 c:/arm_gcc/bin/../lib/gcc/arm-none-eabi/9.2.1/../../../../arm-none-eabi/lib/thumb/v7-m/nofp\libc_nano.a(lib_a-gdtoa-gethex.o)
 .text.__hexdig_fun
                0x0800727a       0x2a c:/arm_gcc/bin/../lib/gcc/arm-none-eabi/9.2.1/../../../../arm-none-eabi/lib/thumb/v7-m/nofp\libc_nano.a(lib_a-gdtoa-gethex.o)
                0x0800727a                __hexdig_fun
 .text.__gethex
                0x080072a4      0x454 c:/arm_gcc/bin/../lib/gcc/arm-none-eabi/9.2.1/../../../../arm-none-eabi/lib/thumb/v7-m/nofp\libc_nano.a(lib_a-gdtoa-gethex.o)
                0x080072a4                __gethex
 .text.L_shift  0x080076f8       0x24 c:/arm_gcc/bin/../lib/gcc/arm-none-eabi/9.2.1/../../../../arm-none-eabi/lib/thumb/v7-m/nofp\libc_nano.a(lib_a-gdtoa-hexnan.o)
 .text.__match  0x0800771c       0x28 c:/arm_gcc/bin/../lib/gcc/arm-none-eabi/9.2.1/../../../../arm-none-eabi/lib/thumb/v7-m/nofp\libc_nano.a(lib_a-gdtoa-hexnan.o)
                0x0800771c                __match
 .text.__hexnan
                0x08007744      0x138 c:/arm_gcc/bin/../lib/gcc/arm-none-eabi/9.2.1/../../../../arm-none-eabi/lib/thumb/v7-m/nofp\libc_nano.a(lib_a-gdtoa-hexnan.o)
                0x08007744                __hexnan
 .text.__ascii_mbtowc
                0x0800787c       0x24 c:/arm_gcc/bin/../lib/gcc/arm-none-eabi/9.2.1/../../../../arm-none-eabi/lib/thumb/v7-m/nofp\libc_nano.a(lib_a-mbtowc_r.o)
                0x0800787c                __ascii_mbtowc
 .text.__malloc_lock
                0x080078a0        0xc c:/arm_gcc/bin/../lib/gcc/arm-none-eabi/9.2.1/../../../../arm-none-eabi/lib/thumb/v7-m/nofp\libc_nano.a(lib_a-mlock.o)
                0x080078a0                __malloc_lock
 .text.__malloc_unlock
                0x080078ac        0xc c:/arm_gcc/bin/../lib/gcc/arm-none-eabi/9.2.1/../../../../arm-none-eabi/lib/thumb/v7-m/nofp\libc_nano.a(lib_a-mlock.o)
                0x080078ac                __malloc_unlock
 .text._Balloc  0x080078b8       0x68 c:/arm_gcc/bin/../lib/gcc/arm-none-eabi/9.2.1/../../../../arm-none-eabi/lib/thumb/v7-m/nofp\libc_nano.a(lib_a-mprec.o)
                0x080078b8                _Balloc
 .text._Bfree   0x08007920       0x2e c:/arm_gcc/bin/../lib/gcc/arm-none-eabi/9.2.1/../../../../arm-none-eabi/lib/thumb/v7-m/nofp\libc_nano.a(lib_a-mprec.o)
                0x08007920                _Bfree
 .text.__multadd
                0x0800794e       0x7c c:/arm_gcc/bin/../lib/gcc/arm-none-eabi/9.2.1/../../../../arm-none-eabi/lib/thumb/v7-m/nofp\libc_nano.a(lib_a-mprec.o)
                0x0800794e                __multadd
 .text.__s2b    0x080079ca       0x7c c:/arm_gcc/bin/../lib/gcc/arm-none-eabi/9.2.1/../../../../arm-none-eabi/lib/thumb/v7-m/nofp\libc_nano.a(lib_a-mprec.o)
                0x080079ca                __s2b
 .text.__hi0bits
                0x08007a46       0x40 c:/arm_gcc/bin/../lib/gcc/arm-none-eabi/9.2.1/../../../../arm-none-eabi/lib/thumb/v7-m/nofp\libc_nano.a(lib_a-mprec.o)
                0x08007a46                __hi0bits
 .text.__lo0bits
                0x08007a86       0x5c c:/arm_gcc/bin/../lib/gcc/arm-none-eabi/9.2.1/../../../../arm-none-eabi/lib/thumb/v7-m/nofp\libc_nano.a(lib_a-mprec.o)
                0x08007a86                __lo0bits
 .text.__i2b    0x08007ae2       0x12 c:/arm_gcc/bin/../lib/gcc/arm-none-eabi/9.2.1/../../../../arm-none-eabi/lib/thumb/v7-m/nofp\libc_nano.a(lib_a-mprec.o)
                0x08007ae2                __i2b
 .text.__multiply
                0x08007af4      0x136 c:/arm_gcc/bin/../lib/gcc/arm-none-eabi/9.2.1/../../../../arm-none-eabi/lib/thumb/v7-m/nofp\libc_nano.a(lib_a-mprec.o)
                0x08007af4                __multiply
 *fill*         0x08007c2a        0x2 
 .text.__pow5mult
                0x08007c2c       0x9c c:/arm_gcc/bin/../lib/gcc/arm-none-eabi/9.2.1/../../../../arm-none-eabi/lib/thumb/v7-m/nofp\libc_nano.a(lib_a-mprec.o)
                0x08007c2c                __pow5mult
 .text.__lshift
                0x08007cc8       0xbe c:/arm_gcc/bin/../lib/gcc/arm-none-eabi/9.2.1/../../../../arm-none-eabi/lib/thumb/v7-m/nofp\libc_nano.a(lib_a-mprec.o)
                0x08007cc8                __lshift
 .text.__mcmp   0x08007d86       0x36 c:/arm_gcc/bin/../lib/gcc/arm-none-eabi/9.2.1/../../../../arm-none-eabi/lib/thumb/v7-m/nofp\libc_nano.a(lib_a-mprec.o)
                0x08007d86                __mcmp
 .text.__mdiff  0x08007dbc       0xf8 c:/arm_gcc/bin/../lib/gcc/arm-none-eabi/9.2.1/../../../../arm-none-eabi/lib/thumb/v7-m/nofp\libc_nano.a(lib_a-mprec.o)
                0x08007dbc                __mdiff
 .text.__ulp    0x08007eb4       0x4c c:/arm_gcc/bin/../lib/gcc/arm-none-eabi/9.2.1/../../../../arm-none-eabi/lib/thumb/v7-m/nofp\libc_nano.a(lib_a-mprec.o)
                0x08007eb4                __ulp
 .text.__b2d    0x08007f00       0xa8 c:/arm_gcc/bin/../lib/gcc/arm-none-eabi/9.2.1/../../../../arm-none-eabi/lib/thumb/v7-m/nofp\libc_nano.a(lib_a-mprec.o)
                0x08007f00                __b2d
 .text.__d2b    0x08007fa8       0x9e c:/arm_gcc/bin/../lib/gcc/arm-none-eabi/9.2.1/../../../../arm-none-eabi/lib/thumb/v7-m/nofp\libc_nano.a(lib_a-mprec.o)
                0x08007fa8                __d2b
 .text.__ratio  0x08008046       0x5c c:/arm_gcc/bin/../lib/gcc/arm-none-eabi/9.2.1/../../../../arm-none-eabi/lib/thumb/v7-m/nofp\libc_nano.a(lib_a-mprec.o)
                0x08008046                __ratio
 .text.__copybits
                0x080080a2       0x46 c:/arm_gcc/bin/../lib/gcc/arm-none-eabi/9.2.1/../../../../arm-none-eabi/lib/thumb/v7-m/nofp\libc_nano.a(lib_a-mprec.o)
                0x080080a2                __copybits
 .text.__any_on
                0x080080e8       0x42 c:/arm_gcc/bin/../lib/gcc/arm-none-eabi/9.2.1/../../../../arm-none-eabi/lib/thumb/v7-m/nofp\libc_nano.a(lib_a-mprec.o)
                0x080080e8                __any_on
 .text._calloc_r
                0x0800812a       0x1c c:/arm_gcc/bin/../lib/gcc/arm-none-eabi/9.2.1/../../../../arm-none-eabi/lib/thumb/v7-m/nofp\libc_nano.a(lib_a-nano-callocr.o)
                0x0800812a                _calloc_r
 .text.__ssputs_r
                0x08008146       0xb6 c:/arm_gcc/bin/../lib/gcc/arm-none-eabi/9.2.1/../../../../arm-none-eabi/lib/thumb/v7-m/nofp\libc_nano.a(lib_a-nano-svfprintf.o)
                0x08008146                __ssputs_r
 .text._svfprintf_r
                0x080081fc      0x200 c:/arm_gcc/bin/../lib/gcc/arm-none-eabi/9.2.1/../../../../arm-none-eabi/lib/thumb/v7-m/nofp\libc_nano.a(lib_a-nano-svfprintf.o)
                0x080081fc                _svfiprintf_r
                0x080081fc                _svfprintf_r
 .text._printf_common
                0x080083fc       0xde c:/arm_gcc/bin/../lib/gcc/arm-none-eabi/9.2.1/../../../../arm-none-eabi/lib/thumb/v7-m/nofp\libc_nano.a(lib_a-nano-vfprintf_i.o)
                0x080083fc                _printf_common
 *fill*         0x080084da        0x2 
 .text._printf_i
                0x080084dc      0x24c c:/arm_gcc/bin/../lib/gcc/arm-none-eabi/9.2.1/../../../../arm-none-eabi/lib/thumb/v7-m/nofp\libc_nano.a(lib_a-nano-vfprintf_i.o)
                0x080084dc                _printf_i
 .text.nan      0x08008728        0xc c:/arm_gcc/bin/../lib/gcc/arm-none-eabi/9.2.1/../../../../arm-none-eabi/lib/thumb/v7-m/nofp\libc_nano.a(lib_a-s_nan.o)
                0x08008728                nan
 .text.strncmp  0x08008734       0x24 c:/arm_gcc/bin/../lib/gcc/arm-none-eabi/9.2.1/../../../../arm-none-eabi/lib/thumb/v7-m/nofp\libc_nano.a(lib_a-strncmp.o)
                0x08008734                strncmp
 .text.__ascii_wctomb
                0x08008758       0x1a c:/arm_gcc/bin/../lib/gcc/arm-none-eabi/9.2.1/../../../../arm-none-eabi/lib/thumb/v7-m/nofp\libc_nano.a(lib_a-wctomb_r.o)
                0x08008758                __ascii_wctomb
 .text.__retarget_lock_acquire_recursive
                0x08008772        0x2 c:/arm_gcc/bin/../lib/gcc/arm-none-eabi/9.2.1/../../../../arm-none-eabi/lib/thumb/v7-m/nofp\libc_nano.a(lib_a-lock.o)
                0x08008772                __retarget_lock_acquire_recursive
 .text.__retarget_lock_release_recursive
                0x08008774        0x2 c:/arm_gcc/bin/../lib/gcc/arm-none-eabi/9.2.1/../../../../arm-none-eabi/lib/thumb/v7-m/nofp\libc_nano.a(lib_a-lock.o)
                0x08008774                __retarget_lock_release_recursive
 .text.memchr   0x08008776       0x1c c:/arm_gcc/bin/../lib/gcc/arm-none-eabi/9.2.1/../../../../arm-none-eabi/lib/thumb/v7-m/nofp\libc_nano.a(lib_a-memchr-stub.o)
                0x08008776                memchr
 .text.memmove  0x08008792       0x34 c:/arm_gcc/bin/../lib/gcc/arm-none-eabi/9.2.1/../../../../arm-none-eabi/lib/thumb/v7-m/nofp\libc_nano.a(lib_a-memmove.o)
                0x08008792                memmove
 .text._realloc_r
                0x080087c6       0x4c c:/arm_gcc/bin/../lib/gcc/arm-none-eabi/9.2.1/../../../../arm-none-eabi/lib/thumb/v7-m/nofp\libc_nano.a(lib_a-nano-reallocr.o)
                0x080087c6                _realloc_r
 .text._malloc_usable_size_r
                0x08008812       0x10 c:/arm_gcc/bin/../lib/gcc/arm-none-eabi/9.2.1/../../../../arm-none-eabi/lib/thumb/v7-m/nofp\libc_nano.a(lib_a-nano-msizer.o)
                0x08008812                _malloc_usable_size_r
 *fill*         0x08008822        0x2 
 .text.acosf    0x08008824       0xa4 c:/arm_gcc/bin/../lib/gcc/arm-none-eabi/9.2.1/../../../../arm-none-eabi/lib/thumb/v7-m/nofp\libm.a(lib_a-wf_acos.o)
                0x08008824                acosf
 .text.atan2f   0x080088c8        0x4 c:/arm_gcc/bin/../lib/gcc/arm-none-eabi/9.2.1/../../../../arm-none-eabi/lib/thumb/v7-m/nofp\libm.a(lib_a-wf_atan2.o)
                0x080088c8                atan2f
 .text.sqrtf    0x080088cc       0xa4 c:/arm_gcc/bin/../lib/gcc/arm-none-eabi/9.2.1/../../../../arm-none-eabi/lib/thumb/v7-m/nofp\libm.a(lib_a-wf_sqrt.o)
                0x080088cc                sqrtf
 .text.__ieee754_acosf
                0x08008970      0x2c8 c:/arm_gcc/bin/../lib/gcc/arm-none-eabi/9.2.1/../../../../arm-none-eabi/lib/thumb/v7-m/nofp\libm.a(lib_a-ef_acos.o)
                0x08008970                __ieee754_acosf
 .text.__ieee754_atan2f
                0x08008c38      0x110 c:/arm_gcc/bin/../lib/gcc/arm-none-eabi/9.2.1/../../../../arm-none-eabi/lib/thumb/v7-m/nofp\libm.a(lib_a-ef_atan2.o)
                0x08008c38                __ieee754_atan2f
 .text.__ieee754_sqrtf
                0x08008d48       0xa8 c:/arm_gcc/bin/../lib/gcc/arm-none-eabi/9.2.1/../../../../arm-none-eabi/lib/thumb/v7-m/nofp\libm.a(lib_a-ef_sqrt.o)
                0x08008d48                __ieee754_sqrtf
 .text.matherr  0x08008df0        0x4 c:/arm_gcc/bin/../lib/gcc/arm-none-eabi/9.2.1/../../../../arm-none-eabi/lib/thumb/v7-m/nofp\libm.a(lib_a-s_matherr.o)
                0x08008df0                matherr
 .text.atanf    0x08008df4      0x230 c:/arm_gcc/bin/../lib/gcc/arm-none-eabi/9.2.1/../../../../arm-none-eabi/lib/thumb/v7-m/nofp\libm.a(lib_a-sf_atan.o)
                0x08008df4                atanf
 .text.fabsf    0x08009024        0x8 c:/arm_gcc/bin/../lib/gcc/arm-none-eabi/9.2.1/../../../../arm-none-eabi/lib/thumb/v7-m/nofp\libm.a(lib_a-sf_fabs.o)
                0x08009024                fabsf
 .text._sbrk    0x0800902c       0x1c c:/arm_gcc/bin/../lib/gcc/arm-none-eabi/9.2.1/../../../../arm-none-eabi/lib/thumb/v7-m/nofp\libnosys.a(sbrk.o)
                0x0800902c                _sbrk
 .text.__errno  0x08009048        0xc c:/arm_gcc/bin/../lib/gcc/arm-none-eabi/9.2.1/../../../../arm-none-eabi/lib/thumb/v7-m/nofp\libc_nano.a(lib_a-errno.o)
                0x08009048                __errno
 *(.glue_7)
 .glue_7        0x08009054        0x0 linker stubs
 *(.glue_7t)
 .glue_7t       0x08009054        0x0 linker stubs
 *(.eh_frame)
 .eh_frame      0x08009054        0x0 c:/arm_gcc/bin/../lib/gcc/arm-none-eabi/9.2.1/thumb/v7-m/nofp/crtbegin.o
 *(.init)
 .init          0x08009054        0x4 c:/arm_gcc/bin/../lib/gcc/arm-none-eabi/9.2.1/thumb/v7-m/nofp/crti.o
                0x08009054                _init
 .init          0x08009058        0x8 c:/arm_gcc/bin/../lib/gcc/arm-none-eabi/9.2.1/thumb/v7-m/nofp/crtn.o
 *(.fini)
 .fini          0x08009060        0x4 c:/arm_gcc/bin/../lib/gcc/arm-none-eabi/9.2.1/thumb/v7-m/nofp/crti.o
                0x08009060                _fini
 .fini          0x08009064        0x8 c:/arm_gcc/bin/../lib/gcc/arm-none-eabi/9.2.1/thumb/v7-m/nofp/crtn.o
                0x0800906c                . = ALIGN (0x4)
                0x0800906c                _etext = .

.vfp11_veneer   0x0800906c        0x0
 .vfp11_veneer  0x0800906c        0x0 linker stubs

.v4_bx          0x0800906c        0x0
 .v4_bx         0x0800906c        0x0 linker stubs

.iplt           0x0800906c        0x0
 .iplt          0x0800906c        0x0 c:/arm_gcc/bin/../lib/gcc/arm-none-eabi/9.2.1/thumb/v7-m/nofp/crtbegin.o

.rodata         0x08009070      0x3f8
                0x08009070                . = ALIGN (0x4)
 *(.rodata)
 .rodata        0x08009070        0xf build/main.o
 *(.rodata*)
 *fill*         0x0800907f        0x1 
 .rodata.analize.str1.4
                0x08009080       0x11 build/command.o
 *fill*         0x08009091        0x3 
 .rodata.test.str1.4
                0x08009094       0x45 build/cmd_fun.o
 *fill*         0x080090d9        0x3 
 .rodata.TIM_test.str1.4
                0x080090dc       0x24 build/cmd_fun.o
 .rodata.servor_test.str1.4
                0x08009100       0x11 build/cmd_fun.o
 *fill*         0x08009111        0x3 
 .rodata.command_init.str1.4
                0x08009114       0x21 build/cmd_fun.o
                                 0x29 (size before relaxing)
 *fill*         0x08009135        0x3 
 .rodata.main.str1.4
                0x08009138        0xf build/main.o
 *fill*         0x08009147        0x1 
 .rodata.HAL_RCC_GetSysClockFreq.str1.4
                0x08009148       0x11 build/stm32f1xx_hal_rcc.o
 .rodata.HAL_RCCEx_GetPeriphCLKFreq.str1.4
                0x08009159       0x11 build/stm32f1xx_hal_rcc_ex.o
 *fill*         0x08009159        0x3 
 .rodata.AHBPrescTable
                0x0800915c       0x10 build/system_stm32f1xx.o
                0x0800915c                AHBPrescTable
 .rodata.APBPrescTable
                0x0800916c        0x8 build/system_stm32f1xx.o
                0x0800916c                APBPrescTable
 .rodata._ctype_
                0x08009174      0x101 c:/arm_gcc/bin/../lib/gcc/arm-none-eabi/9.2.1/../../../../arm-none-eabi/lib/thumb/v7-m/nofp\libc_nano.a(lib_a-ctype_.o)
                0x08009174                _ctype_
 .rodata._strtod_l.str1.1
                0x08009275        0xc c:/arm_gcc/bin/../lib/gcc/arm-none-eabi/9.2.1/../../../../arm-none-eabi/lib/thumb/v7-m/nofp\libc_nano.a(lib_a-strtod.o)
                                  0xd (size before relaxing)
 *fill*         0x08009281        0x3 
 .rodata.fpi.6203
                0x08009284       0x14 c:/arm_gcc/bin/../lib/gcc/arm-none-eabi/9.2.1/../../../../arm-none-eabi/lib/thumb/v7-m/nofp\libc_nano.a(lib_a-strtod.o)
 .rodata.fpinan.6239
                0x08009298       0x14 c:/arm_gcc/bin/../lib/gcc/arm-none-eabi/9.2.1/../../../../arm-none-eabi/lib/thumb/v7-m/nofp\libc_nano.a(lib_a-strtod.o)
 *fill*         0x080092ac        0x4 
 .rodata.tinytens
                0x080092b0       0x28 c:/arm_gcc/bin/../lib/gcc/arm-none-eabi/9.2.1/../../../../arm-none-eabi/lib/thumb/v7-m/nofp\libc_nano.a(lib_a-strtod.o)
 .rodata.str1.1
                0x080092d8        0x2 c:/arm_gcc/bin/../lib/gcc/arm-none-eabi/9.2.1/../../../../arm-none-eabi/lib/thumb/v7-m/nofp\libc_nano.a(lib_a-lnumeric.o)
                                  0x3 (size before relaxing)
 *fill*         0x080092da        0x2 
 .rodata._C_numeric_locale
                0x080092dc        0xc c:/arm_gcc/bin/../lib/gcc/arm-none-eabi/9.2.1/../../../../arm-none-eabi/lib/thumb/v7-m/nofp\libc_nano.a(lib_a-lnumeric.o)
                0x080092dc                _C_numeric_locale
 .rodata._setlocale_r.str1.1
                0x080092e8        0x8 c:/arm_gcc/bin/../lib/gcc/arm-none-eabi/9.2.1/../../../../arm-none-eabi/lib/thumb/v7-m/nofp\libc_nano.a(lib_a-locale.o)
                                  0x9 (size before relaxing)
 .rodata.str1.1
                0x080092f0        0x2 c:/arm_gcc/bin/../lib/gcc/arm-none-eabi/9.2.1/../../../../arm-none-eabi/lib/thumb/v7-m/nofp\libc_nano.a(lib_a-locale.o)
 .rodata.__mprec_bigtens
                0x080092f0       0x28 c:/arm_gcc/bin/../lib/gcc/arm-none-eabi/9.2.1/../../../../arm-none-eabi/lib/thumb/v7-m/nofp\libc_nano.a(lib_a-mprec.o)
                0x080092f0                __mprec_bigtens
 .rodata.__mprec_tens
                0x08009318       0xc8 c:/arm_gcc/bin/../lib/gcc/arm-none-eabi/9.2.1/../../../../arm-none-eabi/lib/thumb/v7-m/nofp\libc_nano.a(lib_a-mprec.o)
                0x08009318                __mprec_tens
 .rodata.p05.6127
                0x080093e0        0xc c:/arm_gcc/bin/../lib/gcc/arm-none-eabi/9.2.1/../../../../arm-none-eabi/lib/thumb/v7-m/nofp\libc_nano.a(lib_a-mprec.o)
 .rodata._svfprintf_r.str1.1
                0x080093ec       0x11 c:/arm_gcc/bin/../lib/gcc/arm-none-eabi/9.2.1/../../../../arm-none-eabi/lib/thumb/v7-m/nofp\libc_nano.a(lib_a-nano-svfprintf.o)
 .rodata._printf_i.str1.1
                0x080093fd       0x22 c:/arm_gcc/bin/../lib/gcc/arm-none-eabi/9.2.1/../../../../arm-none-eabi/lib/thumb/v7-m/nofp\libc_nano.a(lib_a-nano-vfprintf_i.o)
 *fill*         0x0800941f        0x1 
 .rodata.acosf.str1.4
                0x08009420        0x6 c:/arm_gcc/bin/../lib/gcc/arm-none-eabi/9.2.1/../../../../arm-none-eabi/lib/thumb/v7-m/nofp\libm.a(lib_a-wf_acos.o)
                                  0x9 (size before relaxing)
 *fill*         0x08009426        0x2 
 .rodata.sqrtf.str1.4
                0x08009428        0x6 c:/arm_gcc/bin/../lib/gcc/arm-none-eabi/9.2.1/../../../../arm-none-eabi/lib/thumb/v7-m/nofp\libm.a(lib_a-wf_sqrt.o)
 *fill*         0x0800942e        0x2 
 .rodata.CSWTCH.8
                0x08009430        0xc c:/arm_gcc/bin/../lib/gcc/arm-none-eabi/9.2.1/../../../../arm-none-eabi/lib/thumb/v7-m/nofp\libm.a(lib_a-ef_atan2.o)
 .rodata.CSWTCH.9
                0x0800943c        0xc c:/arm_gcc/bin/../lib/gcc/arm-none-eabi/9.2.1/../../../../arm-none-eabi/lib/thumb/v7-m/nofp\libm.a(lib_a-ef_atan2.o)
 .rodata.atanhi
                0x08009448       0x10 c:/arm_gcc/bin/../lib/gcc/arm-none-eabi/9.2.1/../../../../arm-none-eabi/lib/thumb/v7-m/nofp\libm.a(lib_a-sf_atan.o)
 .rodata.atanlo
                0x08009458       0x10 c:/arm_gcc/bin/../lib/gcc/arm-none-eabi/9.2.1/../../../../arm-none-eabi/lib/thumb/v7-m/nofp\libm.a(lib_a-sf_atan.o)
                0x08009468                . = ALIGN (0x4)

.rel.dyn        0x08009468        0x0
 .rel.iplt      0x08009468        0x0 c:/arm_gcc/bin/../lib/gcc/arm-none-eabi/9.2.1/thumb/v7-m/nofp/crtbegin.o

.ARM.extab
 *(.ARM.extab* .gnu.linkonce.armextab.*)

.ARM            0x08009468        0x0
                0x08009468                __exidx_start = .
 *(.ARM.exidx*)
                0x08009468                __exidx_end = .

.preinit_array  0x08009468        0x0
                0x08009468                PROVIDE (__preinit_array_start = .)
 *(.preinit_array*)
                0x08009468                PROVIDE (__preinit_array_end = .)

.init_array     0x08009468        0x4
                0x08009468                PROVIDE (__init_array_start = .)
 *(SORT_BY_NAME(.init_array.*))
 *(.init_array*)
 .init_array    0x08009468        0x4 c:/arm_gcc/bin/../lib/gcc/arm-none-eabi/9.2.1/thumb/v7-m/nofp/crtbegin.o
                0x0800946c                PROVIDE (__init_array_end = .)

.fini_array     0x0800946c        0x4
                [!provide]                PROVIDE (__fini_array_start = .)
 *(SORT_BY_NAME(.fini_array.*))
 *(.fini_array*)
 .fini_array    0x0800946c        0x4 c:/arm_gcc/bin/../lib/gcc/arm-none-eabi/9.2.1/thumb/v7-m/nofp/crtbegin.o
                [!provide]                PROVIDE (__fini_array_end = .)
                0x08009470                _sidata = LOADADDR (.data)

.data           0x20000000      0x22c load address 0x08009470
                0x20000000                . = ALIGN (0x4)
                0x20000000                _sdata = .
 *(.data)
 *(.data*)
 .data.RX_ADDRESS
                0x20000000        0xf build/nrf24l01.o
                0x20000000                RX_ADDRESS
 *fill*         0x2000000f        0x1 
 .data.TX_ADDRESS
                0x20000010        0x5 build/nrf24l01.o
                0x20000010                TX_ADDRESS
 .data.Rx_Mode  0x20000015        0x1 build/uart_ext.o
 *fill*         0x20000016        0x2 
 .data.s        0x20000018       0x16 build/uart_ext.o
                0x20000018                s
 *fill*         0x2000002e        0x2 
 .data.gyro_k   0x20000030        0xc build/easy_angle.o
                0x20000030                gyro_k
 .data.L_Servor_Middle
                0x2000003c        0x4 build/control.o
                0x2000003c                L_Servor_Middle
 .data.R_Servor_Middle
                0x20000040        0x4 build/control.o
                0x20000040                R_Servor_Middle
 .data.Roll_Stable
                0x20000044        0x4 build/control.o
                0x20000044                Roll_Stable
 .data.uwTickFreq
                0x20000048        0x1 build/stm32f1xx_hal.o
                0x20000048                uwTickFreq
 *fill*         0x20000049        0x3 
 .data.uwTickPrio
                0x2000004c        0x4 build/stm32f1xx_hal.o
                0x2000004c                uwTickPrio
 .data.SystemCoreClock
                0x20000050        0x4 build/system_stm32f1xx.o
                0x20000050                SystemCoreClock
 .data._impure_ptr
                0x20000054        0x4 c:/arm_gcc/bin/../lib/gcc/arm-none-eabi/9.2.1/../../../../arm-none-eabi/lib/thumb/v7-m/nofp\libc_nano.a(lib_a-impure.o)
                0x20000054                _impure_ptr
 .data.impure_data
                0x20000058       0x60 c:/arm_gcc/bin/../lib/gcc/arm-none-eabi/9.2.1/../../../../arm-none-eabi/lib/thumb/v7-m/nofp\libc_nano.a(lib_a-impure.o)
 .data.numempty
                0x200000b8        0x2 c:/arm_gcc/bin/../lib/gcc/arm-none-eabi/9.2.1/../../../../arm-none-eabi/lib/thumb/v7-m/nofp\libc_nano.a(lib_a-lnumeric.o)
 *fill*         0x200000ba        0x2 
 .data.__global_locale
                0x200000bc      0x16c c:/arm_gcc/bin/../lib/gcc/arm-none-eabi/9.2.1/../../../../arm-none-eabi/lib/thumb/v7-m/nofp\libc_nano.a(lib_a-locale.o)
                0x200000bc                __global_locale
 .data.__fdlib_version
                0x20000228        0x1 c:/arm_gcc/bin/../lib/gcc/arm-none-eabi/9.2.1/../../../../arm-none-eabi/lib/thumb/v7-m/nofp\libm.a(lib_a-s_lib_ver.o)
                0x20000228                __fdlib_version
                0x2000022c                . = ALIGN (0x4)
 *fill*         0x20000229        0x3 
                0x2000022c                _edata = .

.igot.plt       0x2000022c        0x0 load address 0x0800969c
 .igot.plt      0x2000022c        0x0 c:/arm_gcc/bin/../lib/gcc/arm-none-eabi/9.2.1/thumb/v7-m/nofp/crtbegin.o
                0x2000022c                . = ALIGN (0x4)

.bss            0x2000022c      0x5a8 load address 0x0800969c
                0x2000022c                _sbss = .
                0x2000022c                __bss_start__ = _sbss
 *(.bss)
 .bss           0x2000022c       0x1c c:/arm_gcc/bin/../lib/gcc/arm-none-eabi/9.2.1/thumb/v7-m/nofp/crtbegin.o
 *(.bss*)
 .bss.CONFIG_VALUE
                0x20000248        0x1 build/nrf24l01.o
                0x20000248                CONFIG_VALUE
 *fill*         0x20000249        0x3 
 .bss.NRF_RX_Data
                0x2000024c        0xa build/nrf24l01.o
                0x2000024c                NRF_RX_Data
 .bss.Tx_Mode   0x20000256        0x1 build/uart_ext.o
 *fill*         0x20000257        0x1 
 .bss.buffer_rx_count
                0x20000258        0x4 build/uart_ext.o
                0x20000258                buffer_rx_count
 .bss.debug_uart
                0x2000025c        0x4 build/uart_ext.o
 .bss.Aircraft_Mode
                0x20000260        0x1 build/control.o
                0x20000260                Aircraft_Mode
 *fill*         0x20000261        0x3 
 .bss.BAT_Voltage
                0x20000264        0x4 build/control.o
                0x20000264                BAT_Voltage
 .bss.MS_5_Flag
                0x20000268        0x1 build/control.o
                0x20000268                MS_5_Flag
 *fill*         0x20000269        0x3 
 .bss.Ms_Cnt.8922
                0x2000026c        0x4 build/control.o
 .bss.Roll_PID  0x20000270       0x20 build/control.o
                0x20000270                Roll_PID
 .bss.Servor_Width_Limit
                0x20000290        0x4 build/control.o
                0x20000290                Servor_Width_Limit
 .bss.ac.8890   0x20000294        0x6 build/control.o
 *fill*         0x2000029a        0x2 
 .bss.ac_angle.8893
                0x2000029c        0xc build/control.o
 .bss.angle.8894
                0x200002a8        0xc build/control.o
 .bss.angle_speed.8892
                0x200002b4        0xc build/control.o
 .bss.gy.8891   0x200002c0        0x6 build/control.o
 *fill*         0x200002c6        0x2 
 .bss.loop_cnt.8897
                0x200002c8        0x4 build/control.o
 .bss.__malloc_free_list
                0x200002cc        0x4 c:/arm_gcc/bin/../lib/gcc/arm-none-eabi/9.2.1/../../../../arm-none-eabi/lib/thumb/v7-m/nofp\libc_nano.a(lib_a-nano-mallocr.o)
                0x200002cc                __malloc_free_list
 .bss.__malloc_sbrk_start
                0x200002d0        0x4 c:/arm_gcc/bin/../lib/gcc/arm-none-eabi/9.2.1/../../../../arm-none-eabi/lib/thumb/v7-m/nofp\libc_nano.a(lib_a-nano-mallocr.o)
                0x200002d0                __malloc_sbrk_start
 .bss.heap_end.4144
                0x200002d4        0x4 c:/arm_gcc/bin/../lib/gcc/arm-none-eabi/9.2.1/../../../../arm-none-eabi/lib/thumb/v7-m/nofp\libnosys.a(sbrk.o)
 *(COMMON)
 COMMON         0x200002d8      0x194 build/command.o
                0x200002d8                CMD
 COMMON         0x2000046c       0x18 build/nrf24l01.o
                0x2000046c                SPI_USE
                0x20000470                CE_GPIO_PIN
                0x20000474                CE_GPIO_PORT
                0x20000478                STATUS_VALUE
                0x2000047c                CSN_GPIO_PIN
                0x20000480                CSN_GPIO_PORT
 COMMON         0x20000484       0x86 build/uart_ext.o
                0x20000484                buffer_rx
                0x200004a2                buffer_rx_OK
                0x200004a4                uart_buffer
                0x20000509                buffer_rx_temp
 *fill*         0x2000050a        0x2 
 COMMON         0x2000050c       0x18 build/i2c_ext.o
                0x2000050c                I2C_USE
                0x20000510                SCL_GPIO_PIN
                0x20000514                I2C_Init_Func
                0x20000518                SDA_GPIO_PIN
                0x2000051c                SDA_GPIO_PORT
                0x20000520                SCL_GPIO_PORT
 COMMON         0x20000524       0x30 build/icm20600.o
                0x20000524                MPU9250
                0x20000544                MPU9250_Setting
 COMMON         0x20000554        0x8 build/control.o
                0x20000554                Roll
                0x20000558                Pitch
 COMMON         0x2000055c       0x30 build/adc.o
                0x2000055c                hadc1
 COMMON         0x2000058c       0x54 build/i2c.o
                0x2000058c                hi2c1
 COMMON         0x200005e0       0x58 build/spi.o
                0x200005e0                hspi2
 COMMON         0x20000638      0x104 build/tim.o
                0x20000638                hdma_tim1_ch4_trig_com
                0x2000067c                htim3
                0x200006bc                htim1
                0x200006fc                htim2
 COMMON         0x2000073c       0x84 build/usart.o
                0x2000073c                hdma_usart1_rx
                0x20000780                huart1
 COMMON         0x200007c0        0x4 build/stm32f1xx_hal.o
                0x200007c0                uwTick
 COMMON         0x200007c4        0x4 c:/arm_gcc/bin/../lib/gcc/arm-none-eabi/9.2.1/../../../../arm-none-eabi/lib/thumb/v7-m/nofp\libc_nano.a(lib_a-reent.o)
                0x200007c4                errno
 COMMON         0x200007c8        0x9 c:/arm_gcc/bin/../lib/gcc/arm-none-eabi/9.2.1/../../../../arm-none-eabi/lib/thumb/v7-m/nofp\libc_nano.a(lib_a-lock.o)
                0x200007c8                __lock___atexit_recursive_mutex
                0x200007c9                __lock___arc4random_mutex
                0x200007ca                __lock___env_recursive_mutex
                0x200007cb                __lock___sinit_recursive_mutex
                0x200007cc                __lock___malloc_recursive_mutex
                0x200007cd                __lock___at_quick_exit_mutex
                0x200007ce                __lock___dd_hash_mutex
                0x200007cf                __lock___tz_mutex
                0x200007d0                __lock___sfp_recursive_mutex
                0x200007d4                . = ALIGN (0x4)
 *fill*         0x200007d1        0x3 
                0x200007d4                _ebss = .
                0x200007d4                __bss_end__ = _ebss

._user_heap_stack
                0x200007d4      0x604 load address 0x0800969c
                0x200007d8                . = ALIGN (0x8)
 *fill*         0x200007d4        0x4 
                0x200007d8                PROVIDE (end = .)
                [!provide]                PROVIDE (_end = .)
                0x200009d8                . = (. + _Min_Heap_Size)
 *fill*         0x200007d8      0x200 
                0x20000dd8                . = (. + _Min_Stack_Size)
 *fill*         0x200009d8      0x400 
                0x20000dd8                . = ALIGN (0x8)

/DISCARD/
 libc.a(*)
 libm.a(*)
 libgcc.a(*)

.ARM.attributes
                0x00000000       0x29
 *(.ARM.attributes)
 .ARM.attributes
                0x00000000       0x1d c:/arm_gcc/bin/../lib/gcc/arm-none-eabi/9.2.1/thumb/v7-m/nofp/crti.o
 .ARM.attributes
                0x0000001d       0x2d c:/arm_gcc/bin/../lib/gcc/arm-none-eabi/9.2.1/thumb/v7-m/nofp/crtbegin.o
 .ARM.attributes
                0x0000004a       0x2d build/command.o
 .ARM.attributes
                0x00000077       0x2d build/nrf24l01.o
 .ARM.attributes
                0x000000a4       0x2d build/cmd_fun.o
 .ARM.attributes
                0x000000d1       0x2d build/pid.o
 .ARM.attributes
                0x000000fe       0x2d build/uart_ext.o
 .ARM.attributes
                0x0000012b       0x2d build/easy_angle.o
 .ARM.attributes
                0x00000158       0x2d build/i2c_ext.o
 .ARM.attributes
                0x00000185       0x2d build/icm20600.o
 .ARM.attributes
                0x000001b2       0x2d build/control.o
 .ARM.attributes
                0x000001df       0x2d build/main.o
 .ARM.attributes
                0x0000020c       0x2d build/gpio.o
 .ARM.attributes
                0x00000239       0x2d build/adc.o
 .ARM.attributes
                0x00000266       0x2d build/dma.o
 .ARM.attributes
                0x00000293       0x2d build/i2c.o
 .ARM.attributes
                0x000002c0       0x2d build/spi.o
 .ARM.attributes
                0x000002ed       0x2d build/tim.o
 .ARM.attributes
                0x0000031a       0x2d build/usart.o
 .ARM.attributes
                0x00000347       0x2d build/stm32f1xx_it.o
 .ARM.attributes
                0x00000374       0x2d build/stm32f1xx_hal_msp.o
 .ARM.attributes
                0x000003a1       0x2d build/stm32f1xx_hal_adc.o
 .ARM.attributes
                0x000003ce       0x2d build/stm32f1xx_hal_i2c.o
 .ARM.attributes
                0x000003fb       0x2d build/stm32f1xx_hal_spi.o
 .ARM.attributes
                0x00000428       0x2d build/stm32f1xx_hal_tim.o
 .ARM.attributes
                0x00000455       0x2d build/stm32f1xx_hal_tim_ex.o
 .ARM.attributes
                0x00000482       0x2d build/stm32f1xx_hal_uart.o
 .ARM.attributes
                0x000004af       0x2d build/stm32f1xx_hal.o
 .ARM.attributes
                0x000004dc       0x2d build/stm32f1xx_hal_rcc.o
 .ARM.attributes
                0x00000509       0x2d build/stm32f1xx_hal_rcc_ex.o
 .ARM.attributes
                0x00000536       0x2d build/stm32f1xx_hal_gpio.o
 .ARM.attributes
                0x00000563       0x2d build/stm32f1xx_hal_dma.o
 .ARM.attributes
                0x00000590       0x2d build/stm32f1xx_hal_cortex.o
 .ARM.attributes
                0x000005bd       0x2d build/system_stm32f1xx.o
 .ARM.attributes
                0x000005ea       0x21 build/startup_stm32f103xb.o
 .ARM.attributes
                0x0000060b       0x2d c:/arm_gcc/bin/../lib/gcc/arm-none-eabi/9.2.1/../../../../arm-none-eabi/lib/thumb/v7-m/nofp\libc_nano.a(lib_a-atof.o)
 .ARM.attributes
                0x00000638       0x2d c:/arm_gcc/bin/../lib/gcc/arm-none-eabi/9.2.1/../../../../arm-none-eabi/lib/thumb/v7-m/nofp\libc_nano.a(lib_a-ctype_.o)
 .ARM.attributes
                0x00000665       0x2d c:/arm_gcc/bin/../lib/gcc/arm-none-eabi/9.2.1/../../../../arm-none-eabi/lib/thumb/v7-m/nofp\libc_nano.a(lib_a-impure.o)
 .ARM.attributes
                0x00000692       0x2d c:/arm_gcc/bin/../lib/gcc/arm-none-eabi/9.2.1/../../../../arm-none-eabi/lib/thumb/v7-m/nofp\libc_nano.a(lib_a-init.o)
 .ARM.attributes
                0x000006bf       0x2d c:/arm_gcc/bin/../lib/gcc/arm-none-eabi/9.2.1/../../../../arm-none-eabi/lib/thumb/v7-m/nofp\libc_nano.a(lib_a-malloc.o)
 .ARM.attributes
                0x000006ec       0x2d c:/arm_gcc/bin/../lib/gcc/arm-none-eabi/9.2.1/../../../../arm-none-eabi/lib/thumb/v7-m/nofp\libc_nano.a(lib_a-memcpy-stub.o)
 .ARM.attributes
                0x00000719       0x2d c:/arm_gcc/bin/../lib/gcc/arm-none-eabi/9.2.1/../../../../arm-none-eabi/lib/thumb/v7-m/nofp\libc_nano.a(lib_a-memset.o)
 .ARM.attributes
                0x00000746       0x2d c:/arm_gcc/bin/../lib/gcc/arm-none-eabi/9.2.1/../../../../arm-none-eabi/lib/thumb/v7-m/nofp\libc_nano.a(lib_a-nano-freer.o)
 .ARM.attributes
                0x00000773       0x2d c:/arm_gcc/bin/../lib/gcc/arm-none-eabi/9.2.1/../../../../arm-none-eabi/lib/thumb/v7-m/nofp\libc_nano.a(lib_a-nano-mallocr.o)
 .ARM.attributes
                0x000007a0       0x2d c:/arm_gcc/bin/../lib/gcc/arm-none-eabi/9.2.1/../../../../arm-none-eabi/lib/thumb/v7-m/nofp\libc_nano.a(lib_a-sbrkr.o)
 .ARM.attributes
                0x000007cd       0x2d c:/arm_gcc/bin/../lib/gcc/arm-none-eabi/9.2.1/../../../../arm-none-eabi/lib/thumb/v7-m/nofp\libc_nano.a(lib_a-strtod.o)
 .ARM.attributes
                0x000007fa       0x2d c:/arm_gcc/bin/../lib/gcc/arm-none-eabi/9.2.1/../../../../arm-none-eabi/lib/thumb/v7-m/nofp\libc_nano.a(lib_a-vsnprintf.o)
 .ARM.attributes
                0x00000827       0x2d c:/arm_gcc/bin/../lib/gcc/arm-none-eabi/9.2.1/../../../../arm-none-eabi/lib/thumb/v7-m/nofp\libc_nano.a(lib_a-gdtoa-gethex.o)
 .ARM.attributes
                0x00000854       0x2d c:/arm_gcc/bin/../lib/gcc/arm-none-eabi/9.2.1/../../../../arm-none-eabi/lib/thumb/v7-m/nofp\libc_nano.a(lib_a-gdtoa-hexnan.o)
 .ARM.attributes
                0x00000881       0x2d c:/arm_gcc/bin/../lib/gcc/arm-none-eabi/9.2.1/../../../../arm-none-eabi/lib/thumb/v7-m/nofp\libc_nano.a(lib_a-lnumeric.o)
 .ARM.attributes
                0x000008ae       0x2d c:/arm_gcc/bin/../lib/gcc/arm-none-eabi/9.2.1/../../../../arm-none-eabi/lib/thumb/v7-m/nofp\libc_nano.a(lib_a-locale.o)
 .ARM.attributes
                0x000008db       0x2d c:/arm_gcc/bin/../lib/gcc/arm-none-eabi/9.2.1/../../../../arm-none-eabi/lib/thumb/v7-m/nofp\libc_nano.a(lib_a-mbtowc_r.o)
 .ARM.attributes
                0x00000908       0x2d c:/arm_gcc/bin/../lib/gcc/arm-none-eabi/9.2.1/../../../../arm-none-eabi/lib/thumb/v7-m/nofp\libc_nano.a(lib_a-mlock.o)
 .ARM.attributes
                0x00000935       0x2d c:/arm_gcc/bin/../lib/gcc/arm-none-eabi/9.2.1/../../../../arm-none-eabi/lib/thumb/v7-m/nofp\libc_nano.a(lib_a-mprec.o)
 .ARM.attributes
                0x00000962       0x2d c:/arm_gcc/bin/../lib/gcc/arm-none-eabi/9.2.1/../../../../arm-none-eabi/lib/thumb/v7-m/nofp\libc_nano.a(lib_a-nano-callocr.o)
 .ARM.attributes
                0x0000098f       0x2d c:/arm_gcc/bin/../lib/gcc/arm-none-eabi/9.2.1/../../../../arm-none-eabi/lib/thumb/v7-m/nofp\libc_nano.a(lib_a-nano-svfprintf.o)
 .ARM.attributes
                0x000009bc       0x2d c:/arm_gcc/bin/../lib/gcc/arm-none-eabi/9.2.1/../../../../arm-none-eabi/lib/thumb/v7-m/nofp\libc_nano.a(lib_a-nano-vfprintf_i.o)
 .ARM.attributes
                0x000009e9       0x2d c:/arm_gcc/bin/../lib/gcc/arm-none-eabi/9.2.1/../../../../arm-none-eabi/lib/thumb/v7-m/nofp\libc_nano.a(lib_a-reent.o)
 .ARM.attributes
                0x00000a16       0x2d c:/arm_gcc/bin/../lib/gcc/arm-none-eabi/9.2.1/../../../../arm-none-eabi/lib/thumb/v7-m/nofp\libc_nano.a(lib_a-s_nan.o)
 .ARM.attributes
                0x00000a43       0x17 c:/arm_gcc/bin/../lib/gcc/arm-none-eabi/9.2.1/../../../../arm-none-eabi/lib/thumb/v7-m/nofp\libc_nano.a(lib_a-strlen.o)
 .ARM.attributes
                0x00000a5a       0x2d c:/arm_gcc/bin/../lib/gcc/arm-none-eabi/9.2.1/../../../../arm-none-eabi/lib/thumb/v7-m/nofp\libc_nano.a(lib_a-strncmp.o)
 .ARM.attributes
                0x00000a87       0x2d c:/arm_gcc/bin/../lib/gcc/arm-none-eabi/9.2.1/../../../../arm-none-eabi/lib/thumb/v7-m/nofp\libc_nano.a(lib_a-wctomb_r.o)
 .ARM.attributes
                0x00000ab4       0x2d c:/arm_gcc/bin/../lib/gcc/arm-none-eabi/9.2.1/../../../../arm-none-eabi/lib/thumb/v7-m/nofp\libc_nano.a(lib_a-lock.o)
 .ARM.attributes
                0x00000ae1       0x2d c:/arm_gcc/bin/../lib/gcc/arm-none-eabi/9.2.1/../../../../arm-none-eabi/lib/thumb/v7-m/nofp\libc_nano.a(lib_a-memchr-stub.o)
 .ARM.attributes
                0x00000b0e       0x2d c:/arm_gcc/bin/../lib/gcc/arm-none-eabi/9.2.1/../../../../arm-none-eabi/lib/thumb/v7-m/nofp\libc_nano.a(lib_a-memmove.o)
 .ARM.attributes
                0x00000b3b       0x2d c:/arm_gcc/bin/../lib/gcc/arm-none-eabi/9.2.1/../../../../arm-none-eabi/lib/thumb/v7-m/nofp\libc_nano.a(lib_a-nano-reallocr.o)
 .ARM.attributes
                0x00000b68       0x2d c:/arm_gcc/bin/../lib/gcc/arm-none-eabi/9.2.1/../../../../arm-none-eabi/lib/thumb/v7-m/nofp\libc_nano.a(lib_a-nano-msizer.o)
 .ARM.attributes
                0x00000b95       0x2d c:/arm_gcc/bin/../lib/gcc/arm-none-eabi/9.2.1/../../../../arm-none-eabi/lib/thumb/v7-m/nofp\libm.a(lib_a-wf_acos.o)
 .ARM.attributes
                0x00000bc2       0x2d c:/arm_gcc/bin/../lib/gcc/arm-none-eabi/9.2.1/../../../../arm-none-eabi/lib/thumb/v7-m/nofp\libm.a(lib_a-wf_atan2.o)
 .ARM.attributes
                0x00000bef       0x2d c:/arm_gcc/bin/../lib/gcc/arm-none-eabi/9.2.1/../../../../arm-none-eabi/lib/thumb/v7-m/nofp\libm.a(lib_a-wf_sqrt.o)
 .ARM.attributes
                0x00000c1c       0x2d c:/arm_gcc/bin/../lib/gcc/arm-none-eabi/9.2.1/../../../../arm-none-eabi/lib/thumb/v7-m/nofp\libm.a(lib_a-ef_acos.o)
 .ARM.attributes
                0x00000c49       0x2d c:/arm_gcc/bin/../lib/gcc/arm-none-eabi/9.2.1/../../../../arm-none-eabi/lib/thumb/v7-m/nofp\libm.a(lib_a-ef_atan2.o)
 .ARM.attributes
                0x00000c76       0x2d c:/arm_gcc/bin/../lib/gcc/arm-none-eabi/9.2.1/../../../../arm-none-eabi/lib/thumb/v7-m/nofp\libm.a(lib_a-ef_sqrt.o)
 .ARM.attributes
                0x00000ca3       0x2d c:/arm_gcc/bin/../lib/gcc/arm-none-eabi/9.2.1/../../../../arm-none-eabi/lib/thumb/v7-m/nofp\libm.a(lib_a-s_lib_ver.o)
 .ARM.attributes
                0x00000cd0       0x2d c:/arm_gcc/bin/../lib/gcc/arm-none-eabi/9.2.1/../../../../arm-none-eabi/lib/thumb/v7-m/nofp\libm.a(lib_a-s_matherr.o)
 .ARM.attributes
                0x00000cfd       0x2d c:/arm_gcc/bin/../lib/gcc/arm-none-eabi/9.2.1/../../../../arm-none-eabi/lib/thumb/v7-m/nofp\libm.a(lib_a-sf_atan.o)
 .ARM.attributes
                0x00000d2a       0x2d c:/arm_gcc/bin/../lib/gcc/arm-none-eabi/9.2.1/../../../../arm-none-eabi/lib/thumb/v7-m/nofp\libm.a(lib_a-sf_fabs.o)
 .ARM.attributes
                0x00000d57       0x2d c:/arm_gcc/bin/../lib/gcc/arm-none-eabi/9.2.1/../../../../arm-none-eabi/lib/thumb/v7-m/nofp\libnosys.a(sbrk.o)
 .ARM.attributes
                0x00000d84       0x1d c:/arm_gcc/bin/../lib/gcc/arm-none-eabi/9.2.1/thumb/v7-m/nofp\libgcc.a(_arm_addsubdf3.o)
 .ARM.attributes
                0x00000da1       0x1d c:/arm_gcc/bin/../lib/gcc/arm-none-eabi/9.2.1/thumb/v7-m/nofp\libgcc.a(_arm_muldivdf3.o)
 .ARM.attributes
                0x00000dbe       0x1d c:/arm_gcc/bin/../lib/gcc/arm-none-eabi/9.2.1/thumb/v7-m/nofp\libgcc.a(_arm_cmpdf2.o)
 .ARM.attributes
                0x00000ddb       0x1d c:/arm_gcc/bin/../lib/gcc/arm-none-eabi/9.2.1/thumb/v7-m/nofp\libgcc.a(_arm_fixunsdfsi.o)
 .ARM.attributes
                0x00000df8       0x1d c:/arm_gcc/bin/../lib/gcc/arm-none-eabi/9.2.1/thumb/v7-m/nofp\libgcc.a(_arm_truncdfsf2.o)
 .ARM.attributes
                0x00000e15       0x1d c:/arm_gcc/bin/../lib/gcc/arm-none-eabi/9.2.1/thumb/v7-m/nofp\libgcc.a(_arm_addsubsf3.o)
 .ARM.attributes
                0x00000e32       0x1d c:/arm_gcc/bin/../lib/gcc/arm-none-eabi/9.2.1/thumb/v7-m/nofp\libgcc.a(_arm_muldivsf3.o)
 .ARM.attributes
                0x00000e4f       0x1d c:/arm_gcc/bin/../lib/gcc/arm-none-eabi/9.2.1/thumb/v7-m/nofp\libgcc.a(_arm_cmpsf2.o)
 .ARM.attributes
                0x00000e6c       0x1d c:/arm_gcc/bin/../lib/gcc/arm-none-eabi/9.2.1/thumb/v7-m/nofp\libgcc.a(_arm_unordsf2.o)
 .ARM.attributes
                0x00000e89       0x1d c:/arm_gcc/bin/../lib/gcc/arm-none-eabi/9.2.1/thumb/v7-m/nofp\libgcc.a(_arm_fixsfsi.o)
 .ARM.attributes
                0x00000ea6       0x2d c:/arm_gcc/bin/../lib/gcc/arm-none-eabi/9.2.1/thumb/v7-m/nofp\libgcc.a(_fixdfdi.o)
 .ARM.attributes
                0x00000ed3       0x2d c:/arm_gcc/bin/../lib/gcc/arm-none-eabi/9.2.1/thumb/v7-m/nofp\libgcc.a(_fixunsdfdi.o)
 .ARM.attributes
                0x00000f00       0x2d c:/arm_gcc/bin/../lib/gcc/arm-none-eabi/9.2.1/../../../../arm-none-eabi/lib/thumb/v7-m/nofp\libc_nano.a(lib_a-errno.o)
 .ARM.attributes
                0x00000f2d       0x1d c:/arm_gcc/bin/../lib/gcc/arm-none-eabi/9.2.1/thumb/v7-m/nofp/crtn.o
OUTPUT(build/Rotor_Code.elf elf32-littlearm)

.debug_info     0x00000000    0x23d5b
 .debug_info    0x00000000     0x146f build/command.o
 .debug_info    0x0000146f     0x1f01 build/nrf24l01.o
 .debug_info    0x00003370     0x16e7 build/cmd_fun.o
 .debug_info    0x00004a57      0x17b build/pid.o
 .debug_info    0x00004bd2     0x14ea build/uart_ext.o
 .debug_info    0x000060bc      0xb85 build/easy_angle.o
 .debug_info    0x00006c41     0x15e9 build/i2c_ext.o
 .debug_info    0x0000822a      0xe68 build/icm20600.o
 .debug_info    0x00009092     0x2321 build/control.o
 .debug_info    0x0000b3b3     0x243c build/main.o
 .debug_info    0x0000d7ef      0x44f build/gpio.o
 .debug_info    0x0000dc3e      0xa0b build/adc.o
 .debug_info    0x0000e649      0x431 build/dma.o
 .debug_info    0x0000ea7a      0xabe build/i2c.o
 .debug_info    0x0000f538      0xa02 build/spi.o
 .debug_info    0x0000ff3a     0x109c build/tim.o
 .debug_info    0x00010fd6      0xba9 build/usart.o
 .debug_info    0x00011b7f      0x85e build/stm32f1xx_it.o
 .debug_info    0x000123dd      0x324 build/stm32f1xx_hal_msp.o
 .debug_info    0x00012701     0x10eb build/stm32f1xx_hal_adc.o
 .debug_info    0x000137ec     0x3bbc build/stm32f1xx_hal_i2c.o
 .debug_info    0x000173a8     0x1f43 build/stm32f1xx_hal_spi.o
 .debug_info    0x000192eb     0x3948 build/stm32f1xx_hal_tim.o
 .debug_info    0x0001cc33     0x1813 build/stm32f1xx_hal_tim_ex.o
 .debug_info    0x0001e446     0x1a9a build/stm32f1xx_hal_uart.o
 .debug_info    0x0001fee0      0x8c6 build/stm32f1xx_hal.o
 .debug_info    0x000207a6      0xb59 build/stm32f1xx_hal_rcc.o
 .debug_info    0x000212ff      0x533 build/stm32f1xx_hal_rcc_ex.o
 .debug_info    0x00021832      0x7a8 build/stm32f1xx_hal_gpio.o
 .debug_info    0x00021fda      0x9a7 build/stm32f1xx_hal_dma.o
 .debug_info    0x00022981      0xee9 build/stm32f1xx_hal_cortex.o
 .debug_info    0x0002386a      0x4cf build/system_stm32f1xx.o
 .debug_info    0x00023d39       0x22 build/startup_stm32f103xb.o

.debug_abbrev   0x00000000     0x4eec
 .debug_abbrev  0x00000000      0x317 build/command.o
 .debug_abbrev  0x00000317      0x3d5 build/nrf24l01.o
 .debug_abbrev  0x000006ec      0x2fd build/cmd_fun.o
 .debug_abbrev  0x000009e9      0x103 build/pid.o
 .debug_abbrev  0x00000aec      0x324 build/uart_ext.o
 .debug_abbrev  0x00000e10      0x24f build/easy_angle.o
 .debug_abbrev  0x0000105f      0x332 build/i2c_ext.o
 .debug_abbrev  0x00001391      0x303 build/icm20600.o
 .debug_abbrev  0x00001694      0x3c2 build/control.o
 .debug_abbrev  0x00001a56      0x2b6 build/main.o
 .debug_abbrev  0x00001d0c      0x17e build/gpio.o
 .debug_abbrev  0x00001e8a      0x1f1 build/adc.o
 .debug_abbrev  0x0000207b      0x156 build/dma.o
 .debug_abbrev  0x000021d1      0x205 build/i2c.o
 .debug_abbrev  0x000023d6      0x1f1 build/spi.o
 .debug_abbrev  0x000025c7      0x2d5 build/tim.o
 .debug_abbrev  0x0000289c      0x20d build/usart.o
 .debug_abbrev  0x00002aa9      0x1d9 build/stm32f1xx_it.o
 .debug_abbrev  0x00002c82      0x130 build/stm32f1xx_hal_msp.o
 .debug_abbrev  0x00002db2      0x265 build/stm32f1xx_hal_adc.o
 .debug_abbrev  0x00003017      0x332 build/stm32f1xx_hal_i2c.o
 .debug_abbrev  0x00003349      0x2be build/stm32f1xx_hal_spi.o
 .debug_abbrev  0x00003607      0x2c3 build/stm32f1xx_hal_tim.o
 .debug_abbrev  0x000038ca      0x2ab build/stm32f1xx_hal_tim_ex.o
 .debug_abbrev  0x00003b75      0x2ea build/stm32f1xx_hal_uart.o
 .debug_abbrev  0x00003e5f      0x22f build/stm32f1xx_hal.o
 .debug_abbrev  0x0000408e      0x2ad build/stm32f1xx_hal_rcc.o
 .debug_abbrev  0x0000433b      0x1fb build/stm32f1xx_hal_rcc_ex.o
 .debug_abbrev  0x00004536      0x24f build/stm32f1xx_hal_gpio.o
 .debug_abbrev  0x00004785      0x283 build/stm32f1xx_hal_dma.o
 .debug_abbrev  0x00004a08      0x37f build/stm32f1xx_hal_cortex.o
 .debug_abbrev  0x00004d87      0x153 build/system_stm32f1xx.o
 .debug_abbrev  0x00004eda       0x12 build/startup_stm32f103xb.o

.debug_loc      0x00000000    0x14c9a
 .debug_loc     0x00000000      0x596 build/command.o
 .debug_loc     0x00000596      0x89a build/nrf24l01.o
 .debug_loc     0x00000e30      0x80c build/cmd_fun.o
 .debug_loc     0x0000163c      0x12a build/pid.o
 .debug_loc     0x00001766      0x417 build/uart_ext.o
 .debug_loc     0x00001b7d      0x190 build/easy_angle.o
 .debug_loc     0x00001d0d      0x384 build/i2c_ext.o
 .debug_loc     0x00002091      0x49e build/icm20600.o
 .debug_loc     0x0000252f      0x615 build/control.o
 .debug_loc     0x00002b44       0x65 build/main.o
 .debug_loc     0x00002ba9       0x38 build/gpio.o
 .debug_loc     0x00002be1      0x12c build/adc.o
 .debug_loc     0x00002d0d       0x38 build/dma.o
 .debug_loc     0x00002d45      0x14b build/i2c.o
 .debug_loc     0x00002e90      0x108 build/spi.o
 .debug_loc     0x00002f98      0x384 build/tim.o
 .debug_loc     0x0000331c       0xf5 build/usart.o
 .debug_loc     0x00003411       0x80 build/stm32f1xx_it.o
 .debug_loc     0x00003491       0x41 build/stm32f1xx_hal_msp.o
 .debug_loc     0x000034d2      0xdf1 build/stm32f1xx_hal_adc.o
 .debug_loc     0x000042c3     0x492c build/stm32f1xx_hal_i2c.o
 .debug_loc     0x00008bef     0x2388 build/stm32f1xx_hal_spi.o
 .debug_loc     0x0000af77     0x4619 build/stm32f1xx_hal_tim.o
 .debug_loc     0x0000f590     0x15ad build/stm32f1xx_hal_tim_ex.o
 .debug_loc     0x00010b3d     0x1d1b build/stm32f1xx_hal_uart.o
 .debug_loc     0x00012858      0x1bb build/stm32f1xx_hal.o
 .debug_loc     0x00012a13      0x7c0 build/stm32f1xx_hal_rcc.o
 .debug_loc     0x000131d3      0x40a build/stm32f1xx_hal_rcc_ex.o
 .debug_loc     0x000135dd      0x50e build/stm32f1xx_hal_gpio.o
 .debug_loc     0x00013aeb      0x901 build/stm32f1xx_hal_dma.o
 .debug_loc     0x000143ec      0x7af build/stm32f1xx_hal_cortex.o
 .debug_loc     0x00014b9b       0xff build/system_stm32f1xx.o

.debug_aranges  0x00000000     0x1460
 .debug_aranges
                0x00000000       0x40 build/command.o
 .debug_aranges
                0x00000040       0xa8 build/nrf24l01.o
 .debug_aranges
                0x000000e8       0x48 build/cmd_fun.o
 .debug_aranges
                0x00000130       0x28 build/pid.o
 .debug_aranges
                0x00000158       0x58 build/uart_ext.o
 .debug_aranges
                0x000001b0       0x20 build/easy_angle.o
 .debug_aranges
                0x000001d0       0x40 build/i2c_ext.o
 .debug_aranges
                0x00000210       0x50 build/icm20600.o
 .debug_aranges
                0x00000260       0x70 build/control.o
 .debug_aranges
                0x000002d0       0x30 build/main.o
 .debug_aranges
                0x00000300       0x20 build/gpio.o
 .debug_aranges
                0x00000320       0x30 build/adc.o
 .debug_aranges
                0x00000350       0x20 build/dma.o
 .debug_aranges
                0x00000370       0x30 build/i2c.o
 .debug_aranges
                0x000003a0       0x30 build/spi.o
 .debug_aranges
                0x000003d0       0x58 build/tim.o
 .debug_aranges
                0x00000428       0x30 build/usart.o
 .debug_aranges
                0x00000458       0x78 build/stm32f1xx_it.o
 .debug_aranges
                0x000004d0       0x20 build/stm32f1xx_hal_msp.o
 .debug_aranges
                0x000004f0       0xf0 build/stm32f1xx_hal_adc.o
 .debug_aranges
                0x000005e0      0x290 build/stm32f1xx_hal_i2c.o
 .debug_aranges
                0x00000870      0x1d0 build/stm32f1xx_hal_spi.o
 .debug_aranges
                0x00000a40      0x3a8 build/stm32f1xx_hal_tim.o
 .debug_aranges
                0x00000de8      0x150 build/stm32f1xx_hal_tim_ex.o
 .debug_aranges
                0x00000f38      0x1d0 build/stm32f1xx_hal_uart.o
 .debug_aranges
                0x00001108       0xe0 build/stm32f1xx_hal.o
 .debug_aranges
                0x000011e8       0x90 build/stm32f1xx_hal_rcc.o
 .debug_aranges
                0x00001278       0x30 build/stm32f1xx_hal_rcc_ex.o
 .debug_aranges
                0x000012a8       0x58 build/stm32f1xx_hal_gpio.o
 .debug_aranges
                0x00001300       0x80 build/stm32f1xx_hal_dma.o
 .debug_aranges
                0x00001380       0x90 build/stm32f1xx_hal_cortex.o
 .debug_aranges
                0x00001410       0x28 build/system_stm32f1xx.o
 .debug_aranges
                0x00001438       0x28 build/startup_stm32f103xb.o

.debug_ranges   0x00000000     0x1338
 .debug_ranges  0x00000000       0x30 build/command.o
 .debug_ranges  0x00000030       0xb0 build/nrf24l01.o
 .debug_ranges  0x000000e0       0x50 build/cmd_fun.o
 .debug_ranges  0x00000130       0x18 build/pid.o
 .debug_ranges  0x00000148       0x48 build/uart_ext.o
 .debug_ranges  0x00000190       0x10 build/easy_angle.o
 .debug_ranges  0x000001a0       0x30 build/i2c_ext.o
 .debug_ranges  0x000001d0       0x40 build/icm20600.o
 .debug_ranges  0x00000210       0x60 build/control.o
 .debug_ranges  0x00000270       0x20 build/main.o
 .debug_ranges  0x00000290       0x10 build/gpio.o
 .debug_ranges  0x000002a0       0x20 build/adc.o
 .debug_ranges  0x000002c0       0x10 build/dma.o
 .debug_ranges  0x000002d0       0x20 build/i2c.o
 .debug_ranges  0x000002f0       0x20 build/spi.o
 .debug_ranges  0x00000310       0x48 build/tim.o
 .debug_ranges  0x00000358       0x20 build/usart.o
 .debug_ranges  0x00000378       0x68 build/stm32f1xx_it.o
 .debug_ranges  0x000003e0       0x10 build/stm32f1xx_hal_msp.o
 .debug_ranges  0x000003f0       0xe0 build/stm32f1xx_hal_adc.o
 .debug_ranges  0x000004d0      0x298 build/stm32f1xx_hal_i2c.o
 .debug_ranges  0x00000768      0x1c0 build/stm32f1xx_hal_spi.o
 .debug_ranges  0x00000928      0x398 build/stm32f1xx_hal_tim.o
 .debug_ranges  0x00000cc0      0x140 build/stm32f1xx_hal_tim_ex.o
 .debug_ranges  0x00000e00      0x1c0 build/stm32f1xx_hal_uart.o
 .debug_ranges  0x00000fc0       0xd0 build/stm32f1xx_hal.o
 .debug_ranges  0x00001090       0xa0 build/stm32f1xx_hal_rcc.o
 .debug_ranges  0x00001130       0x38 build/stm32f1xx_hal_rcc_ex.o
 .debug_ranges  0x00001168       0x48 build/stm32f1xx_hal_gpio.o
 .debug_ranges  0x000011b0       0x70 build/stm32f1xx_hal_dma.o
 .debug_ranges  0x00001220       0xe0 build/stm32f1xx_hal_cortex.o
 .debug_ranges  0x00001300       0x18 build/system_stm32f1xx.o
 .debug_ranges  0x00001318       0x20 build/startup_stm32f103xb.o

.debug_line     0x00000000    0x1598e
 .debug_line    0x00000000      0x608 build/command.o
 .debug_line    0x00000608      0x6f3 build/nrf24l01.o
 .debug_line    0x00000cfb      0x4eb build/cmd_fun.o
 .debug_line    0x000011e6       0xe6 build/pid.o
 .debug_line    0x000012cc      0x443 build/uart_ext.o
 .debug_line    0x0000170f      0x222 build/easy_angle.o
 .debug_line    0x00001931      0x3da build/i2c_ext.o
 .debug_line    0x00001d0b      0x5a2 build/icm20600.o
 .debug_line    0x000022ad      0x6c6 build/control.o
 .debug_line    0x00002973      0x44f build/main.o
 .debug_line    0x00002dc2      0x1e3 build/gpio.o
 .debug_line    0x00002fa5      0x2d5 build/adc.o
 .debug_line    0x0000327a      0x17d build/dma.o
 .debug_line    0x000033f7      0x2bc build/i2c.o
 .debug_line    0x000036b3      0x2e1 build/spi.o
 .debug_line    0x00003994      0x69c build/tim.o
 .debug_line    0x00004030      0x336 build/usart.o
 .debug_line    0x00004366      0x303 build/stm32f1xx_it.o
 .debug_line    0x00004669      0x17a build/stm32f1xx_hal_msp.o
 .debug_line    0x000047e3      0xe62 build/stm32f1xx_hal_adc.o
 .debug_line    0x00005645     0x4ef2 build/stm32f1xx_hal_i2c.o
 .debug_line    0x0000a537     0x2367 build/stm32f1xx_hal_spi.o
 .debug_line    0x0000c89e     0x3605 build/stm32f1xx_hal_tim.o
 .debug_line    0x0000fea3     0x1173 build/stm32f1xx_hal_tim_ex.o
 .debug_line    0x00011016     0x1b81 build/stm32f1xx_hal_uart.o
 .debug_line    0x00012b97      0x4be build/stm32f1xx_hal.o
 .debug_line    0x00013055      0xbdf build/stm32f1xx_hal_rcc.o
 .debug_line    0x00013c34      0x46c build/stm32f1xx_hal_rcc_ex.o
 .debug_line    0x000140a0      0x5c5 build/stm32f1xx_hal_gpio.o
 .debug_line    0x00014665      0xa37 build/stm32f1xx_hal_dma.o
 .debug_line    0x0001509c      0x618 build/stm32f1xx_hal_cortex.o
 .debug_line    0x000156b4      0x268 build/system_stm32f1xx.o
 .debug_line    0x0001591c       0x72 build/startup_stm32f103xb.o

.debug_str      0x00000000     0x5a5c
 .debug_str     0x00000000      0xa17 build/command.o
                                0xb0d (size before relaxing)
 .debug_str     0x00000a17      0x4c0 build/nrf24l01.o
                                0xd70 (size before relaxing)
 .debug_str     0x00000ed7      0x2a8 build/cmd_fun.o
                                0xb1f (size before relaxing)
 .debug_str     0x0000117f       0x53 build/pid.o
                                0x12d (size before relaxing)
 .debug_str     0x000011d2      0x1d1 build/uart_ext.o
                                0xbf2 (size before relaxing)
 .debug_str     0x000013a3       0xa6 build/easy_angle.o
                                0x609 (size before relaxing)
 .debug_str     0x00001449      0x410 build/i2c_ext.o
                                0xccc (size before relaxing)
 .debug_str     0x00001859      0x25c build/icm20600.o
                                0x958 (size before relaxing)
 .debug_str     0x00001ab5      0x303 build/control.o
                               0x132d (size before relaxing)
 .debug_str     0x00001db8      0x289 build/main.o
                               0x1671 (size before relaxing)
 .debug_str     0x00002041       0x45 build/gpio.o
                                0x33e (size before relaxing)
 .debug_str     0x00002086       0x9a build/adc.o
                                0x6e0 (size before relaxing)
 .debug_str     0x00002120      0x307 build/dma.o
                                0x5a1 (size before relaxing)
 .debug_str     0x00002427       0x71 build/i2c.o
                                0x825 (size before relaxing)
 .debug_str     0x00002498       0x43 build/spi.o
                                0x73a (size before relaxing)
 .debug_str     0x000024db      0x279 build/tim.o
                                0x9b9 (size before relaxing)
 .debug_str     0x00002754       0x6c build/usart.o
                                0xa5e (size before relaxing)
 .debug_str     0x000027c0      0x11a build/stm32f1xx_it.o
                                0x755 (size before relaxing)
 .debug_str     0x000028da       0x24 build/stm32f1xx_hal_msp.o
                                0x2e0 (size before relaxing)
 .debug_str     0x000028fe      0x324 build/stm32f1xx_hal_adc.o
                                0x977 (size before relaxing)
 .debug_str     0x00002c22      0x868 build/stm32f1xx_hal_i2c.o
                               0x1029 (size before relaxing)
 .debug_str     0x0000348a      0x4b7 build/stm32f1xx_hal_spi.o
                                0xbea (size before relaxing)
 .debug_str     0x00003941      0xd54 build/stm32f1xx_hal_tim.o
                               0x14f7 (size before relaxing)
 .debug_str     0x00004695      0x423 build/stm32f1xx_hal_tim_ex.o
                                0xd0f (size before relaxing)
 .debug_str     0x00004ab8      0x46e build/stm32f1xx_hal_uart.o
                                0xc3f (size before relaxing)